<html>
<body>
<pre>
<h1>礦ision Build Log</h1>
<h2>Tool Versions:</h2>
IDE-Version: μVision V5.22.0.0
Copyright (C) 2016 ARM Ltd and ARM Germany GmbH. All rights reserved.
License Information: 112 1123, 1143, LIC=TIVNB-2SKLW-742S0-BL18I-MN302-TXAL4
 
Tool Versions:
Toolchain:       MDK-ARM Plus  Version: 5.22
Toolchain Path:  E:\MDK5\ARM\ARMCC\Bin
C Compiler:      Armcc.exe V5.06 update 4 (build 422)
Assembler:       Armasm.exe V5.06 update 4 (build 422)
Linker/Locator:  ArmLink.exe V5.06 update 4 (build 422)
Library Manager: ArmAr.exe V5.06 update 4 (build 422)
Hex Converter:   FromElf.exe V5.06 update 4 (build 422)
CPU DLL:         SARMCM3.DLL V5.22
Dialog DLL:      DARMCM1.DLL V1.15.0.0
Target DLL:      Segger\JL2CM3.dll V2.99.23.0
Dialog DLL:      TARMCM1.DLL V1.11.0.0
 
<h2>Project:</h2>
F:\小项目\Si24r1遥控\code\Seekfree_MM32SPIN27PS_Opensource_Library\Project\MDK\MM32SPIN27PS.uvprojx
Project File Date:  04/13/2021

<h2>Output:</h2>
*** Using Compiler 'V5.06 update 4 (build 422)', folder: 'E:\MDK5\ARM\ARMCC\Bin'
Rebuild target 'MM32SPIN27PS_Demo'
compiling board.c...
compiling loop.c...
compiling main.c...
compiling key.c...
compiling si24r1.c...
compiling system.c...
compiling isr.c...
assembling startup_mm32spin2xx_p_keil.s...
compiling common.c...
compiling zf_camera.c...
compiling SEEKFREE_PRINTF.c...
compiling zf_adc.c...
compiling system_mm32spin2xx_p.c...
compiling zf_exti.c...
compiling zf_flash.c...
compiling zf_gpio.c...
compiling zf_pit.c...
compiling zf_systick.c...
compiling zf_pwm.c...
compiling zf_spi.c...
compiling zf_tim.c...
compiling zf_uart.c...
compiling SEEKFREE_18TFT.c...
compiling SEEKFREE_IIC.c...
compiling SEEKFREE_FONT.c...
compiling SEEKFREE_7725.c...
compiling SEEKFREE_ICM20602.c...
compiling SEEKFREE_IPS114_SPI.c...
compiling SEEKFREE_ABSOLUTE_ENCODER.c...
compiling SEEKFREE_L3G4200D.c...
compiling SEEKFREE_MMA8451.c...
compiling SEEKFREE_MPU6050.c...
compiling SEEKFREE_OLED.c...
compiling SEEKFREE_TSL1401.c...
compiling SEEKFREE_MT9V03X.c...
compiling SEEKFREE_VIRSCO.c...
compiling SEEKFREE_UART_7725.c...
compiling hal_adc.c...
compiling SEEKFREE_WIRELESS.c...
compiling hal_comp.c...
compiling hal_bkp.c...
compiling hal_crc.c...
compiling hal_dbg.c...
compiling hal_div.c...
compiling hal_exti.c...
compiling hal_dma.c...
compiling hal_gpio.c...
compiling hal_flash.c...
compiling hal_i2c.c...
compiling hal_iwdg.c...
compiling hal_misc.c...
compiling hal_opamp.c...
compiling hal_pwr.c...
compiling hal_sqrt.c...
compiling hal_rcc.c...
compiling hal_spi.c...
compiling hal_uart.c...
compiling hal_tim.c...
compiling hal_uid.c...
compiling hal_ver.c...
compiling hal_wwdg.c...
linking...
Program Size: Code=9496 RO-data=7272 RW-data=304 ZI-data=1088  
".\Objects\MM32SPIN2PS.axf" - 0 Error(s), 0 Warning(s).

<h2>Collection of Component include folders:</h2>
  F:\小项目\Si24r1遥控\code\Seekfree_MM32SPIN27PS_Opensource_Library\Project\MDK\RTE\_MM32SPIN27PS_Demo

<h2>Collection of Component Files used:</h2>
Build Time Elapsed:  00:00:10
</pre>
</body>
</html>
