Component: ARM Compiler 5.06 update 4 (build 422) Tool: armlink [4d35d2]

==============================================================================

Section Cross References

    isr.o(i.DMA1_Channel1_IRQHandler) refers to hal_dma.o(i.DMA_GetFlagStatus) for DMA_GetFlagStatus
    isr.o(i.DMA1_Channel1_IRQHandler) refers to hal_dma.o(i.DMA_ClearFlag) for DMA_ClearFlag
    isr.o(i.DMA1_Channel2_3_IRQHandler) refers to hal_dma.o(i.DMA_GetFlagStatus) for DMA_GetFlagStatus
    isr.o(i.DMA1_Channel2_3_IRQHandler) refers to hal_dma.o(i.DMA_ClearFlag) for DMA_ClearFlag
    isr.o(i.DMA1_Channel4_5_IRQHandler) refers to hal_dma.o(i.DMA_GetFlagStatus) for DMA_GetFlagStatus
    isr.o(i.DMA1_Channel4_5_IRQHandler) refers to hal_dma.o(i.DMA_ClearFlag) for DMA_ClearFlag
    isr.o(i.DMA1_Channel4_5_IRQHandler) refers to seekfree_7725.o(i.ov7725_dma) for ov7725_dma
    isr.o(i.DMA1_Channel4_5_IRQHandler) refers to seekfree_uart_7725.o(i.ov7725_uart_dma) for ov7725_uart_dma
    isr.o(i.DMA1_Channel4_5_IRQHandler) refers to seekfree_mt9v03x.o(i.mt9v03x_dma) for mt9v03x_dma
    isr.o(i.DMA1_Channel4_5_IRQHandler) refers to common.o(.data) for camera_type
    isr.o(i.EXTI0_1_IRQHandler) refers to hal_exti.o(i.EXTI_GetITStatus) for EXTI_GetITStatus
    isr.o(i.EXTI0_1_IRQHandler) refers to hal_exti.o(i.EXTI_ClearFlag) for EXTI_ClearFlag
    isr.o(i.EXTI2_3_IRQHandler) refers to hal_exti.o(i.EXTI_GetITStatus) for EXTI_GetITStatus
    isr.o(i.EXTI2_3_IRQHandler) refers to hal_exti.o(i.EXTI_ClearFlag) for EXTI_ClearFlag
    isr.o(i.EXTI4_15_IRQHandler) refers to hal_exti.o(i.EXTI_GetITStatus) for EXTI_GetITStatus
    isr.o(i.EXTI4_15_IRQHandler) refers to hal_exti.o(i.EXTI_ClearFlag) for EXTI_ClearFlag
    isr.o(i.EXTI4_15_IRQHandler) refers to seekfree_7725.o(i.ov7725_vsync) for ov7725_vsync
    isr.o(i.EXTI4_15_IRQHandler) refers to seekfree_uart_7725.o(i.ov7725_uart_vsync) for ov7725_uart_vsync
    isr.o(i.EXTI4_15_IRQHandler) refers to seekfree_mt9v03x.o(i.mt9v03x_vsync) for mt9v03x_vsync
    isr.o(i.EXTI4_15_IRQHandler) refers to common.o(.data) for camera_type
    isr.o(i.TIM14_IRQHandler) refers to uidiv.o(.text) for __aeabi_uidivmod
    isr.o(i.TIM14_IRQHandler) refers to isr.o(.data) for SysTickTime
    isr.o(i.UART2_IRQHandler) refers to seekfree_uart_7725.o(i.ov7725_cof_uart_interrupt) for ov7725_cof_uart_interrupt
    isr.o(i.UART2_IRQHandler) refers to seekfree_mt9v03x.o(i.mt9v03x_uart_callback) for mt9v03x_uart_callback
    isr.o(i.UART2_IRQHandler) refers to common.o(.data) for camera_type
    main.o(i.main) refers to board.o(i.board_init) for board_init
    main.o(i.main) refers to system.o(i.system_init) for system_init
    main.o(i.main) refers to loop.o(i.Loop_Run) for Loop_Run
    si24r1.o(i.NRF_Check) refers to si24r1.o(i.NRF_SPI_W_Reg_Byte) for NRF_SPI_W_Reg_Byte
    si24r1.o(i.NRF_Check) refers to si24r1.o(i.NRF_SPI_R_Reg_Byte) for NRF_SPI_R_Reg_Byte
    si24r1.o(i.NRF_Dev_Init) refers to zf_systick.o(i.systick_delay_ms) for systick_delay_ms
    si24r1.o(i.NRF_Dev_Init) refers to zf_spi.o(i.spi_init) for spi_init
    si24r1.o(i.NRF_Dev_Init) refers to zf_gpio.o(i.gpio_init) for gpio_init
    si24r1.o(i.NRF_Dev_Init) refers to zf_gpio.o(i.gpio_set) for gpio_set
    si24r1.o(i.NRF_Dev_Init) refers to si24r1.o(i.NRF_Check) for NRF_Check
    si24r1.o(i.NRF_Dev_Init) refers to si24r1.o(i.NRF_SPI_W_Reg_Byte) for NRF_SPI_W_Reg_Byte
    si24r1.o(i.NRF_Dev_Init) refers to si24r1.o(i.NRF_SPI_W_Reg_Burst) for NRF_SPI_W_Reg_Burst
    si24r1.o(i.NRF_Dev_Init) refers to si24r1.o(i.NRF_SPI_W_Cmd_Byte) for NRF_SPI_W_Cmd_Byte
    si24r1.o(i.NRF_Dev_Init) refers to system_mm32spin2xx_p.o(.data) for SystemCoreClock
    si24r1.o(i.NRF_Dev_Init) refers to si24r1.o(.data) for NRF_RF_Addr
    si24r1.o(i.NRF_Rece_Packet) refers to zf_gpio.o(i.gpio_get) for gpio_get
    si24r1.o(i.NRF_Rece_Packet) refers to si24r1.o(i.NRF_SPI_R_Reg_Byte) for NRF_SPI_R_Reg_Byte
    si24r1.o(i.NRF_Rece_Packet) refers to si24r1.o(i.NRF_SPI_W_Reg_Byte) for NRF_SPI_W_Reg_Byte
    si24r1.o(i.NRF_Rece_Packet) refers to si24r1.o(i.NRF_SPI_R_Reg_Burst) for NRF_SPI_R_Reg_Burst
    si24r1.o(i.NRF_SPI_R_Reg_Burst) refers to zf_gpio.o(i.gpio_set) for gpio_set
    si24r1.o(i.NRF_SPI_R_Reg_Burst) refers to si24r1.o(i.NRF_SPI_WR_Byte) for NRF_SPI_WR_Byte
    si24r1.o(i.NRF_SPI_R_Reg_Byte) refers to zf_gpio.o(i.gpio_set) for gpio_set
    si24r1.o(i.NRF_SPI_R_Reg_Byte) refers to si24r1.o(i.NRF_SPI_WR_Byte) for NRF_SPI_WR_Byte
    si24r1.o(i.NRF_SPI_WR_Byte) refers to zf_spi.o(i.spi_mosi) for spi_mosi
    si24r1.o(i.NRF_SPI_W_Cmd_Byte) refers to zf_gpio.o(i.gpio_set) for gpio_set
    si24r1.o(i.NRF_SPI_W_Cmd_Byte) refers to si24r1.o(i.NRF_SPI_WR_Byte) for NRF_SPI_WR_Byte
    si24r1.o(i.NRF_SPI_W_Reg_Burst) refers to zf_gpio.o(i.gpio_set) for gpio_set
    si24r1.o(i.NRF_SPI_W_Reg_Burst) refers to si24r1.o(i.NRF_SPI_WR_Byte) for NRF_SPI_WR_Byte
    si24r1.o(i.NRF_SPI_W_Reg_Byte) refers to zf_gpio.o(i.gpio_set) for gpio_set
[...]
    Removing hal_flash.o(i.FLASH_ClearFlag), (12 bytes).
    Removing hal_flash.o(i.FLASH_EnableWriteProtection), (56 bytes).
    Removing hal_flash.o(i.FLASH_EraseAllPages), (40 bytes).
    Removing hal_flash.o(i.FLASH_EraseOptionBytes), (44 bytes).
    Removing hal_flash.o(i.FLASH_ErasePage), (48 bytes).
    Removing hal_flash.o(i.FLASH_EraseProtect), (44 bytes).
    Removing hal_flash.o(i.FLASH_GetFlagStatus), (36 bytes).
    Removing hal_flash.o(i.FLASH_GetPrefetchBufferStatus), (16 bytes).
    Removing hal_flash.o(i.FLASH_GetStatus), (56 bytes).
    Removing hal_flash.o(i.FLASH_GetUserOptionByte), (12 bytes).
    Removing hal_flash.o(i.FLASH_GetWriteProtectionOptionByte), (12 bytes).
    Removing hal_flash.o(i.FLASH_HalfCycleAccessCmd), (28 bytes).
    Removing hal_flash.o(i.FLASH_ITConfig), (32 bytes).
    Removing hal_flash.o(i.FLASH_Lock), (20 bytes).
    Removing hal_flash.o(i.FLASH_OPTB_Enable), (24 bytes).
    Removing hal_flash.o(i.FLASH_PrefetchBufferCmd), (28 bytes).
    Removing hal_flash.o(i.FLASH_ProgramHalfWord), (32 bytes).
    Removing hal_flash.o(i.FLASH_ProgramOptionByteData), (72 bytes).
    Removing hal_flash.o(i.FLASH_ProgramOptionHalfWord), (40 bytes).
    Removing hal_flash.o(i.FLASH_ProgramProtect), (16 bytes).
    Removing hal_flash.o(i.FLASH_ProgramWord), (34 bytes).
    Removing hal_flash.o(i.FLASH_SetLatency), (20 bytes).
    Removing hal_flash.o(i.FLASH_Unlock), (24 bytes).
    Removing hal_flash.o(i.FLASH_UserOptionByteConfig), (72 bytes).
    Removing hal_flash.o(i.FLASH_WaitForLastOperation), (60 bytes).
    Removing hal_flash.o(i.exFLASH_EraseEE), (20 bytes).
    Removing hal_flash.o(i.exFLASH_FindEmpty), (44 bytes).
    Removing hal_flash.o(i.exFLASH_Locate), (70 bytes).
    Removing hal_flash.o(i.exFLASH_ProgramEE), (48 bytes).
    Removing hal_flash.o(i.exFLASH_ReadEE), (36 bytes).
    Removing hal_flash.o(i.exFLASH_WriteEE), (132 bytes).
    Removing hal_gpio.o(.rev16_text), (4 bytes).
    Removing hal_gpio.o(.revsh_text), (4 bytes).
    Removing hal_gpio.o(i.GPIO_AFIODeInit), (52 bytes).
    Removing hal_gpio.o(i.GPIO_DeInit), (86 bytes).
    Removing hal_gpio.o(i.GPIO_Init), (154 bytes).
    Removing hal_gpio.o(i.GPIO_PinAFConfig), (40 bytes).
    Removing hal_gpio.o(i.GPIO_PinLock), (20 bytes).
    Removing hal_gpio.o(i.GPIO_PinLockConfig), (24 bytes).
    Removing hal_gpio.o(i.GPIO_ReadInputData), (8 bytes).
    Removing hal_gpio.o(i.GPIO_ReadInputDataBit), (18 bytes).
    Removing hal_gpio.o(i.GPIO_ReadOutputData), (8 bytes).
    Removing hal_gpio.o(i.GPIO_ReadOutputDataBit), (18 bytes).
    Removing hal_gpio.o(i.GPIO_ResetBits), (4 bytes).
    Removing hal_gpio.o(i.GPIO_SetBits), (4 bytes).
    Removing hal_gpio.o(i.GPIO_StructInit), (16 bytes).
    Removing hal_gpio.o(i.GPIO_Write), (4 bytes).
    Removing hal_gpio.o(i.GPIO_WriteBit), (12 bytes).
    Removing hal_gpio.o(i.exGPIO_PinAFConfig), (74 bytes).
    Removing hal_i2c.o(.rev16_text), (4 bytes).
    Removing hal_i2c.o(.revsh_text), (4 bytes).
    Removing hal_i2c.o(i.I2C_CheckEvent), (44 bytes).
    Removing hal_i2c.o(i.I2C_ClearFlag), (146 bytes).
    Removing hal_i2c.o(i.I2C_ClearITPendingBit), (146 bytes).
    Removing hal_i2c.o(i.I2C_Cmd), (32 bytes).
    Removing hal_i2c.o(i.I2C_DMACmd), (60 bytes).
    Removing hal_i2c.o(i.I2C_DMAConfigure), (10 bytes).
    Removing hal_i2c.o(i.I2C_DeInit), (32 bytes).
    Removing hal_i2c.o(i.I2C_DualAddressCmd), (32 bytes).
    Removing hal_i2c.o(i.I2C_GeneralCallCmd), (28 bytes).
    Removing hal_i2c.o(i.I2C_GenerateSTART), (24 bytes).
    Removing hal_i2c.o(i.I2C_GenerateSTOP), (56 bytes).
    Removing hal_i2c.o(i.I2C_GetFlagStatus), (72 bytes).
    Removing hal_i2c.o(i.I2C_GetITStatus), (18 bytes).
    Removing hal_i2c.o(i.I2C_GetLastEvent), (16 bytes).
    Removing hal_i2c.o(i.I2C_ITConfig), (36 bytes).
    Removing hal_i2c.o(i.I2C_Init), (208 bytes).
    Removing hal_i2c.o(i.I2C_OwnAddress2Config), (14 bytes).
    Removing hal_i2c.o(i.I2C_ReadCmd), (8 bytes).
    Removing hal_i2c.o(i.I2C_ReadRegister), (6 bytes).
    Removing hal_i2c.o(i.I2C_ReceiveData), (20 bytes).
    Removing hal_i2c.o(i.I2C_Send7bitAddress), (6 bytes).
    Removing hal_i2c.o(i.I2C_SendData), (4 bytes).
    Removing hal_i2c.o(i.I2C_SendSlaveAddress), (6 bytes).
    Removing hal_i2c.o(i.I2C_SlaveConfigure), (24 bytes).
    Removing hal_i2c.o(i.I2C_StructInit), (24 bytes).
    Removing hal_i2c.o(.data), (4 bytes).
    Removing hal_iwdg.o(.rev16_text), (4 bytes).
    Removing hal_iwdg.o(.revsh_text), (4 bytes).
    Removing hal_iwdg.o(i.IWDG_ClearIT), (20 bytes).
    Removing hal_iwdg.o(i.IWDG_ClearITPendingBit), (20 bytes).
    Removing hal_iwdg.o(i.IWDG_Enable), (16 bytes).
    Removing hal_iwdg.o(i.IWDG_EnableIT), (20 bytes).
    Removing hal_iwdg.o(i.IWDG_GetFlagStatus), (24 bytes).
    Removing hal_iwdg.o(i.IWDG_GetReload), (12 bytes).
    Removing hal_iwdg.o(i.IWDG_OverflowConfig), (28 bytes).
    Removing hal_iwdg.o(i.IWDG_ReloadCounter), (16 bytes).
    Removing hal_iwdg.o(i.IWDG_Reset), (20 bytes).
    Removing hal_iwdg.o(i.IWDG_SetPrescaler), (20 bytes).
    Removing hal_iwdg.o(i.IWDG_SetReload), (20 bytes).
    Removing hal_iwdg.o(i.IWDG_WriteAccessCmd), (12 bytes).
    Removing hal_iwdg.o(i.PVU_CheckStatus), (16 bytes).
    Removing hal_iwdg.o(i.RVU_CheckStatus), (16 bytes).
    Removing hal_misc.o(.rev16_text), (4 bytes).
    Removing hal_misc.o(.revsh_text), (4 bytes).
    Removing hal_misc.o(i.NVIC_SystemLPConfig), (32 bytes).
    Removing hal_misc.o(i.SysTick_CLKSourceConfig), (36 bytes).
    Removing hal_misc.o(i.exNVIC_Init), (104 bytes).
    Removing hal_opamp.o(.rev16_text), (4 bytes).
    Removing hal_opamp.o(.revsh_text), (4 bytes).
    Removing hal_opamp.o(i.OPAMP_Configure), (32 bytes).
    Removing hal_pwr.o(.rev16_text), (4 bytes).
    Removing hal_pwr.o(.revsh_text), (4 bytes).
    Removing hal_pwr.o(i.PWR_BackupAccessCmd), (40 bytes).
    Removing hal_pwr.o(i.PWR_ClearFlag), (20 bytes).
    Removing hal_pwr.o(i.PWR_DeInit), (12 bytes).
    Removing hal_pwr.o(i.PWR_EnterSTANDBYMode), (40 bytes).
    Removing hal_pwr.o(i.PWR_EnterSTOPMode), (44 bytes).
    Removing hal_pwr.o(i.PWR_GetFlagStatus), (16 bytes).
    Removing hal_pwr.o(i.PWR_PVDCmd), (36 bytes).
    Removing hal_pwr.o(i.PWR_PVDLevelConfig), (24 bytes).
    Removing hal_pwr.o(i.PWR_WakeUpPinCmd), (40 bytes).
    Removing hal_pwr.o(i.exPWR_EnterLowPowerMode), (52 bytes).
    Removing hal_rcc.o(.rev16_text), (4 bytes).
    Removing hal_rcc.o(.revsh_text), (4 bytes).
    Removing hal_rcc.o(i.RCC_ADCCLKConfig), (24 bytes).
    Removing hal_rcc.o(i.RCC_AHBPeriphClockCmd), (32 bytes).
    Removing hal_rcc.o(i.RCC_AHBPeriphResetCmd), (32 bytes).
    Removing hal_rcc.o(i.RCC_APB1PeriphClockCmd), (32 bytes).
    Removing hal_rcc.o(i.RCC_APB1PeriphResetCmd), (32 bytes).
    Removing hal_rcc.o(i.RCC_APB2PeriphClockCmd), (32 bytes).
    Removing hal_rcc.o(i.RCC_APB2PeriphResetCmd), (32 bytes).
    Removing hal_rcc.o(i.RCC_ClearFlag), (20 bytes).
    Removing hal_rcc.o(i.RCC_ClearITPendingBit), (20 bytes).
    Removing hal_rcc.o(i.RCC_ClockSecuritySystemCmd), (24 bytes).
    Removing hal_rcc.o(i.RCC_DeInit), (64 bytes).
    Removing hal_rcc.o(i.RCC_GetClocksFreq), (72 bytes).
    Removing hal_rcc.o(i.RCC_GetFlagStatus), (56 bytes).
    Removing hal_rcc.o(i.RCC_GetHCLKFreq), (32 bytes).
    Removing hal_rcc.o(i.RCC_GetITStatus), (16 bytes).
    Removing hal_rcc.o(i.RCC_GetPCLK1Freq), (36 bytes).
    Removing hal_rcc.o(i.RCC_GetPCLK2Freq), (36 bytes).
    Removing hal_rcc.o(i.RCC_GetSYSCLKSource), (16 bytes).
    Removing hal_rcc.o(i.RCC_GetSysClockFreq), (136 bytes).
    Removing hal_rcc.o(i.RCC_HCLKConfig), (20 bytes).
    Removing hal_rcc.o(i.RCC_HSEConfig), (88 bytes).
    Removing hal_rcc.o(i.RCC_HSICmd), (20 bytes).
    Removing hal_rcc.o(i.RCC_ITConfig), (36 bytes).
    Removing hal_rcc.o(i.RCC_LSICmd), (20 bytes).
    Removing hal_rcc.o(i.RCC_MCOConfig), (24 bytes).
    Removing hal_rcc.o(i.RCC_PCLK1Config), (24 bytes).
    Removing hal_rcc.o(i.RCC_PCLK2Config), (24 bytes).
    Removing hal_rcc.o(i.RCC_PLLCmd), (24 bytes).
    Removing hal_rcc.o(i.RCC_PLLConfig), (92 bytes).
    Removing hal_rcc.o(i.RCC_PLLDMDNConfig), (32 bytes).
    Removing hal_rcc.o(i.RCC_SYSCLKConfig), (20 bytes).
    Removing hal_rcc.o(i.RCC_WaitForFlagStartUp), (38 bytes).
    Removing hal_rcc.o(i.RCC_WaitForHSEStartUp), (46 bytes).
    Removing hal_rcc.o(i.__NVIC_SetPriority), (120 bytes).
    Removing hal_rcc.o(i.exRCC_APB1PeriphReset), (24 bytes).
    Removing hal_rcc.o(i.exRCC_APB2PeriphReset), (24 bytes).
    Removing hal_rcc.o(i.exRCC_BackupReset), (2 bytes).
    Removing hal_rcc.o(i.exRCC_SystickDisable), (20 bytes).
    Removing hal_rcc.o(i.exRCC_SystickEnable), (72 bytes).
    Removing hal_rcc.o(.data), (16 bytes).
    Removing hal_spi.o(.rev16_text), (4 bytes).
    Removing hal_spi.o(.revsh_text), (4 bytes).
    Removing hal_spi.o(i.SPI_BiDirectionalLineConfig), (64 bytes).
    Removing hal_spi.o(i.SPI_CSInternalSelected), (24 bytes).
    Removing hal_spi.o(i.SPI_ClearITPendingBit), (8 bytes).
    Removing hal_spi.o(i.SPI_Cmd), (24 bytes).
    Removing hal_spi.o(i.SPI_DMACmd), (28 bytes).
    Removing hal_spi.o(i.SPI_DataSizeConfig), (20 bytes).
    Removing hal_spi.o(i.SPI_DataSizeTypeConfig), (18 bytes).
    Removing hal_spi.o(i.SPI_DeInit), (72 bytes).
    Removing hal_spi.o(i.SPI_FifoTrigger), (20 bytes).
    Removing hal_spi.o(i.SPI_GetFlagStatus), (18 bytes).
    Removing hal_spi.o(i.SPI_GetITStatus), (18 bytes).
    Removing hal_spi.o(i.SPI_ITConfig), (38 bytes).
    Removing hal_spi.o(i.SPI_Init), (140 bytes).
    Removing hal_spi.o(i.SPI_NSSInternalSoftwareConfig), (28 bytes).
    Removing hal_spi.o(i.SPI_ReceiveData), (50 bytes).
    Removing hal_spi.o(i.SPI_RxBytes), (4 bytes).
    Removing hal_spi.o(i.SPI_SendData), (42 bytes).
    Removing hal_spi.o(i.SPI_SlaveAdjust), (24 bytes).
    Removing hal_spi.o(i.SPI_StructInit), (32 bytes).
    Removing hal_spi.o(i.exSPI_CSInternalSelected), (24 bytes).
    Removing hal_spi.o(i.exSPI_DMACmd), (28 bytes).
    Removing hal_spi.o(i.exSPI_DataEdgeAdjust), (58 bytes).
    Removing hal_spi.o(i.exSPI_ITCmd), (24 bytes).
    Removing hal_spi.o(i.exSPI_ITConfig), (20 bytes).
    Removing hal_sqrt.o(.rev16_text), (4 bytes).
    Removing hal_sqrt.o(.revsh_text), (4 bytes).
    Removing hal_sqrt.o(i.HWRoot_Get), (12 bytes).
    Removing hal_sqrt.o(i.HWRoot_Set), (12 bytes).
    Removing hal_tim.o(.rev16_text), (4 bytes).
    Removing hal_tim.o(.revsh_text), (4 bytes).
    Removing hal_tim.o(i.TI1_Configure), (32 bytes).
    Removing hal_tim.o(i.TI2_Configure), (38 bytes).
    Removing hal_tim.o(i.TI3_Configure), (38 bytes).
    Removing hal_tim.o(i.TI4_Configure), (42 bytes).
    Removing hal_tim.o(i.TIM_ARRPreloadConfig), (24 bytes).
    Removing hal_tim.o(i.TIM_BDTRConfig), (30 bytes).
    Removing hal_tim.o(i.TIM_BDTRStructInit), (18 bytes).
    Removing hal_tim.o(i.TIM_CCPreloadControl), (24 bytes).
    Removing hal_tim.o(i.TIM_CCxCmd), (20 bytes).
    Removing hal_tim.o(i.TIM_CCxNCmd), (24 bytes).
    Removing hal_tim.o(i.TIM_ClearFlag), (8 bytes).
    Removing hal_tim.o(i.TIM_ClearITPendingBit), (8 bytes).
    Removing hal_tim.o(i.TIM_ClearOC1Ref), (12 bytes).
    Removing hal_tim.o(i.TIM_ClearOC2Ref), (16 bytes).
    Removing hal_tim.o(i.TIM_ClearOC3Ref), (12 bytes).
    Removing hal_tim.o(i.TIM_ClearOC4Ref), (16 bytes).
    Removing hal_tim.o(i.TIM_Cmd), (24 bytes).
    Removing hal_tim.o(i.TIM_CounterModeConfig), (12 bytes).
    Removing hal_tim.o(i.TIM_CtrlPWMOutputs), (28 bytes).
    Removing hal_tim.o(i.TIM_DMACmd), (20 bytes).
    Removing hal_tim.o(i.TIM_DMAConfig), (8 bytes).
    Removing hal_tim.o(i.TIM_DeInit), (144 bytes).
    Removing hal_tim.o(i.TIM_ETRClockMode1Config), (34 bytes).
    Removing hal_tim.o(i.TIM_ETRClockMode2Config), (34 bytes).
    Removing hal_tim.o(i.TIM_ETRConfig), (50 bytes).
    Removing hal_tim.o(i.TIM_EncoderInterfaceConfig), (44 bytes).
    Removing hal_tim.o(i.TIM_ForcedOC1Config), (12 bytes).
    Removing hal_tim.o(i.TIM_ForcedOC2Config), (16 bytes).
    Removing hal_tim.o(i.TIM_ForcedOC3Config), (12 bytes).
    Removing hal_tim.o(i.TIM_ForcedOC4Config), (16 bytes).
    Removing hal_tim.o(i.TIM_GenerateEvent), (4 bytes).
    Removing hal_tim.o(i.TIM_GetCapture1), (6 bytes).
    Removing hal_tim.o(i.TIM_GetCapture2), (6 bytes).
    Removing hal_tim.o(i.TIM_GetCapture3), (6 bytes).
    Removing hal_tim.o(i.TIM_GetCapture4), (6 bytes).
    Removing hal_tim.o(i.TIM_GetCounter), (6 bytes).
    Removing hal_tim.o(i.TIM_GetFlagStatus), (18 bytes).
    Removing hal_tim.o(i.TIM_GetITStatus), (26 bytes).
    Removing hal_tim.o(i.TIM_GetPrescaler), (8 bytes).
    Removing hal_tim.o(i.TIM_ICInit), (120 bytes).
    Removing hal_tim.o(i.TIM_ICStructInit), (18 bytes).
    Removing hal_tim.o(i.TIM_ITConfig), (20 bytes).
    Removing hal_tim.o(i.TIM_ITRxExternalClockConfig), (24 bytes).
    Removing hal_tim.o(i.TIM_InternalClockConfig), (10 bytes).
    Removing hal_tim.o(i.TIM_OC1FastConfig), (12 bytes).
    Removing hal_tim.o(i.TIM_OC1Init), (108 bytes).
    Removing hal_tim.o(i.TIM_OC1NPolarityConfig), (12 bytes).
    Removing hal_tim.o(i.TIM_OC1PolarityConfig), (12 bytes).
    Removing hal_tim.o(i.TIM_OC1PreloadConfig), (12 bytes).
    Removing hal_tim.o(i.TIM_OC2FastConfig), (16 bytes).
    Removing hal_tim.o(i.TIM_OC2Init), (104 bytes).
    Removing hal_tim.o(i.TIM_OC2NPolarityConfig), (14 bytes).
    Removing hal_tim.o(i.TIM_OC2PolarityConfig), (14 bytes).
    Removing hal_tim.o(i.TIM_OC2PreloadConfig), (16 bytes).
    Removing hal_tim.o(i.TIM_OC3FastConfig), (12 bytes).
    Removing hal_tim.o(i.TIM_OC3Init), (104 bytes).
    Removing hal_tim.o(i.TIM_OC3NPolarityConfig), (16 bytes).
    Removing hal_tim.o(i.TIM_OC3PolarityConfig), (16 bytes).
    Removing hal_tim.o(i.TIM_OC3PreloadConfig), (12 bytes).
    Removing hal_tim.o(i.TIM_OC4FastConfig), (16 bytes).
    Removing hal_tim.o(i.TIM_OC4Init), (84 bytes).
    Removing hal_tim.o(i.TIM_OC4PolarityConfig), (16 bytes).
    Removing hal_tim.o(i.TIM_OC4PreloadConfig), (16 bytes).
    Removing hal_tim.o(i.TIM_OCStructInit), (20 bytes).
    Removing hal_tim.o(i.TIM_PWMIConfig), (128 bytes).
    Removing hal_tim.o(i.TIM_PrescalerConfig), (6 bytes).
    Removing hal_tim.o(i.TIM_SelectCCDMA), (24 bytes).
    Removing hal_tim.o(i.TIM_SelectCOM), (24 bytes).
    Removing hal_tim.o(i.TIM_SelectHallSensor), (24 bytes).
    Removing hal_tim.o(i.TIM_SelectInputTrigger), (12 bytes).
    Removing hal_tim.o(i.TIM_SelectMasterSlaveMode), (12 bytes).
    Removing hal_tim.o(i.TIM_SelectOCxM), (92 bytes).
    Removing hal_tim.o(i.TIM_SelectOnePulseMode), (12 bytes).
    Removing hal_tim.o(i.TIM_SelectOutputTrigger), (12 bytes).
    Removing hal_tim.o(i.TIM_SelectSlaveMode), (12 bytes).
    Removing hal_tim.o(i.TIM_SetAutoreload), (4 bytes).
    Removing hal_tim.o(i.TIM_SetClockDivision), (14 bytes).
    Removing hal_tim.o(i.TIM_SetCompare1), (18 bytes).
    Removing hal_tim.o(i.TIM_SetCompare2), (18 bytes).
    Removing hal_tim.o(i.TIM_SetCompare3), (18 bytes).
    Removing hal_tim.o(i.TIM_SetCompare4), (18 bytes).
    Removing hal_tim.o(i.TIM_SetCounter), (18 bytes).
    Removing hal_tim.o(i.TIM_SetIC1Prescaler), (12 bytes).
    Removing hal_tim.o(i.TIM_SetIC2Prescaler), (16 bytes).
    Removing hal_tim.o(i.TIM_SetIC3Prescaler), (12 bytes).
    Removing hal_tim.o(i.TIM_SetIC4Prescaler), (16 bytes).
    Removing hal_tim.o(i.TIM_TIxExternalClockConfig), (58 bytes).
    Removing hal_tim.o(i.TIM_TimeBaseInit), (92 bytes).
    Removing hal_tim.o(i.TIM_TimeBaseStructInit), (18 bytes).
    Removing hal_tim.o(i.TIM_UpdateDisableConfig), (24 bytes).
    Removing hal_tim.o(i.TIM_UpdateRequestConfig), (12 bytes).
    Removing hal_tim.o(i.exTIM_ClearOC5Ref), (12 bytes).
    Removing hal_tim.o(i.exTIM_DirectOutput), (28 bytes).
    Removing hal_tim.o(i.exTIM_GetCapture5), (6 bytes).
    Removing hal_tim.o(i.exTIM_OC5FastConfig), (12 bytes).
    Removing hal_tim.o(i.exTIM_OC5Init), (80 bytes).
    Removing hal_tim.o(i.exTIM_OC5PolarityConfig), (16 bytes).
    Removing hal_tim.o(i.exTIM_OC5PreloadConfig), (12 bytes).
    Removing hal_tim.o(i.exTIM_SetCompare5), (6 bytes).
    Removing hal_tim.o(i.exTIM_SetIC1Plority), (24 bytes).
    Removing hal_tim.o(i.exTIM_SetIC2Plority), (24 bytes).
    Removing hal_tim.o(i.exTIM_SetIC3Plority), (28 bytes).
    Removing hal_tim.o(i.exTIM_SetIC4Plority), (28 bytes).
    Removing hal_uart.o(.rev16_text), (4 bytes).
    Removing hal_uart.o(.revsh_text), (4 bytes).
    Removing hal_uart.o(i.UART_ClearITPendingBit), (4 bytes).
    Removing hal_uart.o(i.UART_Cmd), (12 bytes).
    Removing hal_uart.o(i.UART_DMACmd), (18 bytes).
    Removing hal_uart.o(i.UART_DeInit), (44 bytes).
    Removing hal_uart.o(i.UART_Enable9bit), (16 bytes).
    Removing hal_uart.o(i.UART_GetFlagStatus), (18 bytes).
    Removing hal_uart.o(i.UART_GetITStatus), (18 bytes).
    Removing hal_uart.o(i.UART_HalfDuplexCmd), (16 bytes).
    Removing hal_uart.o(i.UART_ITConfig), (20 bytes).
    Removing hal_uart.o(i.UART_Init), (120 bytes).
    Removing hal_uart.o(i.UART_ReceiveData), (8 bytes).
    Removing hal_uart.o(i.UART_ReceiverWakeUpCmd), (16 bytes).
    Removing hal_uart.o(i.UART_SendBreak), (10 bytes).
    Removing hal_uart.o(i.UART_SendData), (6 bytes).
    Removing hal_uart.o(i.UART_Set9bitAutomaticToggle), (16 bytes).
    Removing hal_uart.o(i.UART_Set9bitLevel), (16 bytes).
    Removing hal_uart.o(i.UART_Set9bitPolarity), (14 bytes).
    Removing hal_uart.o(i.UART_SetGuardTime), (16 bytes).
    Removing hal_uart.o(i.UART_SetRXAddress), (12 bytes).
    Removing hal_uart.o(i.UART_SetRXMASK), (12 bytes).
    Removing hal_uart.o(i.UART_SmartCardCmd), (12 bytes).
    Removing hal_uart.o(i.UART_SmartCardNACKCmd), (14 bytes).
    Removing hal_uart.o(i.UART_StructInit), (26 bytes).
    Removing hal_uart.o(i.UART_WakeUpConfig), (14 bytes).
    Removing hal_uid.o(.rev16_text), (4 bytes).
    Removing hal_uid.o(.revsh_text), (4 bytes).
    Removing hal_uid.o(i.GetChipUID), (32 bytes).
    Removing hal_uid.o(.bss), (12 bytes).
    Removing hal_ver.o(.rev16_text), (4 bytes).
    Removing hal_ver.o(.revsh_text), (4 bytes).
    Removing hal_ver.o(i.Get_ChipsetDEVID), (12 bytes).
    Removing hal_ver.o(i.Get_ChipsetREVID), (16 bytes).
    Removing hal_ver.o(i.Get_ChipsetUIDw0), (12 bytes).
    Removing hal_ver.o(i.Get_ChipsetUIDw1), (12 bytes).
    Removing hal_ver.o(i.Get_ChipsetUIDw2), (12 bytes).
    Removing hal_ver.o(i.Get_MM32LibReleaseDate), (8 bytes).
    Removing hal_ver.o(i.Get_MM32LibVersion), (8 bytes).
    Removing hal_wwdg.o(.rev16_text), (4 bytes).
    Removing hal_wwdg.o(.revsh_text), (4 bytes).
    Removing hal_wwdg.o(i.WWDG_ClearFlag), (20 bytes).
    Removing hal_wwdg.o(i.WWDG_DeInit), (12 bytes).
    Removing hal_wwdg.o(i.WWDG_Enable), (16 bytes).
    Removing hal_wwdg.o(i.WWDG_EnableIT), (20 bytes).
    Removing hal_wwdg.o(i.WWDG_GetCounter), (16 bytes).
    Removing hal_wwdg.o(i.WWDG_GetFlagStatus), (20 bytes).
    Removing hal_wwdg.o(i.WWDG_SetCounter), (16 bytes).
    Removing hal_wwdg.o(i.WWDG_SetPrescaler), (24 bytes).
    Removing hal_wwdg.o(i.WWDG_SetWindowValue), (24 bytes).
    Removing ffixui.o(.text), (40 bytes).
    Removing seekfree_absolute_encoder.o(i.__ARM_common_ll_muluu), (48 bytes).

708 unused section(s) (total 45220 bytes) removed from the image.

==============================================================================

Image Symbol Table

    Local Symbols

    Symbol Name                              Value     Ov Type        Size  Object(Section)

    ../clib/../cmprslib/zerorunl2.c          0x00000000   Number         0  __dczerorl2.o ABSOLUTE
    ../clib/microlib/division.c              0x00000000   Number         0  uldiv.o ABSOLUTE
    ../clib/microlib/division.c              0x00000000   Number         0  uidiv.o ABSOLUTE
    ../clib/microlib/division.c              0x00000000   Number         0  idiv.o ABSOLUTE
    ../clib/microlib/init/entry.s            0x00000000   Number         0  entry2.o ABSOLUTE
    ../clib/microlib/init/entry.s            0x00000000   Number         0  entry11b.o ABSOLUTE
    ../clib/microlib/init/entry.s            0x00000000   Number         0  entry11a.o ABSOLUTE
    ../clib/microlib/init/entry.s            0x00000000   Number         0  entry10b.o ABSOLUTE
    ../clib/microlib/init/entry.s            0x00000000   Number         0  entry10a.o ABSOLUTE
    ../clib/microlib/init/entry.s            0x00000000   Number         0  entry9b.o ABSOLUTE
    ../clib/microlib/init/entry.s            0x00000000   Number         0  entry9a.o ABSOLUTE
    ../clib/microlib/init/entry.s            0x00000000   Number         0  entry8b.o ABSOLUTE
    ../clib/microlib/init/entry.s            0x00000000   Number         0  entry8a.o ABSOLUTE
    ../clib/microlib/init/entry.s            0x00000000   Number         0  entry7b.o ABSOLUTE
    ../clib/microlib/init/entry.s            0x00000000   Number         0  entry7a.o ABSOLUTE
    ../clib/microlib/init/entry.s            0x00000000   Number         0  entry5.o ABSOLUTE
    ../clib/microlib/init/entry.s            0x00000000   Number         0  entry.o ABSOLUTE
    ../clib/microlib/longlong.c              0x00000000   Number         0  llsshr.o ABSOLUTE
    ../clib/microlib/longlong.c              0x00000000   Number         0  llushr.o ABSOLUTE
    ../clib/microlib/longlong.c              0x00000000   Number         0  llshl.o ABSOLUTE
    ../clib/microlib/string/memcpy.c         0x00000000   Number         0  memcpyb.o ABSOLUTE
    ../clib/microlib/string/memcpy.c         0x00000000   Number         0  memcpya.o ABSOLUTE
    ../clib/microlib/stubs.s                 0x00000000   Number         0  iusefp.o ABSOLUTE
    ../fplib/microlib/f2d.c                  0x00000000   Number         0  f2d.o ABSOLUTE
    ../fplib/microlib/fpadd.c                0x00000000   Number         0  dadd.o ABSOLUTE
    ../fplib/microlib/fpdiv.c                0x00000000   Number         0  fdiv.o ABSOLUTE
    ../fplib/microlib/fpepilogue.c           0x00000000   Number         0  fepilogue.o ABSOLUTE
    ../fplib/microlib/fpepilogue.c           0x00000000   Number         0  depilogue.o ABSOLUTE
    ../fplib/microlib/fpfix.c                0x00000000   Number         0  dfixi.o ABSOLUTE
    ../fplib/microlib/fpfix.c                0x00000000   Number         0  ffixui.o ABSOLUTE
    ../fplib/microlib/fpfix.c                0x00000000   Number         0  ffixi.o ABSOLUTE
    ../fplib/microlib/fpflt.c                0x00000000   Number         0  fflti.o ABSOLUTE
    ../fplib/microlib/fpflt.c                0x00000000   Number         0  ffltui.o ABSOLUTE
    ../fplib/microlib/fpflt.c                0x00000000   Number         0  dflti.o ABSOLUTE
    ../fplib/microlib/fpmul.c                0x00000000   Number         0  fmul.o ABSOLUTE
    ../fplib/microlib/fpmul.c                0x00000000   Number         0  dmul.o ABSOLUTE
    ..\..\Libraries\Device\MM32SPIN2xx_p\HAL_Lib\Src\hal_adc.c 0x00000000   Number         0  hal_adc.o ABSOLUTE
    ..\..\Libraries\Device\MM32SPIN2xx_p\HAL_Lib\Src\hal_bkp.c 0x00000000   Number         0  hal_bkp.o ABSOLUTE
    ..\..\Libraries\Device\MM32SPIN2xx_p\HAL_Lib\Src\hal_comp.c 0x00000000   Number         0  hal_comp.o ABSOLUTE
    ..\..\Libraries\Device\MM32SPIN2xx_p\HAL_Lib\Src\hal_crc.c 0x00000000   Number         0  hal_crc.o ABSOLUTE
    ..\..\Libraries\Device\MM32SPIN2xx_p\HAL_Lib\Src\hal_dbg.c 0x00000000   Number         0  hal_dbg.o ABSOLUTE
    ..\..\Libraries\Device\MM32SPIN2xx_p\HAL_Lib\Src\hal_div.c 0x00000000   Number         0  hal_div.o ABSOLUTE
    ..\..\Libraries\Device\MM32SPIN2xx_p\HAL_Lib\Src\hal_dma.c 0x00000000   Number         0  hal_dma.o ABSOLUTE
    ..\..\Libraries\Device\MM32SPIN2xx_p\HAL_Lib\Src\hal_exti.c 0x00000000   Number         0  hal_exti.o ABSOLUTE
    ..\..\Libraries\Device\MM32SPIN2xx_p\HAL_Lib\Src\hal_flash.c 0x00000000   Number         0  hal_flash.o ABSOLUTE
    ..\..\Libraries\Device\MM32SPIN2xx_p\HAL_Lib\Src\hal_gpio.c 0x00000000   Number         0  hal_gpio.o ABSOLUTE
    ..\..\Libraries\Device\MM32SPIN2xx_p\HAL_Lib\Src\hal_i2c.c 0x00000000   Number         0  hal_i2c.o ABSOLUTE
    ..\..\Libraries\Device\MM32SPIN2xx_p\HAL_Lib\Src\hal_iwdg.c 0x00000000   Number         0  hal_iwdg.o ABSOLUTE
    ..\..\Libraries\Device\MM32SPIN2xx_p\HAL_Lib\Src\hal_misc.c 0x00000000   Number         0  hal_misc.o ABSOLUTE
    ..\..\Libraries\Device\MM32SPIN2xx_p\HAL_Lib\Src\hal_opamp.c 0x00000000   Number         0  hal_opamp.o ABSOLUTE
    ..\..\Libraries\Device\MM32SPIN2xx_p\HAL_Lib\Src\hal_pwr.c 0x00000000   Number         0  hal_pwr.o ABSOLUTE
    ..\..\Libraries\Device\MM32SPIN2xx_p\HAL_Lib\Src\hal_rcc.c 0x00000000   Number         0  hal_rcc.o ABSOLUTE
    ..\..\Libraries\Device\MM32SPIN2xx_p\HAL_Lib\Src\hal_spi.c 0x00000000   Number         0  hal_spi.o ABSOLUTE
    ..\..\Libraries\Device\MM32SPIN2xx_p\HAL_Lib\Src\hal_sqrt.c 0x00000000   Number         0  hal_sqrt.o ABSOLUTE
    ..\..\Libraries\Device\MM32SPIN2xx_p\HAL_Lib\Src\hal_tim.c 0x00000000   Number         0  hal_tim.o ABSOLUTE
    ..\..\Libraries\Device\MM32SPIN2xx_p\HAL_Lib\Src\hal_uart.c 0x00000000   Number         0  hal_uart.o ABSOLUTE
    ..\..\Libraries\Device\MM32SPIN2xx_p\HAL_Lib\Src\hal_uid.c 0x00000000   Number         0  hal_uid.o ABSOLUTE
    ..\..\Libraries\Device\MM32SPIN2xx_p\HAL_Lib\Src\hal_ver.c 0x00000000   Number         0  hal_ver.o ABSOLUTE
    ..\..\Libraries\Device\MM32SPIN2xx_p\HAL_Lib\Src\hal_wwdg.c 0x00000000   Number         0  hal_wwdg.o ABSOLUTE
    ..\..\Libraries\Device\MM32SPIN2xx_p\Source\KEIL_StartAsm\startup_mm32spin2xx_p_keil.s 0x00000000   Number         0  startup_mm32spin2xx_p_keil.o ABSOLUTE
    ..\..\Libraries\Device\MM32SPIN2xx_p\Source\system_mm32spin2xx_p.c 0x00000000   Number         0  system_mm32spin2xx_p.o ABSOLUTE
    ..\..\Libraries\seekfree_libraries\board\board.c 0x00000000   Number         0  board.o ABSOLUTE
    ..\..\Libraries\seekfree_libraries\common\SEEKFREE_PRINTF.c 0x00000000   Number         0  seekfree_printf.o ABSOLUTE
    ..\..\Libraries\seekfree_libraries\common\common.c 0x00000000   Number         0  common.o ABSOLUTE
    ..\..\Libraries\seekfree_libraries\zf_adc.c 0x00000000   Number         0  zf_adc.o ABSOLUTE
    ..\..\Libraries\seekfree_libraries\zf_camera.c 0x00000000   Number         0  zf_camera.o ABSOLUTE
    ..\..\Libraries\seekfree_libraries\zf_exti.c 0x00000000   Number         0  zf_exti.o ABSOLUTE
    ..\..\Libraries\seekfree_libraries\zf_flash.c 0x00000000   Number         0  zf_flash.o ABSOLUTE
    ..\..\Libraries\seekfree_libraries\zf_gpio.c 0x00000000   Number         0  zf_gpio.o ABSOLUTE
    ..\..\Libraries\seekfree_libraries\zf_pit.c 0x00000000   Number         0  zf_pit.o ABSOLUTE
    ..\..\Libraries\seekfree_libraries\zf_pwm.c 0x00000000   Number         0  zf_pwm.o ABSOLUTE
    ..\..\Libraries\seekfree_libraries\zf_spi.c 0x00000000   Number         0  zf_spi.o ABSOLUTE
    ..\..\Libraries\seekfree_libraries\zf_systick.c 0x00000000   Number         0  zf_systick.o ABSOLUTE
    ..\..\Libraries\seekfree_libraries\zf_tim.c 0x00000000   Number         0  zf_tim.o ABSOLUTE
    ..\..\Libraries\seekfree_libraries\zf_uart.c 0x00000000   Number         0  zf_uart.o ABSOLUTE
    ..\..\Libraries\seekfree_peripheral\SEEKFREE_18TFT.c 0x00000000   Number         0  seekfree_18tft.o ABSOLUTE
    ..\..\Libraries\seekfree_peripheral\SEEKFREE_7725.c 0x00000000   Number         0  seekfree_7725.o ABSOLUTE
    ..\..\Libraries\seekfree_peripheral\SEEKFREE_ABSOLUTE_ENCODER.c 0x00000000   Number         0  seekfree_absolute_encoder.o ABSOLUTE
    ..\..\Libraries\seekfree_peripheral\SEEKFREE_FONT.c 0x00000000   Number         0  seekfree_font.o ABSOLUTE
    ..\..\Libraries\seekfree_peripheral\SEEKFREE_ICM20602.c 0x00000000   Number         0  seekfree_icm20602.o ABSOLUTE
    ..\..\Libraries\seekfree_peripheral\SEEKFREE_IIC.c 0x00000000   Number         0  seekfree_iic.o ABSOLUTE
    ..\..\Libraries\seekfree_peripheral\SEEKFREE_IPS114_SPI.c 0x00000000   Number         0  seekfree_ips114_spi.o ABSOLUTE
    ..\..\Libraries\seekfree_peripheral\SEEKFREE_L3G4200D.c 0x00000000   Number         0  seekfree_l3g4200d.o ABSOLUTE
    ..\..\Libraries\seekfree_peripheral\SEEKFREE_MMA8451.c 0x00000000   Number         0  seekfree_mma8451.o ABSOLUTE
    ..\..\Libraries\seekfree_peripheral\SEEKFREE_MPU6050.c 0x00000000   Number         0  seekfree_mpu6050.o ABSOLUTE
    ..\..\Libraries\seekfree_peripheral\SEEKFREE_MT9V03X.c 0x00000000   Number         0  seekfree_mt9v03x.o ABSOLUTE
    ..\..\Libraries\seekfree_peripheral\SEEKFREE_OLED.c 0x00000000   Number         0  seekfree_oled.o ABSOLUTE
    ..\..\Libraries\seekfree_peripheral\SEEKFREE_TSL1401.c 0x00000000   Number         0  seekfree_tsl1401.o ABSOLUTE
    ..\..\Libraries\seekfree_peripheral\SEEKFREE_UART_7725.c 0x00000000   Number         0  seekfree_uart_7725.o ABSOLUTE
    ..\..\Libraries\seekfree_peripheral\SEEKFREE_VIRSCO.c 0x00000000   Number         0  seekfree_virsco.o ABSOLUTE
    ..\..\Libraries\seekfree_peripheral\SEEKFREE_WIRELESS.c 0x00000000   Number         0  seekfree_wireless.o ABSOLUTE
    ..\CODE\key.c                            0x00000000   Number         0  key.o ABSOLUTE
    ..\CODE\loop.c                           0x00000000   Number         0  loop.o ABSOLUTE
    ..\CODE\si24r1.c                         0x00000000   Number         0  si24r1.o ABSOLUTE
    ..\CODE\system.c                         0x00000000   Number         0  system.o ABSOLUTE
    ..\USER\src\isr.c                        0x00000000   Number         0  isr.o ABSOLUTE
    ..\USER\src\main.c                       0x00000000   Number         0  main.o ABSOLUTE
    ..\\..\\Libraries\\Device\\MM32SPIN2xx_p\\HAL_Lib\\Src\\hal_adc.c 0x00000000   Number         0  hal_adc.o ABSOLUTE
    ..\\..\\Libraries\\Device\\MM32SPIN2xx_p\\HAL_Lib\\Src\\hal_bkp.c 0x00000000   Number         0  hal_bkp.o ABSOLUTE
    ..\\..\\Libraries\\Device\\MM32SPIN2xx_p\\HAL_Lib\\Src\\hal_comp.c 0x00000000   Number         0  hal_comp.o ABSOLUTE
    ..\\..\\Libraries\\Device\\MM32SPIN2xx_p\\HAL_Lib\\Src\\hal_crc.c 0x00000000   Number         0  hal_crc.o ABSOLUTE
    ..\\..\\Libraries\\Device\\MM32SPIN2xx_p\\HAL_Lib\\Src\\hal_dbg.c 0x00000000   Number         0  hal_dbg.o ABSOLUTE
    ..\\..\\Libraries\\Device\\MM32SPIN2xx_p\\HAL_Lib\\Src\\hal_div.c 0x00000000   Number         0  hal_div.o ABSOLUTE
    ..\\..\\Libraries\\Device\\MM32SPIN2xx_p\\HAL_Lib\\Src\\hal_dma.c 0x00000000   Number         0  hal_dma.o ABSOLUTE
    ..\\..\\Libraries\\Device\\MM32SPIN2xx_p\\HAL_Lib\\Src\\hal_exti.c 0x00000000   Number         0  hal_exti.o ABSOLUTE
    ..\\..\\Libraries\\Device\\MM32SPIN2xx_p\\HAL_Lib\\Src\\hal_flash.c 0x00000000   Number         0  hal_flash.o ABSOLUTE
    ..\\..\\Libraries\\Device\\MM32SPIN2xx_p\\HAL_Lib\\Src\\hal_gpio.c 0x00000000   Number         0  hal_gpio.o ABSOLUTE
    ..\\..\\Libraries\\Device\\MM32SPIN2xx_p\\HAL_Lib\\Src\\hal_i2c.c 0x00000000   Number         0  hal_i2c.o ABSOLUTE
    ..\\..\\Libraries\\Device\\MM32SPIN2xx_p\\HAL_Lib\\Src\\hal_iwdg.c 0x00000000   Number         0  hal_iwdg.o ABSOLUTE
    ..\\..\\Libraries\\Device\\MM32SPIN2xx_p\\HAL_Lib\\Src\\hal_misc.c 0x00000000   Number         0  hal_misc.o ABSOLUTE
    ..\\..\\Libraries\\Device\\MM32SPIN2xx_p\\HAL_Lib\\Src\\hal_opamp.c 0x00000000   Number         0  hal_opamp.o ABSOLUTE
    ..\\..\\Libraries\\Device\\MM32SPIN2xx_p\\HAL_Lib\\Src\\hal_pwr.c 0x00000000   Number         0  hal_pwr.o ABSOLUTE
    ..\\..\\Libraries\\Device\\MM32SPIN2xx_p\\HAL_Lib\\Src\\hal_rcc.c 0x00000000   Number         0  hal_rcc.o ABSOLUTE
    ..\\..\\Libraries\\Device\\MM32SPIN2xx_p\\HAL_Lib\\Src\\hal_spi.c 0x00000000   Number         0  hal_spi.o ABSOLUTE
    ..\\..\\Libraries\\Device\\MM32SPIN2xx_p\\HAL_Lib\\Src\\hal_sqrt.c 0x00000000   Number         0  hal_sqrt.o ABSOLUTE
    ..\\..\\Libraries\\Device\\MM32SPIN2xx_p\\HAL_Lib\\Src\\hal_tim.c 0x00000000   Number         0  hal_tim.o ABSOLUTE
    ..\\..\\Libraries\\Device\\MM32SPIN2xx_p\\HAL_Lib\\Src\\hal_uart.c 0x00000000   Number         0  hal_uart.o ABSOLUTE
    ..\\..\\Libraries\\Device\\MM32SPIN2xx_p\\HAL_Lib\\Src\\hal_uid.c 0x00000000   Number         0  hal_uid.o ABSOLUTE
    ..\\..\\Libraries\\Device\\MM32SPIN2xx_p\\HAL_Lib\\Src\\hal_ver.c 0x00000000   Number         0  hal_ver.o ABSOLUTE
    ..\\..\\Libraries\\Device\\MM32SPIN2xx_p\\HAL_Lib\\Src\\hal_wwdg.c 0x00000000   Number         0  hal_wwdg.o ABSOLUTE
    ..\\..\\Libraries\\Device\\MM32SPIN2xx_p\\Source\\system_mm32spin2xx_p.c 0x00000000   Number         0  system_mm32spin2xx_p.o ABSOLUTE
    ..\\..\\Libraries\\seekfree_libraries\\board\\board.c 0x00000000   Number         0  board.o ABSOLUTE
    ..\\..\\Libraries\\seekfree_libraries\\common\\SEEKFREE_PRINTF.c 0x00000000   Number         0  seekfree_printf.o ABSOLUTE
    ..\\..\\Libraries\\seekfree_libraries\\common\\common.c 0x00000000   Number         0  common.o ABSOLUTE
    ..\\..\\Libraries\\seekfree_libraries\\zf_adc.c 0x00000000   Number         0  zf_adc.o ABSOLUTE
    ..\\..\\Libraries\\seekfree_libraries\\zf_camera.c 0x00000000   Number         0  zf_camera.o ABSOLUTE
    ..\\..\\Libraries\\seekfree_libraries\\zf_exti.c 0x00000000   Number         0  zf_exti.o ABSOLUTE
    ..\\..\\Libraries\\seekfree_libraries\\zf_flash.c 0x00000000   Number         0  zf_flash.o ABSOLUTE
    ..\\..\\Libraries\\seekfree_libraries\\zf_gpio.c 0x00000000   Number         0  zf_gpio.o ABSOLUTE
    ..\\..\\Libraries\\seekfree_libraries\\zf_pit.c 0x00000000   Number         0  zf_pit.o ABSOLUTE
    ..\\..\\Libraries\\seekfree_libraries\\zf_pwm.c 0x00000000   Number         0  zf_pwm.o ABSOLUTE
    ..\\..\\Libraries\\seekfree_libraries\\zf_spi.c 0x00000000   Number         0  zf_spi.o ABSOLUTE
    ..\\..\\Libraries\\seekfree_libraries\\zf_systick.c 0x00000000   Number         0  zf_systick.o ABSOLUTE
    ..\\..\\Libraries\\seekfree_libraries\\zf_tim.c 0x00000000   Number         0  zf_tim.o ABSOLUTE
    ..\\..\\Libraries\\seekfree_libraries\\zf_uart.c 0x00000000   Number         0  zf_uart.o ABSOLUTE
    ..\\..\\Libraries\\seekfree_peripheral\\SEEKFREE_18TFT.c 0x00000000   Number         0  seekfree_18tft.o ABSOLUTE
    ..\\..\\Libraries\\seekfree_peripheral\\SEEKFREE_7725.c 0x00000000   Number         0  seekfree_7725.o ABSOLUTE
    ..\\..\\Libraries\\seekfree_peripheral\\SEEKFREE_ABSOLUTE_ENCODER.c 0x00000000   Number         0  seekfree_absolute_encoder.o ABSOLUTE
    ..\\..\\Libraries\\seekfree_peripheral\\SEEKFREE_FONT.c 0x00000000   Number         0  seekfree_font.o ABSOLUTE
    ..\\..\\Libraries\\seekfree_peripheral\\SEEKFREE_ICM20602.c 0x00000000   Number         0  seekfree_icm20602.o ABSOLUTE
    ..\\..\\Libraries\\seekfree_peripheral\\SEEKFREE_IIC.c 0x00000000   Number         0  seekfree_iic.o ABSOLUTE
    ..\\..\\Libraries\\seekfree_peripheral\\SEEKFREE_IPS114_SPI.c 0x00000000   Number         0  seekfree_ips114_spi.o ABSOLUTE
    ..\\..\\Libraries\\seekfree_peripheral\\SEEKFREE_L3G4200D.c 0x00000000   Number         0  seekfree_l3g4200d.o ABSOLUTE
    ..\\..\\Libraries\\seekfree_peripheral\\SEEKFREE_MMA8451.c 0x00000000   Number         0  seekfree_mma8451.o ABSOLUTE
    ..\\..\\Libraries\\seekfree_peripheral\\SEEKFREE_MPU6050.c 0x00000000   Number         0  seekfree_mpu6050.o ABSOLUTE
    ..\\..\\Libraries\\seekfree_peripheral\\SEEKFREE_MT9V03X.c 0x00000000   Number         0  seekfree_mt9v03x.o ABSOLUTE
    ..\\..\\Libraries\\seekfree_peripheral\\SEEKFREE_OLED.c 0x00000000   Number         0  seekfree_oled.o ABSOLUTE
    ..\\..\\Libraries\\seekfree_peripheral\\SEEKFREE_TSL1401.c 0x00000000   Number         0  seekfree_tsl1401.o ABSOLUTE
    ..\\..\\Libraries\\seekfree_peripheral\\SEEKFREE_UART_7725.c 0x00000000   Number         0  seekfree_uart_7725.o ABSOLUTE
    ..\\..\\Libraries\\seekfree_peripheral\\SEEKFREE_VIRSCO.c 0x00000000   Number         0  seekfree_virsco.o ABSOLUTE
    ..\\..\\Libraries\\seekfree_peripheral\\SEEKFREE_WIRELESS.c 0x00000000   Number         0  seekfree_wireless.o ABSOLUTE
    ..\\CODE\\key.c                          0x00000000   Number         0  key.o ABSOLUTE
    ..\\CODE\\loop.c                         0x00000000   Number         0  loop.o ABSOLUTE
    ..\\CODE\\si24r1.c                       0x00000000   Number         0  si24r1.o ABSOLUTE
    ..\\CODE\\system.c                       0x00000000   Number         0  system.o ABSOLUTE
    ..\\USER\\src\\isr.c                     0x00000000   Number         0  isr.o ABSOLUTE
    ..\\USER\\src\\main.c                    0x00000000   Number         0  main.o ABSOLUTE
    cdcmple.s                                0x00000000   Number         0  cdcmple.o ABSOLUTE
    cdrcmple.s                               0x00000000   Number         0  cdrcmple.o ABSOLUTE
    dc.s                                     0x00000000   Number         0  dc.o ABSOLUTE
    handlers.s                               0x00000000   Number         0  handlers.o ABSOLUTE
    init.s                                   0x00000000   Number         0  init.o ABSOLUTE
    RESET                                    0x08000000   Section      192  startup_mm32spin2xx_p_keil.o(RESET)
    .ARM.Collect$$$$00000000                 0x080000c0   Section        0  entry.o(.ARM.Collect$$$$00000000)
    .ARM.Collect$$$$00000001                 0x080000c0   Section        4  entry2.o(.ARM.Collect$$$$00000001)
    .ARM.Collect$$$$00000004                 0x080000c4   Section        4  entry5.o(.ARM.Collect$$$$00000004)
    .ARM.Collect$$$$00000008                 0x080000c8   Section        0  entry7b.o(.ARM.Collect$$$$00000008)
    .ARM.Collect$$$$0000000A                 0x080000c8   Section        0  entry8b.o(.ARM.Collect$$$$0000000A)
    .ARM.Collect$$$$0000000B                 0x080000c8   Section        8  entry9a.o(.ARM.Collect$$$$0000000B)
    .ARM.Collect$$$$0000000D                 0x080000d0   Section        0  entry10a.o(.ARM.Collect$$$$0000000D)
    .ARM.Collect$$$$0000000F                 0x080000d0   Section        0  entry11a.o(.ARM.Collect$$$$0000000F)
    .ARM.Collect$$$$00002712                 0x080000d0   Section        4  entry2.o(.ARM.Collect$$$$00002712)
    __lit__00000000                          0x080000d0   Data           4  entry2.o(.ARM.Collect$$$$00002712)
    .text                                    0x080000d4   Section      132  startup_mm32spin2xx_p_keil.o(.text)
    .text                                    0x08000158   Section        0  uidiv.o(.text)
    .text                                    0x08000184   Section        0  idiv.o(.text)
    .text                                    0x080001ac   Section        0  memcpya.o(.text)
    .text                                    0x080001d0   Section        0  fmul.o(.text)
    .text                                    0x0800024a   Section        0  fdiv.o(.text)
    .text                                    0x080002c8   Section        0  dadd.o(.text)
    .text                                    0x0800042c   Section        0  dmul.o(.text)
    .text                                    0x080004fc   Section        0  fflti.o(.text)
    .text                                    0x08000512   Section        0  ffltui.o(.text)
    .text                                    0x08000520   Section        0  dflti.o(.text)
    .text                                    0x08000548   Section        0  ffixi.o(.text)
    .text                                    0x0800057c   Section        0  dfixi.o(.text)
    .text                                    0x080005c4   Section        0  f2d.o(.text)
    .text                                    0x080005ec   Section       40  cdcmple.o(.text)
    .text                                    0x08000614   Section       40  cdrcmple.o(.text)
    .text                                    0x0800063c   Section        0  llshl.o(.text)
    .text                                    0x0800065c   Section        0  llushr.o(.text)
    .text                                    0x0800067e   Section        0  llsshr.o(.text)
    .text                                    0x080006a4   Section        0  fepilogue.o(.text)
    .text                                    0x080006a4   Section        0  iusefp.o(.text)
    .text                                    0x08000726   Section        0  depilogue.o(.text)
    .text                                    0x080007e4   Section       36  init.o(.text)
    .text                                    0x08000808   Section        0  __dczerorl2.o(.text)
    i.Ang_Loop0                              0x0800085e   Section        0  loop.o(i.Ang_Loop0)
    i.Ang_Loop1                              0x08000860   Section        0  loop.o(i.Ang_Loop1)
    i.Ang_Loop2                              0x080009a0   Section        0  loop.o(i.Ang_Loop2)
    i.AutoCalPllFactor                       0x08000a0c   Section        0  system_mm32spin2xx_p.o(i.AutoCalPllFactor)
    i.Button_Press                           0x08000a78   Section        0  key.o(i.Button_Press)
    i.DMA1_Channel1_IRQHandler               0x08000adc   Section        0  isr.o(i.DMA1_Channel1_IRQHandler)
    i.DMA1_Channel2_3_IRQHandler             0x08000af0   Section        0  isr.o(i.DMA1_Channel2_3_IRQHandler)
    i.DMA1_Channel4_5_IRQHandler             0x08000b18   Section        0  isr.o(i.DMA1_Channel4_5_IRQHandler)
    i.DMA_ClearFlag                          0x08000b6c   Section        0  hal_dma.o(i.DMA_ClearFlag)
    i.DMA_GetFlagStatus                      0x08000b78   Section        0  hal_dma.o(i.DMA_GetFlagStatus)
    i.EXTI0_1_IRQHandler                     0x08000b90   Section        0  isr.o(i.EXTI0_1_IRQHandler)
    i.EXTI2_3_IRQHandler                     0x08000bb4   Section        0  isr.o(i.EXTI2_3_IRQHandler)
    i.EXTI4_15_IRQHandler                    0x08000bd8   Section        0  isr.o(i.EXTI4_15_IRQHandler)
    i.EXTI_ClearFlag                         0x08000ce8   Section        0  hal_exti.o(i.EXTI_ClearFlag)
    i.EXTI_GetITStatus                       0x08000cf4   Section        0  hal_exti.o(i.EXTI_GetITStatus)
    i.HardFault_Handler                      0x08000d18   Section        0  common.o(i.HardFault_Handler)
    i.Loop_Run                               0x08000d1c   Section        0  loop.o(i.Loop_Run)
    i.NMI_Handler                            0x08000d68   Section        0  common.o(i.NMI_Handler)
    i.NRF_Check                              0x08000d6c   Section        0  si24r1.o(i.NRF_Check)
    i.NRF_Dev_Init                           0x08000d88   Section        0  si24r1.o(i.NRF_Dev_Init)
    i.NRF_SPI_R_Reg_Byte                     0x08000e50   Section        0  si24r1.o(i.NRF_SPI_R_Reg_Byte)
    i.NRF_SPI_WR_Byte                        0x08000e76   Section        0  si24r1.o(i.NRF_SPI_WR_Byte)
    i.NRF_SPI_W_Cmd_Byte                     0x08000e8a   Section        0  si24r1.o(i.NRF_SPI_W_Cmd_Byte)
    i.NRF_SPI_W_Reg_Burst                    0x08000eaa   Section        0  si24r1.o(i.NRF_SPI_W_Reg_Burst)
    i.NRF_SPI_W_Reg_Byte                     0x08000ee0   Section        0  si24r1.o(i.NRF_SPI_W_Reg_Byte)
    i.NRF_Send_Packet                        0x08000f08   Section        0  si24r1.o(i.NRF_Send_Packet)
    i.NVIC_Init                              0x08000f94   Section        0  hal_misc.o(i.NVIC_Init)
    i.PendSV_Handler                         0x08000ffc   Section        0  common.o(i.PendSV_Handler)
    i.SVC_Handler                            0x08001000   Section        0  common.o(i.SVC_Handler)
    i.SetSysClock                            0x08001004   Section        0  system_mm32spin2xx_p.o(i.SetSysClock)
    SetSysClock                              0x08001005   Thumb Code     8  system_mm32spin2xx_p.o(i.SetSysClock)
    i.SetSysClockToXX                        0x0800100c   Section        0  system_mm32spin2xx_p.o(i.SetSysClockToXX)
    SetSysClockToXX                          0x0800100d   Thumb Code   330  system_mm32spin2xx_p.o(i.SetSysClockToXX)
    i.SystemInit                             0x08001170   Section        0  system_mm32spin2xx_p.o(i.SystemInit)
    i.TIM14_IRQHandler                       0x080011dc   Section        0  isr.o(i.TIM14_IRQHandler)
    i.TIM16_IRQHandler                       0x0800121c   Section        0  isr.o(i.TIM16_IRQHandler)
    i.TIM17_IRQHandler                       0x08001230   Section        0  isr.o(i.TIM17_IRQHandler)
    i.TIM1_BRK_UP_TRG_COM_IRQHandler         0x08001244   Section        0  isr.o(i.TIM1_BRK_UP_TRG_COM_IRQHandler)
    i.TIM2_IRQHandler                        0x08001258   Section        0  isr.o(i.TIM2_IRQHandler)
    i.TIM3_IRQHandler                        0x0800126c   Section        0  isr.o(i.TIM3_IRQHandler)
    i.TIM8_BRK_UP_TRG_COM_IRQHandler         0x08001280   Section        0  isr.o(i.TIM8_BRK_UP_TRG_COM_IRQHandler)
    i.UART1_IRQHandler                       0x08001294   Section        0  isr.o(i.UART1_IRQHandler)
    i.UART2_IRQHandler                       0x080012c8   Section        0  isr.o(i.UART2_IRQHandler)
    i.__ARM_clz                              0x08001324   Section        0  depilogue.o(i.__ARM_clz)
    i.__ARM_common_switch8                   0x08001352   Section        0  loop.o(i.__ARM_common_switch8)
    i.__scatterload_copy                     0x0800136e   Section       14  handlers.o(i.__scatterload_copy)
    i.__scatterload_null                     0x0800137c   Section        2  handlers.o(i.__scatterload_null)
    i.__scatterload_zeroinit                 0x0800137e   Section       14  handlers.o(i.__scatterload_zeroinit)
    i.adc_convert                            0x0800138c   Section        0  zf_adc.o(i.adc_convert)
    i.adc_init                               0x080013f8   Section        0  zf_adc.o(i.adc_init)
    i.adc_pin_init                           0x080014b4   Section        0  zf_adc.o(i.adc_pin_init)
    adc_pin_init                             0x080014b5   Thumb Code    26  zf_adc.o(i.adc_pin_init)
    i.afio_init                              0x080014d0   Section        0  zf_gpio.o(i.afio_init)
    i.board_init                             0x080015a8   Section        0  board.o(i.board_init)
    i.gpio_get                               0x080015c4   Section        0  zf_gpio.o(i.gpio_get)
    i.gpio_init                              0x080015f0   Section        0  zf_gpio.o(i.gpio_init)
    i.gpio_set                               0x080016b8   Section        0  zf_gpio.o(i.gpio_set)
    i.key_init                               0x08001714   Section        0  key.o(i.key_init)
    i.key_scan                               0x08001748   Section        0  key.o(i.key_scan)
    i.main                                   0x080017b4   Section        0  main.o(i.main)
    i.mt9v03x_dma                            0x080017c8   Section        0  seekfree_mt9v03x.o(i.mt9v03x_dma)
    i.mt9v03x_uart_callback                  0x080017e8   Section        0  seekfree_mt9v03x.o(i.mt9v03x_uart_callback)
    i.mt9v03x_vsync                          0x0800183c   Section        0  seekfree_mt9v03x.o(i.mt9v03x_vsync)
    i.number_conversion_ascii                0x08001858   Section        0  seekfree_printf.o(i.number_conversion_ascii)
    i.oled_fill                              0x080018ec   Section        0  seekfree_oled.o(i.oled_fill)
    i.oled_hexascii                          0x08001926   Section        0  seekfree_oled.o(i.oled_hexascii)
    oled_hexascii                            0x08001927   Thumb Code    52  seekfree_oled.o(i.oled_hexascii)
    i.oled_init                              0x0800195c   Section        0  seekfree_oled.o(i.oled_init)
    i.oled_int16                             0x08001a94   Section        0  seekfree_oled.o(i.oled_int16)
    i.oled_p6x8str                           0x08001adc   Section        0  seekfree_oled.o(i.oled_p6x8str)
    i.oled_printf_float                      0x08001b40   Section        0  seekfree_oled.o(i.oled_printf_float)
    i.oled_set_pos                           0x08001c00   Section        0  seekfree_oled.o(i.oled_set_pos)
    i.oled_wrcmd                             0x08001c28   Section        0  seekfree_oled.o(i.oled_wrcmd)
    oled_wrcmd                               0x08001c29   Thumb Code   168  seekfree_oled.o(i.oled_wrcmd)
    i.oled_wrdat                             0x08001cd4   Section        0  seekfree_oled.o(i.oled_wrdat)
    oled_wrdat                               0x08001cd5   Thumb Code   168  seekfree_oled.o(i.oled_wrdat)
    i.ov7725_cof_uart_interrupt              0x08001d80   Section        0  seekfree_uart_7725.o(i.ov7725_cof_uart_interrupt)
    i.ov7725_dma                             0x08001dd4   Section        0  seekfree_7725.o(i.ov7725_dma)
    i.ov7725_uart_dma                        0x08001df4   Section        0  seekfree_uart_7725.o(i.ov7725_uart_dma)
    i.ov7725_uart_vsync                      0x08001e14   Section        0  seekfree_uart_7725.o(i.ov7725_uart_vsync)
    i.ov7725_vsync                           0x08001e30   Section        0  seekfree_7725.o(i.ov7725_vsync)
    i.printf_reverse_order                   0x08001e4c   Section        0  seekfree_printf.o(i.printf_reverse_order)
    i.spi_init                               0x08001e70   Section        0  zf_spi.o(i.spi_init)
    i.spi_mosi                               0x08002004   Section        0  zf_spi.o(i.spi_mosi)
    i.spi_pin_init                           0x08002058   Section        0  zf_spi.o(i.spi_pin_init)
    spi_pin_init                             0x08002059   Thumb Code    96  zf_spi.o(i.spi_pin_init)
    i.system_init                            0x080020bc   Section        0  system.o(i.system_init)
    i.systick_delay                          0x0800211c   Section        0  zf_systick.o(i.systick_delay)
    i.systick_delay_ms                       0x08002144   Section        0  zf_systick.o(i.systick_delay_ms)
    i.tim_interrupt_init_ms                  0x0800216c   Section        0  zf_pit.o(i.tim_interrupt_init_ms)
    i.uart_init                              0x0800224c   Section        0  zf_uart.o(i.uart_init)
    i.uart_pin_init                          0x08002310   Section        0  zf_uart.o(i.uart_pin_init)
    uart_pin_init                            0x08002311   Thumb Code    44  zf_uart.o(i.uart_pin_init)
    i.zf_sprintf                             0x0800233c   Section        0  seekfree_printf.o(i.zf_sprintf)
    .constdata                               0x08002600   Section     7048  seekfree_font.o(.constdata)
    .data                                    0x20000000   Section        8  isr.o(.data)
    .data                                    0x20000008   Section        5  si24r1.o(.data)
    .data                                    0x20000010   Section       12  system.o(.data)
    .data                                    0x2000001c   Section       40  loop.o(.data)
    sched_tasks                              0x20000020   Data          36  loop.o(.data)
    .data                                    0x20000044   Section        2  key.o(.data)
    .data                                    0x20000048   Section        8  common.o(.data)
    .data                                    0x20000050   Section       20  system_mm32spin2xx_p.o(.data)
    .data                                    0x20000064   Section       10  zf_adc.o(.data)
    .data                                    0x20000070   Section       16  zf_gpio.o(.data)
    .data                                    0x20000080   Section        8  zf_spi.o(.data)
    .data                                    0x20000088   Section       28  zf_tim.o(.data)
    .data                                    0x200000a4   Section       10  zf_uart.o(.data)
    .data                                    0x200000ae   Section        4  seekfree_7725.o(.data)
    ov7725_simiic_delay_time                 0x200000b0   Data           2  seekfree_7725.o(.data)
    .data                                    0x200000b2   Section       74  seekfree_mt9v03x.o(.data)
    receive                                  0x200000b3   Data           3  seekfree_mt9v03x.o(.data)
    receive_num                              0x200000b6   Data           1  seekfree_mt9v03x.o(.data)
    uart_receive_flag                        0x200000b7   Data           1  seekfree_mt9v03x.o(.data)
    .data                                    0x200000fc   Section       51  seekfree_uart_7725.o(.data)
    ov7725_uart_receive                      0x2000012a   Data           3  seekfree_uart_7725.o(.data)
    ov7725_uart_receive_num                  0x2000012d   Data           1  seekfree_uart_7725.o(.data)
    ov7725_uart_receive_flag                 0x2000012e   Data           1  seekfree_uart_7725.o(.data)
    .bss                                     0x20000130   Section       62  si24r1.o(.bss)
    STACK                                    0x20000170   Section     1024  startup_mm32spin2xx_p_keil.o(STACK)

    Global Symbols

    Symbol Name                              Value     Ov Type        Size  Object(Section)

    BuildAttributes$$THM_ISAv3M$S$PE$A:L22$X:L11$S22$IEEE1$IW$USESV6$~STKCKD$USESV7$~SHL$OTIME$ROPI$EBA8$MICROLIB$REQ8$PRES8$EABIv2 0x00000000   Number         0  anon$$obj.o ABSOLUTE
    __ARM_use_no_argv                        0x00000000   Number         0  main.o ABSOLUTE
    __cpp_initialize__aeabi_                  - Undefined Weak Reference
    __cxa_finalize                            - Undefined Weak Reference
    _clock_init                               - Undefined Weak Reference
    _microlib_exit                            - Undefined Weak Reference
    __Vectors_Size                           0x000000c0   Number         0  startup_mm32spin2xx_p_keil.o ABSOLUTE
    __Vectors                                0x08000000   Data           4  startup_mm32spin2xx_p_keil.o(RESET)
    __Vectors_End                            0x080000c0   Data           0  startup_mm32spin2xx_p_keil.o(RESET)
    __main                                   0x080000c1   Thumb Code     0  entry.o(.ARM.Collect$$$$00000000)
    _main_stk                                0x080000c1   Thumb Code     0  entry2.o(.ARM.Collect$$$$00000001)
    _main_scatterload                        0x080000c5   Thumb Code     0  entry5.o(.ARM.Collect$$$$00000004)
    __main_after_scatterload                 0x080000c9   Thumb Code     0  entry5.o(.ARM.Collect$$$$00000004)
    _main_clock                              0x080000c9   Thumb Code     0  entry7b.o(.ARM.Collect$$$$00000008)
    _main_cpp_init                           0x080000c9   Thumb Code     0  entry8b.o(.ARM.Collect$$$$0000000A)
    _main_init                               0x080000c9   Thumb Code     0  entry9a.o(.ARM.Collect$$$$0000000B)
    __rt_final_cpp                           0x080000d1   Thumb Code     0  entry10a.o(.ARM.Collect$$$$0000000D)
    __rt_final_exit                          0x080000d1   Thumb Code     0  entry11a.o(.ARM.Collect$$$$0000000F)
    Reset_Handler                            0x080000d5   Thumb Code    62  startup_mm32spin2xx_p_keil.o(.text)
    SysTick_Handler                          0x0800011b   Thumb Code     2  startup_mm32spin2xx_p_keil.o(.text)
    ADC1_IRQHandler                          0x0800011d   Thumb Code     0  startup_mm32spin2xx_p_keil.o(.text)
    ADC2_IRQHandler                          0x0800011d   Thumb Code     0  startup_mm32spin2xx_p_keil.o(.text)
    COMP1_2_3_4_5_IRQHandler                 0x0800011d   Thumb Code     0  startup_mm32spin2xx_p_keil.o(.text)
    FLASH_IRQHandler                         0x0800011d   Thumb Code     0  startup_mm32spin2xx_p_keil.o(.text)
    HWDIV_IRQHandler                         0x0800011d   Thumb Code     0  startup_mm32spin2xx_p_keil.o(.text)
    I2C1_IRQHandler                          0x0800011d   Thumb Code     0  startup_mm32spin2xx_p_keil.o(.text)
    PVD_IRQHandler                           0x0800011d   Thumb Code     0  startup_mm32spin2xx_p_keil.o(.text)
    PWM_IRQHandler                           0x0800011d   Thumb Code     0  startup_mm32spin2xx_p_keil.o(.text)
    RCC_IRQHandler                           0x0800011d   Thumb Code     0  startup_mm32spin2xx_p_keil.o(.text)
    SPI1_IRQHandler                          0x0800011d   Thumb Code     0  startup_mm32spin2xx_p_keil.o(.text)
    SPI2_IRQHandler                          0x0800011d   Thumb Code     0  startup_mm32spin2xx_p_keil.o(.text)
    TIM1_CC_IRQHandler                       0x0800011d   Thumb Code     0  startup_mm32spin2xx_p_keil.o(.text)
    TIM8_CC_IRQHandler                       0x0800011d   Thumb Code     0  startup_mm32spin2xx_p_keil.o(.text)
    WWDG_IRQHandler                          0x0800011d   Thumb Code     0  startup_mm32spin2xx_p_keil.o(.text)
    __aeabi_uidiv                            0x08000159   Thumb Code     0  uidiv.o(.text)
    __aeabi_uidivmod                         0x08000159   Thumb Code    44  uidiv.o(.text)
    __aeabi_idiv                             0x08000185   Thumb Code     0  idiv.o(.text)
    __aeabi_idivmod                          0x08000185   Thumb Code    40  idiv.o(.text)
    __aeabi_memcpy                           0x080001ad   Thumb Code    36  memcpya.o(.text)
    __aeabi_memcpy4                          0x080001ad   Thumb Code     0  memcpya.o(.text)
    __aeabi_memcpy8                          0x080001ad   Thumb Code     0  memcpya.o(.text)
    __aeabi_fmul                             0x080001d1   Thumb Code   122  fmul.o(.text)
    __aeabi_fdiv                             0x0800024b   Thumb Code   124  fdiv.o(.text)
    __aeabi_dadd                             0x080002c9   Thumb Code   328  dadd.o(.text)
    __aeabi_dsub                             0x08000411   Thumb Code    12  dadd.o(.text)
    __aeabi_drsub                            0x0800041d   Thumb Code    12  dadd.o(.text)
    __aeabi_dmul                             0x0800042d   Thumb Code   202  dmul.o(.text)
    __aeabi_i2f                              0x080004fd   Thumb Code    22  fflti.o(.text)
    __aeabi_ui2f                             0x08000513   Thumb Code    14  ffltui.o(.text)
    __aeabi_i2d                              0x08000521   Thumb Code    34  dflti.o(.text)
    __aeabi_f2iz                             0x08000549   Thumb Code    50  ffixi.o(.text)
    __aeabi_d2iz                             0x0800057d   Thumb Code    62  dfixi.o(.text)
    __aeabi_f2d                              0x080005c5   Thumb Code    40  f2d.o(.text)
    __aeabi_cdcmpeq                          0x080005ed   Thumb Code     0  cdcmple.o(.text)
    __aeabi_cdcmple                          0x080005ed   Thumb Code    38  cdcmple.o(.text)
    __aeabi_cdrcmple                         0x08000615   Thumb Code    38  cdrcmple.o(.text)
    __aeabi_llsl                             0x0800063d   Thumb Code    32  llshl.o(.text)
    _ll_shift_l                              0x0800063d   Thumb Code     0  llshl.o(.text)
    __aeabi_llsr                             0x0800065d   Thumb Code    34  llushr.o(.text)
    _ll_ushift_r                             0x0800065d   Thumb Code     0  llushr.o(.text)
    __aeabi_lasr                             0x0800067f   Thumb Code    38  llsshr.o(.text)
    _ll_sshift_r                             0x0800067f   Thumb Code     0  llsshr.o(.text)
    __I$use$fp                               0x080006a5   Thumb Code     0  iusefp.o(.text)
    _float_round                             0x080006a5   Thumb Code    16  fepilogue.o(.text)
    _float_epilogue                          0x080006b5   Thumb Code   114  fepilogue.o(.text)
    _double_round                            0x08000727   Thumb Code    26  depilogue.o(.text)
    _double_epilogue                         0x08000741   Thumb Code   164  depilogue.o(.text)
    __scatterload                            0x080007e5   Thumb Code    28  init.o(.text)
    __scatterload_rt2                        0x080007e5   Thumb Code     0  init.o(.text)
    __decompress                             0x08000809   Thumb Code     0  __dczerorl2.o(.text)
    __decompress1                            0x08000809   Thumb Code    86  __dczerorl2.o(.text)
    Ang_Loop0                                0x0800085f   Thumb Code     2  loop.o(i.Ang_Loop0)
    Ang_Loop1                                0x08000861   Thumb Code   270  loop.o(i.Ang_Loop1)
    Ang_Loop2                                0x080009a1   Thumb Code    88  loop.o(i.Ang_Loop2)
    AutoCalPllFactor                         0x08000a0d   Thumb Code   106  system_mm32spin2xx_p.o(i.AutoCalPllFactor)
    Button_Press                             0x08000a79   Thumb Code    92  key.o(i.Button_Press)
    DMA1_Channel1_IRQHandler                 0x08000add   Thumb Code    20  isr.o(i.DMA1_Channel1_IRQHandler)
    DMA1_Channel2_3_IRQHandler               0x08000af1   Thumb Code    38  isr.o(i.DMA1_Channel2_3_IRQHandler)
    DMA1_Channel4_5_IRQHandler               0x08000b19   Thumb Code    80  isr.o(i.DMA1_Channel4_5_IRQHandler)
    DMA_ClearFlag                            0x08000b6d   Thumb Code     6  hal_dma.o(i.DMA_ClearFlag)
    DMA_GetFlagStatus                        0x08000b79   Thumb Code    20  hal_dma.o(i.DMA_GetFlagStatus)
    EXTI0_1_IRQHandler                       0x08000b91   Thumb Code    36  isr.o(i.EXTI0_1_IRQHandler)
    EXTI2_3_IRQHandler                       0x08000bb5   Thumb Code    36  isr.o(i.EXTI2_3_IRQHandler)
    EXTI4_15_IRQHandler                      0x08000bd9   Thumb Code   268  isr.o(i.EXTI4_15_IRQHandler)
    EXTI_ClearFlag                           0x08000ce9   Thumb Code     6  hal_exti.o(i.EXTI_ClearFlag)
    EXTI_GetITStatus                         0x08000cf5   Thumb Code    30  hal_exti.o(i.EXTI_GetITStatus)
    HardFault_Handler                        0x08000d19   Thumb Code     4  common.o(i.HardFault_Handler)
    Loop_Run                                 0x08000d1d   Thumb Code    66  loop.o(i.Loop_Run)
    NMI_Handler                              0x08000d69   Thumb Code     4  common.o(i.NMI_Handler)
    NRF_Check                                0x08000d6d   Thumb Code    26  si24r1.o(i.NRF_Check)
    NRF_Dev_Init                             0x08000d89   Thumb Code   184  si24r1.o(i.NRF_Dev_Init)
    NRF_SPI_R_Reg_Byte                       0x08000e51   Thumb Code    38  si24r1.o(i.NRF_SPI_R_Reg_Byte)
    NRF_SPI_WR_Byte                          0x08000e77   Thumb Code    20  si24r1.o(i.NRF_SPI_WR_Byte)
    NRF_SPI_W_Cmd_Byte                       0x08000e8b   Thumb Code    32  si24r1.o(i.NRF_SPI_W_Cmd_Byte)
    NRF_SPI_W_Reg_Burst                      0x08000eab   Thumb Code    54  si24r1.o(i.NRF_SPI_W_Reg_Burst)
    NRF_SPI_W_Reg_Byte                       0x08000ee1   Thumb Code    40  si24r1.o(i.NRF_SPI_W_Reg_Byte)
    NRF_Send_Packet                          0x08000f09   Thumb Code   134  si24r1.o(i.NRF_Send_Packet)
    NVIC_Init                                0x08000f95   Thumb Code   100  hal_misc.o(i.NVIC_Init)
    PendSV_Handler                           0x08000ffd   Thumb Code     4  common.o(i.PendSV_Handler)
    SVC_Handler                              0x08001001   Thumb Code     4  common.o(i.SVC_Handler)
    SystemInit                               0x08001171   Thumb Code    90  system_mm32spin2xx_p.o(i.SystemInit)
    TIM14_IRQHandler                         0x080011dd   Thumb Code    50  isr.o(i.TIM14_IRQHandler)
    TIM16_IRQHandler                         0x0800121d   Thumb Code    14  isr.o(i.TIM16_IRQHandler)
    TIM17_IRQHandler                         0x08001231   Thumb Code    14  isr.o(i.TIM17_IRQHandler)
    TIM1_BRK_UP_TRG_COM_IRQHandler           0x08001245   Thumb Code    14  isr.o(i.TIM1_BRK_UP_TRG_COM_IRQHandler)
    TIM2_IRQHandler                          0x08001259   Thumb Code    18  isr.o(i.TIM2_IRQHandler)
    TIM3_IRQHandler                          0x0800126d   Thumb Code    14  isr.o(i.TIM3_IRQHandler)
    TIM8_BRK_UP_TRG_COM_IRQHandler           0x08001281   Thumb Code    14  isr.o(i.TIM8_BRK_UP_TRG_COM_IRQHandler)
    UART1_IRQHandler                         0x08001295   Thumb Code    48  isr.o(i.UART1_IRQHandler)
    UART2_IRQHandler                         0x080012c9   Thumb Code    82  isr.o(i.UART2_IRQHandler)
    __ARM_clz                                0x08001325   Thumb Code    46  depilogue.o(i.__ARM_clz)
    __ARM_common_switch8                     0x08001353   Thumb Code    28  loop.o(i.__ARM_common_switch8)
    __scatterload_copy                       0x0800136f   Thumb Code    14  handlers.o(i.__scatterload_copy)
    __scatterload_null                       0x0800137d   Thumb Code     2  handlers.o(i.__scatterload_null)
    __scatterload_zeroinit                   0x0800137f   Thumb Code    14  handlers.o(i.__scatterload_zeroinit)
    adc_convert                              0x0800138d   Thumb Code   100  zf_adc.o(i.adc_convert)
    adc_init                                 0x080013f9   Thumb Code   176  zf_adc.o(i.adc_init)
    afio_init                                0x080014d1   Thumb Code   206  zf_gpio.o(i.afio_init)
    board_init                               0x080015a9   Thumb Code    26  board.o(i.board_init)
    gpio_get                                 0x080015c5   Thumb Code    38  zf_gpio.o(i.gpio_get)
    gpio_init                                0x080015f1   Thumb Code   190  zf_gpio.o(i.gpio_init)
    gpio_set                                 0x080016b9   Thumb Code    86  zf_gpio.o(i.gpio_set)
    key_init                                 0x08001715   Thumb Code    52  key.o(i.key_init)
    key_scan                                 0x08001749   Thumb Code   104  key.o(i.key_scan)
    main                                     0x080017b5   Thumb Code    18  main.o(i.main)
    mt9v03x_dma                              0x080017c9   Thumb Code    20  seekfree_mt9v03x.o(i.mt9v03x_dma)
    mt9v03x_uart_callback                    0x080017e9   Thumb Code    66  seekfree_mt9v03x.o(i.mt9v03x_uart_callback)
    mt9v03x_vsync                            0x0800183d   Thumb Code    20  seekfree_mt9v03x.o(i.mt9v03x_vsync)
    number_conversion_ascii                  0x08001859   Thumb Code   148  seekfree_printf.o(i.number_conversion_ascii)
    oled_fill                                0x080018ed   Thumb Code    58  seekfree_oled.o(i.oled_fill)
    oled_init                                0x0800195d   Thumb Code   306  seekfree_oled.o(i.oled_init)
    oled_int16                               0x08001a95   Thumb Code    64  seekfree_oled.o(i.oled_int16)
    oled_p6x8str                             0x08001add   Thumb Code    94  seekfree_oled.o(i.oled_p6x8str)
    oled_printf_float                        0x08001b41   Thumb Code   188  seekfree_oled.o(i.oled_printf_float)
    oled_set_pos                             0x08001c01   Thumb Code    40  seekfree_oled.o(i.oled_set_pos)
    ov7725_cof_uart_interrupt                0x08001d81   Thumb Code    66  seekfree_uart_7725.o(i.ov7725_cof_uart_interrupt)
    ov7725_dma                               0x08001dd5   Thumb Code    20  seekfree_7725.o(i.ov7725_dma)
    ov7725_uart_dma                          0x08001df5   Thumb Code    20  seekfree_uart_7725.o(i.ov7725_uart_dma)
    ov7725_uart_vsync                        0x08001e15   Thumb Code    22  seekfree_uart_7725.o(i.ov7725_uart_vsync)
    ov7725_vsync                             0x08001e31   Thumb Code    22  seekfree_7725.o(i.ov7725_vsync)
    printf_reverse_order                     0x08001e4d   Thumb Code    34  seekfree_printf.o(i.printf_reverse_order)
    spi_init                                 0x08001e71   Thumb Code   390  zf_spi.o(i.spi_init)
    spi_mosi                                 0x08002005   Thumb Code    78  zf_spi.o(i.spi_mosi)
    system_init                              0x080020bd   Thumb Code    76  system.o(i.system_init)
    systick_delay                            0x0800211d   Thumb Code    36  zf_systick.o(i.systick_delay)
    systick_delay_ms                         0x08002145   Thumb Code    34  zf_systick.o(i.systick_delay_ms)
    tim_interrupt_init_ms                    0x0800216d   Thumb Code   198  zf_pit.o(i.tim_interrupt_init_ms)
    uart_init                                0x0800224d   Thumb Code   180  zf_uart.o(i.uart_init)
    zf_sprintf                               0x0800233d   Thumb Code   704  seekfree_printf.o(i.zf_sprintf)
    tft_ascii                                0x08002600   Data        1520  seekfree_font.o(.constdata)
    gImage_qq                                0x08002bf0   Data        3200  seekfree_font.o(.constdata)
    chinese_test                             0x08003870   Data         128  seekfree_font.o(.constdata)
    oled_6x8                                 0x080038f0   Data         552  seekfree_font.o(.constdata)
    oled_8x16                                0x08003b18   Data        1520  seekfree_font.o(.constdata)
    oled_16x16_chinese                       0x08004108   Data         128  seekfree_font.o(.constdata)
    Region$$Table$$Base                      0x08004188   Number         0  anon$$obj.o(Region$$Table)
    Region$$Table$$Limit                     0x080041a8   Number         0  anon$$obj.o(Region$$Table)
    SysTickTime                              0x20000000   Data           4  isr.o(.data)
    SysTickTime_s                            0x20000004   Data           4  isr.o(.data)
    NRF_RF_Addr                              0x20000008   Data           5  si24r1.o(.data)
    Rocker_LX                                0x20000010   Data           2  system.o(.data)
    Rocker_LY                                0x20000012   Data           2  system.o(.data)
    Rocker_RX                                0x20000014   Data           2  system.o(.data)
    Rocker_RY                                0x20000016   Data           2  system.o(.data)
    Battery_Power                            0x20000018   Data           4  system.o(.data)
    vodka_i                                  0x2000001c   Data           1  loop.o(.data)
    key_sate                                 0x20000044   Data           1  key.o(.data)
    key_sate_last                            0x20000045   Data           1  key.o(.data)
    camera_type                              0x20000048   Data           1  common.o(.data)
    camera_buffer_addr                       0x2000004c   Data           4  common.o(.data)
    SystemCoreClock                          0x20000050   Data           4  system_mm32spin2xx_p.o(.data)
    AHBPrescTable                            0x20000054   Data          16  system_mm32spin2xx_p.o(.data)
    adc_index                                0x20000064   Data           8  zf_adc.o(.data)
    adc_resolution                           0x2000006c   Data           2  zf_adc.o(.data)
    gpio_group                               0x20000070   Data          16  zf_gpio.o(.data)
    spi_index                                0x20000080   Data           8  zf_spi.o(.data)
    tim_index                                0x20000088   Data          28  zf_tim.o(.data)
    uart_index                               0x200000a4   Data           8  zf_uart.o(.data)
    uart_irq                                 0x200000ac   Data           2  zf_uart.o(.data)
    ov7725_finish_flag                       0x200000ae   Data           1  seekfree_7725.o(.data)
    mt9v03x_finish_flag                      0x200000b2   Data           1  seekfree_mt9v03x.o(.data)
    MT9V03X_CFG                              0x200000b8   Data          36  seekfree_mt9v03x.o(.data)
    GET_CFG                                  0x200000dc   Data          32  seekfree_mt9v03x.o(.data)
    ov7725_uart_finish_flag                  0x200000fc   Data           1  seekfree_uart_7725.o(.data)
    OV7725_CFG                               0x200000fe   Data          24  seekfree_uart_7725.o(.data)
    OV7725_GET_CFG                           0x20000116   Data          20  seekfree_uart_7725.o(.data)
    NRF_RX_Buff                              0x20000130   Data          31  si24r1.o(.bss)
    NRF_TX_Buff                              0x2000014f   Data          31  si24r1.o(.bss)
    __initial_sp                             0x20000570   Data           0  startup_mm32spin2xx_p_keil.o(STACK)



==============================================================================

Memory Map of the image

  Image Entry point : 0x080000c1

  Load Region LR_IROM1 (Base: 0x08000000, Size: 0x000042d8, Max: 0x00020000, ABSOLUTE, COMPRESSED[0x0000423c])

    Execution Region ER_IROM1 (Exec base: 0x08000000, Load base: 0x08000000, Size: 0x000041a8, Max: 0x00020000, ABSOLUTE)

    Exec Addr    Load Addr    Size         Type   Attr      Idx    E Section Name        Object

    0x08000000   0x08000000   0x000000c0   Data   RO          893    RESET               startup_mm32spin2xx_p_keil.o
    0x080000c0   0x080000c0   0x00000000   Code   RO         5309  * .ARM.Collect$$$$00000000  mc_p.l(entry.o)
    0x080000c0   0x080000c0   0x00000004   Code   RO         5348    .ARM.Collect$$$$00000001  mc_p.l(entry2.o)
    0x080000c4   0x080000c4   0x00000004   Code   RO         5351    .ARM.Collect$$$$00000004  mc_p.l(entry5.o)
    0x080000c8   0x080000c8   0x00000000   Code   RO         5353    .ARM.Collect$$$$00000008  mc_p.l(entry7b.o)
    0x080000c8   0x080000c8   0x00000000   Code   RO         5355    .ARM.Collect$$$$0000000A  mc_p.l(entry8b.o)
    0x080000c8   0x080000c8   0x00000008   Code   RO         5356    .ARM.Collect$$$$0000000B  mc_p.l(entry9a.o)
    0x080000d0   0x080000d0   0x00000000   Code   RO         5358    .ARM.Collect$$$$0000000D  mc_p.l(entry10a.o)
    0x080000d0   0x080000d0   0x00000000   Code   RO         5360    .ARM.Collect$$$$0000000F  mc_p.l(entry11a.o)
    0x080000d0   0x080000d0   0x00000004   Code   RO         5349    .ARM.Collect$$$$00002712  mc_p.l(entry2.o)
    0x080000d4   0x080000d4   0x00000084   Code   RO          894    .text               startup_mm32spin2xx_p_keil.o
    0x08000158   0x08000158   0x0000002c   Code   RO         5312    .text               mc_p.l(uidiv.o)
    0x08000184   0x08000184   0x00000028   Code   RO         5314    .text               mc_p.l(idiv.o)
    0x080001ac   0x080001ac   0x00000024   Code   RO         5318    .text               mc_p.l(memcpya.o)
    0x080001d0   0x080001d0   0x0000007a   Code   RO         5322    .text               mf_p.l(fmul.o)
    0x0800024a   0x0800024a   0x0000007c   Code   RO         5324    .text               mf_p.l(fdiv.o)
    0x080002c6   0x080002c6   0x00000002   PAD
    0x080002c8   0x080002c8   0x00000164   Code   RO         5326    .text               mf_p.l(dadd.o)
    0x0800042c   0x0800042c   0x000000d0   Code   RO         5328    .text               mf_p.l(dmul.o)
    0x080004fc   0x080004fc   0x00000016   Code   RO         5330    .text               mf_p.l(fflti.o)
    0x08000512   0x08000512   0x0000000e   Code   RO         5332    .text               mf_p.l(ffltui.o)
    0x08000520   0x08000520   0x00000028   Code   RO         5334    .text               mf_p.l(dflti.o)
    0x08000548   0x08000548   0x00000032   Code   RO         5336    .text               mf_p.l(ffixi.o)
    0x0800057a   0x0800057a   0x00000002   PAD
    0x0800057c   0x0800057c   0x00000048   Code   RO         5340    .text               mf_p.l(dfixi.o)
    0x080005c4   0x080005c4   0x00000028   Code   RO         5342    .text               mf_p.l(f2d.o)
    0x080005ec   0x080005ec   0x00000028   Code   RO         5344    .text               mf_p.l(cdcmple.o)
    0x08000614   0x08000614   0x00000028   Code   RO         5346    .text               mf_p.l(cdrcmple.o)
    0x0800063c   0x0800063c   0x00000020   Code   RO         5362    .text               mc_p.l(llshl.o)
    0x0800065c   0x0800065c   0x00000022   Code   RO         5364    .text               mc_p.l(llushr.o)
    0x0800067e   0x0800067e   0x00000026   Code   RO         5366    .text               mc_p.l(llsshr.o)
    0x080006a4   0x080006a4   0x00000000   Code   RO         5368    .text               mc_p.l(iusefp.o)
    0x080006a4   0x080006a4   0x00000082   Code   RO         5369    .text               mf_p.l(fepilogue.o)
    0x08000726   0x08000726   0x000000be   Code   RO         5371    .text               mf_p.l(depilogue.o)
    0x080007e4   0x080007e4   0x00000024   Code   RO         5375    .text               mc_p.l(init.o)
    0x08000808   0x08000808   0x00000056   Code   RO         5385    .text               mc_p.l(__dczerorl2.o)
    0x0800085e   0x0800085e   0x00000002   Code   RO          570    i.Ang_Loop0         loop.o
    0x08000860   0x08000860   0x00000140   Code   RO          571    i.Ang_Loop1         loop.o
    0x080009a0   0x080009a0   0x0000006c   Code   RO          572    i.Ang_Loop2         loop.o
    0x08000a0c   0x08000a0c   0x0000006a   Code   RO          854    i.AutoCalPllFactor  system_mm32spin2xx_p.o
    0x08000a76   0x08000a76   0x00000002   PAD
    0x08000a78   0x08000a78   0x00000064   Code   RO          623    i.Button_Press      key.o
    0x08000adc   0x08000adc   0x00000014   Code   RO            3    i.DMA1_Channel1_IRQHandler  isr.o
    0x08000af0   0x08000af0   0x00000026   Code   RO            4    i.DMA1_Channel2_3_IRQHandler  isr.o
    0x08000b16   0x08000b16   0x00000002   PAD
    0x08000b18   0x08000b18   0x00000054   Code   RO            5    i.DMA1_Channel4_5_IRQHandler  isr.o
    0x08000b6c   0x08000b6c   0x0000000c   Code   RO         3005    i.DMA_ClearFlag     hal_dma.o
    0x08000b78   0x08000b78   0x00000018   Code   RO         3010    i.DMA_GetFlagStatus  hal_dma.o
    0x08000b90   0x08000b90   0x00000024   Code   RO            6    i.EXTI0_1_IRQHandler  isr.o
    0x08000bb4   0x08000bb4   0x00000024   Code   RO            7    i.EXTI2_3_IRQHandler  isr.o
    0x08000bd8   0x08000bd8   0x00000110   Code   RO            8    i.EXTI4_15_IRQHandler  isr.o
    0x08000ce8   0x08000ce8   0x0000000c   Code   RO         3106    i.EXTI_ClearFlag    hal_exti.o
    0x08000cf4   0x08000cf4   0x00000024   Code   RO         3111    i.EXTI_GetITStatus  hal_exti.o
    0x08000d18   0x08000d18   0x00000004   Code   RO          686    i.HardFault_Handler  common.o
    0x08000d1c   0x08000d1c   0x0000004c   Code   RO          574    i.Loop_Run          loop.o
    0x08000d68   0x08000d68   0x00000004   Code   RO          688    i.NMI_Handler       common.o
    0x08000d6c   0x08000d6c   0x0000001a   Code   RO          399    i.NRF_Check         si24r1.o
    0x08000d86   0x08000d86   0x00000002   PAD
    0x08000d88   0x08000d88   0x000000c8   Code   RO          400    i.NRF_Dev_Init      si24r1.o
    0x08000e50   0x08000e50   0x00000026   Code   RO          403    i.NRF_SPI_R_Reg_Byte  si24r1.o
    0x08000e76   0x08000e76   0x00000014   Code   RO          404    i.NRF_SPI_WR_Byte   si24r1.o
    0x08000e8a   0x08000e8a   0x00000020   Code   RO          405    i.NRF_SPI_W_Cmd_Byte  si24r1.o
    0x08000eaa   0x08000eaa   0x00000036   Code   RO          406    i.NRF_SPI_W_Reg_Burst  si24r1.o
    0x08000ee0   0x08000ee0   0x00000028   Code   RO          407    i.NRF_SPI_W_Reg_Byte  si24r1.o
    0x08000f08   0x08000f08   0x0000008c   Code   RO          408    i.NRF_Send_Packet   si24r1.o
    0x08000f94   0x08000f94   0x00000068   Code   RO         3782    i.NVIC_Init         hal_misc.o
    0x08000ffc   0x08000ffc   0x00000004   Code   RO          689    i.PendSV_Handler    common.o
    0x08001000   0x08001000   0x00000004   Code   RO          690    i.SVC_Handler       common.o
    0x08001004   0x08001004   0x00000008   Code   RO          855    i.SetSysClock       system_mm32spin2xx_p.o
    0x0800100c   0x0800100c   0x00000164   Code   RO          856    i.SetSysClockToXX   system_mm32spin2xx_p.o
    0x08001170   0x08001170   0x0000006c   Code   RO          857    i.SystemInit        system_mm32spin2xx_p.o
    0x080011dc   0x080011dc   0x00000040   Code   RO            9    i.TIM14_IRQHandler  isr.o
    0x0800121c   0x0800121c   0x00000014   Code   RO           10    i.TIM16_IRQHandler  isr.o
    0x08001230   0x08001230   0x00000014   Code   RO           11    i.TIM17_IRQHandler  isr.o
    0x08001244   0x08001244   0x00000014   Code   RO           12    i.TIM1_BRK_UP_TRG_COM_IRQHandler  isr.o
    0x08001258   0x08001258   0x00000012   Code   RO           13    i.TIM2_IRQHandler   isr.o
    0x0800126a   0x0800126a   0x00000002   PAD
    0x0800126c   0x0800126c   0x00000014   Code   RO           14    i.TIM3_IRQHandler   isr.o
    0x08001280   0x08001280   0x00000014   Code   RO           15    i.TIM8_BRK_UP_TRG_COM_IRQHandler  isr.o
    0x08001294   0x08001294   0x00000034   Code   RO           16    i.UART1_IRQHandler  isr.o
    0x080012c8   0x080012c8   0x0000005c   Code   RO           17    i.UART2_IRQHandler  isr.o
    0x08001324   0x08001324   0x0000002e   Code   RO         5373    i.__ARM_clz         mf_p.l(depilogue.o)
    0x08001352   0x08001352   0x0000001c   Code   RO          612    i.__ARM_common_switch8  loop.o
    0x0800136e   0x0800136e   0x0000000e   Code   RO         5379    i.__scatterload_copy  mc_p.l(handlers.o)
    0x0800137c   0x0800137c   0x00000002   Code   RO         5380    i.__scatterload_null  mc_p.l(handlers.o)
    0x0800137e   0x0800137e   0x0000000e   Code   RO         5381    i.__scatterload_zeroinit  mc_p.l(handlers.o)
    0x0800138c   0x0800138c   0x0000006c   Code   RO          900    i.adc_convert       zf_adc.o
    0x080013f8   0x080013f8   0x000000bc   Code   RO          901    i.adc_init          zf_adc.o
    0x080014b4   0x080014b4   0x0000001a   Code   RO          903    i.adc_pin_init      zf_adc.o
    0x080014ce   0x080014ce   0x00000002   PAD
    0x080014d0   0x080014d0   0x000000d8   Code   RO         1058    i.afio_init         zf_gpio.o
    0x080015a8   0x080015a8   0x0000001a   Code   RO          661    i.board_init        board.o
    0x080015c2   0x080015c2   0x00000002   PAD
    0x080015c4   0x080015c4   0x0000002c   Code   RO         1060    i.gpio_get          zf_gpio.o
    0x080015f0   0x080015f0   0x000000c8   Code   RO         1061    i.gpio_init         zf_gpio.o
    0x080016b8   0x080016b8   0x0000005c   Code   RO         1062    i.gpio_set          zf_gpio.o
    0x08001714   0x08001714   0x00000034   Code   RO          624    i.key_init          key.o
    0x08001748   0x08001748   0x0000006c   Code   RO          625    i.key_scan          key.o
    0x080017b4   0x080017b4   0x00000012   Code   RO          379    i.main              main.o
    0x080017c6   0x080017c6   0x00000002   PAD
    0x080017c8   0x080017c8   0x00000020   Code   RO         2181    i.mt9v03x_dma       seekfree_mt9v03x.o
    0x080017e8   0x080017e8   0x00000054   Code   RO         2186    i.mt9v03x_uart_callback  seekfree_mt9v03x.o
    0x0800183c   0x0800183c   0x0000001c   Code   RO         2187    i.mt9v03x_vsync     seekfree_mt9v03x.o
    0x08001858   0x08001858   0x00000094   Code   RO          771    i.number_conversion_ascii  seekfree_printf.o
    0x080018ec   0x080018ec   0x0000003a   Code   RO         2280    i.oled_fill         seekfree_oled.o
    0x08001926   0x08001926   0x00000034   Code   RO         2281    i.oled_hexascii     seekfree_oled.o
    0x0800195a   0x0800195a   0x00000002   PAD
    0x0800195c   0x0800195c   0x00000138   Code   RO         2282    i.oled_init         seekfree_oled.o
    0x08001a94   0x08001a94   0x00000048   Code   RO         2283    i.oled_int16        seekfree_oled.o
    0x08001adc   0x08001adc   0x00000064   Code   RO         2284    i.oled_p6x8str      seekfree_oled.o
    0x08001b40   0x08001b40   0x000000c0   Code   RO         2287    i.oled_printf_float  seekfree_oled.o
    0x08001c00   0x08001c00   0x00000028   Code   RO         2290    i.oled_set_pos      seekfree_oled.o
    0x08001c28   0x08001c28   0x000000ac   Code   RO         2292    i.oled_wrcmd        seekfree_oled.o
    0x08001cd4   0x08001cd4   0x000000ac   Code   RO         2293    i.oled_wrdat        seekfree_oled.o
    0x08001d80   0x08001d80   0x00000054   Code   RO         2425    i.ov7725_cof_uart_interrupt  seekfree_uart_7725.o
    0x08001dd4   0x08001dd4   0x00000020   Code   RO         1585    i.ov7725_dma        seekfree_7725.o
    0x08001df4   0x08001df4   0x00000020   Code   RO         2429    i.ov7725_uart_dma   seekfree_uart_7725.o
    0x08001e14   0x08001e14   0x0000001c   Code   RO         2435    i.ov7725_uart_vsync  seekfree_uart_7725.o
    0x08001e30   0x08001e30   0x0000001c   Code   RO         1598    i.ov7725_vsync      seekfree_7725.o
    0x08001e4c   0x08001e4c   0x00000022   Code   RO          772    i.printf_reverse_order  seekfree_printf.o
    0x08001e6e   0x08001e6e   0x00000002   PAD
    0x08001e70   0x08001e70   0x00000194   Code   RO         1201    i.spi_init          zf_spi.o
    0x08002004   0x08002004   0x00000054   Code   RO         1202    i.spi_mosi          zf_spi.o
    0x08002058   0x08002058   0x00000064   Code   RO         1203    i.spi_pin_init      zf_spi.o
    0x080020bc   0x080020bc   0x00000060   Code   RO          539    i.system_init       system.o
    0x0800211c   0x0800211c   0x00000028   Code   RO         1239    i.systick_delay     zf_systick.o
    0x08002144   0x08002144   0x00000028   Code   RO         1240    i.systick_delay_ms  zf_systick.o
    0x0800216c   0x0800216c   0x000000e0   Code   RO         1117    i.tim_interrupt_init_ms  zf_pit.o
    0x0800224c   0x0800224c   0x000000c4   Code   RO         1358    i.uart_init         zf_uart.o
    0x08002310   0x08002310   0x0000002c   Code   RO         1359    i.uart_pin_init     zf_uart.o
    0x0800233c   0x0800233c   0x000002c4   Code   RO          773    i.zf_sprintf        seekfree_printf.o
    0x08002600   0x08002600   0x00001b88   Data   RO         1740    .constdata          seekfree_font.o
    0x08004188   0x08004188   0x00000020   Data   RO         5377    Region$$Table       anon$$obj.o


    Execution Region RW_IRAM1 (Exec base: 0x20000000, Load base: 0x080041a8, Size: 0x00000570, Max: 0x00003000, ABSOLUTE, COMPRESSED[0x00000094])

    Exec Addr    Load Addr    Size         Type   Attr      Idx    E Section Name        Object

    0x20000000   COMPRESSED   0x00000008   Data   RW           18    .data               isr.o
    0x20000008   COMPRESSED   0x00000005   Data   RW          410    .data               si24r1.o
    0x2000000d   COMPRESSED   0x00000003   PAD
    0x20000010   COMPRESSED   0x0000000c   Data   RW          540    .data               system.o
    0x2000001c   COMPRESSED   0x00000028   Data   RW          575    .data               loop.o
    0x20000044   COMPRESSED   0x00000002   Data   RW          626    .data               key.o
    0x20000046   COMPRESSED   0x00000002   PAD
    0x20000048   COMPRESSED   0x00000008   Data   RW          695    .data               common.o
    0x20000050   COMPRESSED   0x00000014   Data   RW          858    .data               system_mm32spin2xx_p.o
    0x20000064   COMPRESSED   0x0000000a   Data   RW          904    .data               zf_adc.o
    0x2000006e   COMPRESSED   0x00000002   PAD
    0x20000070   COMPRESSED   0x00000010   Data   RW         1064    .data               zf_gpio.o
    0x20000080   COMPRESSED   0x00000008   Data   RW         1204    .data               zf_spi.o
    0x20000088   COMPRESSED   0x0000001c   Data   RW         1298    .data               zf_tim.o
    0x200000a4   COMPRESSED   0x0000000a   Data   RW         1366    .data               zf_uart.o
    0x200000ae   COMPRESSED   0x00000004   Data   RW         1600    .data               seekfree_7725.o
    0x200000b2   COMPRESSED   0x0000004a   Data   RW         2193    .data               seekfree_mt9v03x.o
    0x200000fc   COMPRESSED   0x00000033   Data   RW         2438    .data               seekfree_uart_7725.o
    0x2000012f   COMPRESSED   0x00000001   PAD
    0x20000130        -       0x0000003e   Zero   RW          409    .bss                si24r1.o
    0x2000016e   COMPRESSED   0x00000002   PAD
    0x20000170        -       0x00000400   Zero   RW          891    STACK               startup_mm32spin2xx_p_keil.o


==============================================================================

Image component sizes


      Code (inc. data)   RO Data    RW Data    ZI Data      Debug   Object Name

        26          0          0          0          0        581   board.o
        16          0          0          8          0       4420   common.o
        36         10          0          0          0       1172   hal_dma.o
        48         12          0          0          0       1184   hal_exti.o
       104          4          0          0          0       1000   hal_misc.o
       812         66          0          8          0      81727   isr.o
       260         12          0          2          0       1786   key.o
       534         88          0         40          0       2641   loop.o
        18          0          0          0          0        455   main.o
        60         18          0          4          0       1946   seekfree_7725.o
         0          0       7048          0          0        993   seekfree_font.o
       144         38          0         74          0       2666   seekfree_mt9v03x.o
      1170         32          0          0          0       7207   seekfree_oled.o
       890          4          0          0          0      13471   seekfree_printf.o
       144         36          0         51          0       2784   seekfree_uart_7725.o
       550         22          0          5         62       6935   si24r1.o
       132         58        192          0       1024        772   startup_mm32spin2xx_p_keil.o
        96         20          0         12          0        886   system.o
       578         44          0         20          0       3796   system_mm32spin2xx_p.o
       322         20          0         10          0       3560   zf_adc.o
       552         32          0         16          0       4555   zf_gpio.o
       224         26          0          0          0        936   zf_pit.o
       588         24          0          8          0       4606   zf_spi.o
        80         10          0          0          0       1119   zf_systick.o
         0          0          0         28          0        668   zf_tim.o
       240         16          0         10          0       2986   zf_uart.o

    ----------------------------------------------------------------------
      7642        592       7272        304       1088     154852   Object Totals
         0          0         32          0          0          0   (incl. Generated)
        18          0          0          8          2          0   (incl. Padding)

    ----------------------------------------------------------------------

      Code (inc. data)   RO Data    RW Data    ZI Data      Debug   Library Member Name

        86          0          0          0          0          0   __dczerorl2.o
         0          0          0          0          0          0   entry.o
         0          0          0          0          0          0   entry10a.o
         0          0          0          0          0          0   entry11a.o
         8          4          0          0          0          0   entry2.o
         4          0          0          0          0          0   entry5.o
         0          0          0          0          0          0   entry7b.o
         0          0          0          0          0          0   entry8b.o
         8          4          0          0          0          0   entry9a.o
        30          0          0          0          0          0   handlers.o
        40          0          0          0          0         72   idiv.o
        36          8          0          0          0         68   init.o
         0          0          0          0          0          0   iusefp.o
        32          0          0          0          0         68   llshl.o
        38          0          0          0          0         68   llsshr.o
        34          0          0          0          0         68   llushr.o
        36          0          0          0          0         60   memcpya.o
        44          0          0          0          0         72   uidiv.o
        40          2          0          0          0         68   cdcmple.o
        40          2          0          0          0         68   cdrcmple.o
       356          4          0          0          0        140   dadd.o
       236          0          0          0          0        216   depilogue.o
        72         10          0          0          0         72   dfixi.o
        40          6          0          0          0         68   dflti.o
       208          6          0          0          0         88   dmul.o
        40          0          0          0          0         60   f2d.o
       124          0          0          0          0         72   fdiv.o
       130          0          0          0          0        144   fepilogue.o
        50          0          0          0          0         60   ffixi.o
        22          0          0          0          0         68   fflti.o
        14          0          0          0          0         68   ffltui.o
       122          0          0          0          0         72   fmul.o

    ----------------------------------------------------------------------
      1894         46          0          0          0       1740   Library Totals
         4          0          0          0          0          0   (incl. Padding)

    ----------------------------------------------------------------------

      Code (inc. data)   RO Data    RW Data    ZI Data      Debug   Library Name

       396         16          0          0          0        476   mc_p.l
      1494         30          0          0          0       1264   mf_p.l

    ----------------------------------------------------------------------
      1894         46          0          0          0       1740   Library Totals

    ----------------------------------------------------------------------

==============================================================================


      Code (inc. data)   RO Data    RW Data    ZI Data      Debug   

      9536        638       7272        304       1088     152444   Grand Totals
      9536        638       7272        148       1088     152444   ELF Image Totals (compressed)
      9536        638       7272        148          0          0   ROM Totals

==============================================================================

    Total RO  Size (Code + RO Data)                16808 (  16.41kB)
    Total RW  Size (RW Data + ZI Data)              1392 (   1.36kB)
    Total ROM Size (Code + RO Data + RW Data)      16956 (  16.56kB)

==============================================================================

