Component: ARM Compiler 5.06 update 4 (build 422) Tool: armlink [4d35d2]

==============================================================================

Section Cross References

    isr.o(i.DMA1_Channel1_IRQHandler) refers to hal_dma.o(i.DMA_GetFlagStatus) for DMA_GetFlagStatus
    isr.o(i.DMA1_Channel1_IRQHandler) refers to hal_dma.o(i.DMA_ClearFlag) for DMA_ClearFlag
    isr.o(i.DMA1_Channel2_3_IRQHandler) refers to hal_dma.o(i.DMA_GetFlagStatus) for DMA_GetFlagStatus
    isr.o(i.DMA1_Channel2_3_IRQHandler) refers to hal_dma.o(i.DMA_ClearFlag) for DMA_ClearFlag
    isr.o(i.DMA1_Channel4_5_IRQHandler) refers to hal_dma.o(i.DMA_GetFlagStatus) for DMA_GetFlagStatus
    isr.o(i.DMA1_Channel4_5_IRQHandler) refers to hal_dma.o(i.DMA_ClearFlag) for DMA_ClearFlag
    isr.o(i.DMA1_Channel4_5_IRQHandler) refers to seekfree_7725.o(i.ov7725_dma) for ov7725_dma
    isr.o(i.DMA1_Channel4_5_IRQHandler) refers to seekfree_uart_7725.o(i.ov7725_uart_dma) for ov7725_uart_dma
    isr.o(i.DMA1_Channel4_5_IRQHandler) refers to seekfree_mt9v03x.o(i.mt9v03x_dma) for mt9v03x_dma
    isr.o(i.DMA1_Channel4_5_IRQHandler) refers to common.o(.data) for camera_type
    isr.o(i.EXTI0_1_IRQHandler) refers to hal_exti.o(i.EXTI_GetITStatus) for EXTI_GetITStatus
    isr.o(i.EXTI0_1_IRQHandler) refers to hal_exti.o(i.EXTI_ClearFlag) for EXTI_ClearFlag
    isr.o(i.EXTI2_3_IRQHandler) refers to hal_exti.o(i.EXTI_GetITStatus) for EXTI_GetITStatus
    isr.o(i.EXTI2_3_IRQHandler) refers to hal_exti.o(i.EXTI_ClearFlag) for EXTI_ClearFlag
    isr.o(i.EXTI4_15_IRQHandler) refers to hal_exti.o(i.EXTI_GetITStatus) for EXTI_GetITStatus
    isr.o(i.EXTI4_15_IRQHandler) refers to hal_exti.o(i.EXTI_ClearFlag) for EXTI_ClearFlag
    isr.o(i.EXTI4_15_IRQHandler) refers to seekfree_7725.o(i.ov7725_vsync) for ov7725_vsync
    isr.o(i.EXTI4_15_IRQHandler) refers to seekfree_uart_7725.o(i.ov7725_uart_vsync) for ov7725_uart_vsync
    isr.o(i.EXTI4_15_IRQHandler) refers to seekfree_mt9v03x.o(i.mt9v03x_vsync) for mt9v03x_vsync
    isr.o(i.EXTI4_15_IRQHandler) refers to common.o(.data) for camera_type
    isr.o(i.UART2_IRQHandler) refers to seekfree_uart_7725.o(i.ov7725_cof_uart_interrupt) for ov7725_cof_uart_interrupt
    isr.o(i.UART2_IRQHandler) refers to seekfree_mt9v03x.o(i.mt9v03x_uart_callback) for mt9v03x_uart_callback
    isr.o(i.UART2_IRQHandler) refers to common.o(.data) for camera_type
    main.o(i.main) refers to board.o(i.board_init) for board_init
    main.o(i.main) refers to system.o(i.system_init) for system_init
    main.o(i.main) refers to zf_adc.o(i.adc_convert) for adc_convert
    main.o(i.main) refers to ffltui.o(.text) for __aeabi_ui2f
    main.o(i.main) refers to fmul.o(.text) for __aeabi_fmul
    main.o(i.main) refers to seekfree_oled.o(i.oled_int16) for oled_int16
    main.o(i.main) refers to f2d.o(.text) for __aeabi_f2d
    main.o(i.main) refers to seekfree_oled.o(i.oled_printf_float) for oled_printf_float
    main.o(i.main) refers to si24r1.o(i.NRF_Send_Packet) for NRF_Send_Packet
    main.o(i.main) refers to zf_systick.o(i.systick_delay_ms) for systick_delay_ms
    main.o(i.main) refers to system.o(.data) for Rocker_LX
    main.o(i.main) refers to si24r1.o(.bss) for NRF_RX_Buff
    si24r1.o(i.NRF_Check) refers to si24r1.o(i.NRF_SPI_W_Reg_Byte) for NRF_SPI_W_Reg_Byte
    si24r1.o(i.NRF_Check) refers to si24r1.o(i.NRF_SPI_R_Reg_Byte) for NRF_SPI_R_Reg_Byte
    si24r1.o(i.NRF_Dev_Init) refers to zf_systick.o(i.systick_delay_ms) for systick_delay_ms
    si24r1.o(i.NRF_Dev_Init) refers to zf_spi.o(i.spi_init) for spi_init
    si24r1.o(i.NRF_Dev_Init) refers to zf_gpio.o(i.gpio_init) for gpio_init
    si24r1.o(i.NRF_Dev_Init) refers to zf_gpio.o(i.gpio_set) for gpio_set
    si24r1.o(i.NRF_Dev_Init) refers to si24r1.o(i.NRF_Check) for NRF_Check
    si24r1.o(i.NRF_Dev_Init) refers to si24r1.o(i.NRF_SPI_W_Reg_Byte) for NRF_SPI_W_Reg_Byte
    si24r1.o(i.NRF_Dev_Init) refers to si24r1.o(i.NRF_SPI_W_Reg_Burst) for NRF_SPI_W_Reg_Burst
    si24r1.o(i.NRF_Dev_Init) refers to si24r1.o(i.NRF_SPI_W_Cmd_Byte) for NRF_SPI_W_Cmd_Byte
    si24r1.o(i.NRF_Dev_Init) refers to system_mm32spin2xx_p.o(.data) for SystemCoreClock
    si24r1.o(i.NRF_Dev_Init) refers to si24r1.o(.data) for NRF_RF_Addr
    si24r1.o(i.NRF_Rece_Packet) refers to zf_gpio.o(i.gpio_get) for gpio_get
    si24r1.o(i.NRF_Rece_Packet) refers to si24r1.o(i.NRF_SPI_R_Reg_Byte) for NRF_SPI_R_Reg_Byte
    si24r1.o(i.NRF_Rece_Packet) refers to si24r1.o(i.NRF_SPI_W_Reg_Byte) for NRF_SPI_W_Reg_Byte
    si24r1.o(i.NRF_Rece_Packet) refers to si24r1.o(i.NRF_SPI_R_Reg_Burst) for NRF_SPI_R_Reg_Burst
    si24r1.o(i.NRF_SPI_R_Reg_Burst) refers to zf_gpio.o(i.gpio_set) for gpio_set
    si24r1.o(i.NRF_SPI_R_Reg_Burst) refers to si24r1.o(i.NRF_SPI_WR_Byte) for NRF_SPI_WR_Byte
    si24r1.o(i.NRF_SPI_R_Reg_Byte) refers to zf_gpio.o(i.gpio_set) for gpio_set
    si24r1.o(i.NRF_SPI_R_Reg_Byte) refers to si24r1.o(i.NRF_SPI_WR_Byte) for NRF_SPI_WR_Byte
[...]
    Removing seekfree_mma8451.o(.revsh_text), (4 bytes).
    Removing seekfree_mma8451.o(i.get_mma8451), (172 bytes).
    Removing seekfree_mma8451.o(i.mma8451_self_check), (30 bytes).
    Removing seekfree_mma8451.o(i.mma845x_init), (46 bytes).
    Removing seekfree_mma8451.o(.data), (6 bytes).
    Removing seekfree_mpu6050.o(.rev16_text), (4 bytes).
    Removing seekfree_mpu6050.o(.revsh_text), (4 bytes).
    Removing seekfree_mpu6050.o(i.get_accdata), (88 bytes).
    Removing seekfree_mpu6050.o(i.get_gyro), (88 bytes).
    Removing seekfree_mpu6050.o(i.mpu6050_init), (88 bytes).
    Removing seekfree_mpu6050.o(i.mpu6050_self1_check), (40 bytes).
    Removing seekfree_mpu6050.o(.data), (12 bytes).
    Removing seekfree_mt9v03x.o(.rev16_text), (4 bytes).
    Removing seekfree_mt9v03x.o(.revsh_text), (4 bytes).
    Removing seekfree_mt9v03x.o(i.get_config), (100 bytes).
    Removing seekfree_mt9v03x.o(i.get_version), (72 bytes).
    Removing seekfree_mt9v03x.o(i.mt9v03x_dma_init), (80 bytes).
    Removing seekfree_mt9v03x.o(i.mt9v03x_exti_init), (36 bytes).
    Removing seekfree_mt9v03x.o(i.mt9v03x_init), (128 bytes).
    Removing seekfree_mt9v03x.o(i.mt9v03x_tim1_etr_init), (16 bytes).
    Removing seekfree_mt9v03x.o(i.seekfree_sendimg_03x), (58 bytes).
    Removing seekfree_mt9v03x.o(i.set_config), (116 bytes).
    Removing seekfree_mt9v03x.o(i.set_exposure_time), (76 bytes).
    Removing seekfree_mt9v03x.o(i.set_mt9v03x_reg), (112 bytes).
    Removing seekfree_mt9v03x.o(.bss), (9400 bytes).
    Removing seekfree_oled.o(.rev16_text), (4 bytes).
    Removing seekfree_oled.o(.revsh_text), (4 bytes).
    Removing seekfree_oled.o(i.oled_clrpixel), (54 bytes).
    Removing seekfree_oled.o(i.oled_dis_bmp), (536 bytes).
    Removing seekfree_oled.o(i.oled_p8x16str), (140 bytes).
    Removing seekfree_oled.o(i.oled_print_chinese), (94 bytes).
    Removing seekfree_oled.o(i.oled_printf_int32), (104 bytes).
    Removing seekfree_oled.o(i.oled_putpixel), (56 bytes).
    Removing seekfree_oled.o(i.oled_uint16), (30 bytes).
    Removing seekfree_tsl1401.o(.rev16_text), (4 bytes).
    Removing seekfree_tsl1401.o(.revsh_text), (4 bytes).
    Removing seekfree_tsl1401.o(i.ccd_collect), (136 bytes).
    Removing seekfree_tsl1401.o(i.ccd_init), (72 bytes).
    Removing seekfree_tsl1401.o(i.ccd_send_data), (76 bytes).
    Removing seekfree_tsl1401.o(.bss), (512 bytes).
    Removing seekfree_tsl1401.o(.data), (6 bytes).
    Removing seekfree_uart_7725.o(.rev16_text), (4 bytes).
    Removing seekfree_uart_7725.o(.revsh_text), (4 bytes).
    Removing seekfree_uart_7725.o(i.Image_Decompression), (64 bytes).
    Removing seekfree_uart_7725.o(i.ov7725_get_all_config), (108 bytes).
    Removing seekfree_uart_7725.o(i.ov7725_get_version), (76 bytes).
    Removing seekfree_uart_7725.o(i.ov7725_set_all_config), (124 bytes).
    Removing seekfree_uart_7725.o(i.ov7725_uart_dma_init), (80 bytes).
    Removing seekfree_uart_7725.o(i.ov7725_uart_exti_init), (36 bytes).
    Removing seekfree_uart_7725.o(i.ov7725_uart_get_id), (76 bytes).
    Removing seekfree_uart_7725.o(i.ov7725_uart_init), (136 bytes).
    Removing seekfree_uart_7725.o(i.ov7725_uart_tim_etr_init), (16 bytes).
    Removing seekfree_uart_7725.o(i.seekfree_sendimg_7725), (60 bytes).
    Removing seekfree_uart_7725.o(.bss), (2400 bytes).
    Removing seekfree_virsco.o(.rev16_text), (4 bytes).
    Removing seekfree_virsco.o(.revsh_text), (4 bytes).
    Removing seekfree_virsco.o(i.CRC_CHECK), (68 bytes).
    Removing seekfree_virsco.o(i.data_conversion), (86 bytes).
    Removing seekfree_virsco.o(.bss), (10 bytes).
    Removing seekfree_wireless.o(.rev16_text), (4 bytes).
    Removing seekfree_wireless.o(.revsh_text), (4 bytes).
    Removing seekfree_wireless.o(i.seekfree_wireless_init), (40 bytes).
    Removing seekfree_wireless.o(i.seekfree_wireless_send_buff), (68 bytes).
    Removing seekfree_wireless.o(i.wireless_uart_callback), (52 bytes).
    Removing seekfree_wireless.o(.bss), (16 bytes).
    Removing seekfree_wireless.o(.data), (2 bytes).
    Removing hal_adc.o(.rev16_text), (4 bytes).
    Removing hal_adc.o(.revsh_text), (4 bytes).
    Removing hal_adc.o(i.ADC_AnalogWatchdogCmd), (24 bytes).
    Removing hal_adc.o(i.ADC_AnalogWatchdogSingleChannelConfig), (20 bytes).
    Removing hal_adc.o(i.ADC_AnalogWatchdogThresholdsConfig), (12 bytes).
    Removing hal_adc.o(i.ADC_ClearFlag), (24 bytes).
    Removing hal_adc.o(i.ADC_ClearITPendingBit), (24 bytes).
    Removing hal_adc.o(i.ADC_Cmd), (24 bytes).
    Removing hal_adc.o(i.ADC_DMACmd), (24 bytes).
    Removing hal_adc.o(i.ADC_DeInit), (32 bytes).
    Removing hal_adc.o(i.ADC_ExternalTrigConvCmd), (24 bytes).
    Removing hal_adc.o(i.ADC_ExternalTrigInjectedConvCmd), (24 bytes).
    Removing hal_adc.o(i.ADC_ExternalTrigInjectedConvConfig), (20 bytes).
    Removing hal_adc.o(i.ADC_GetConversionValue), (6 bytes).
    Removing hal_adc.o(i.ADC_GetDualModeConversionValue), (12 bytes).
    Removing hal_adc.o(i.ADC_GetFlagStatus), (22 bytes).
    Removing hal_adc.o(i.ADC_GetITStatus), (22 bytes).
    Removing hal_adc.o(i.ADC_GetSoftwareStartConvStatus), (14 bytes).
    Removing hal_adc.o(i.ADC_ITConfig), (54 bytes).
    Removing hal_adc.o(i.ADC_Init), (56 bytes).
    Removing hal_adc.o(i.ADC_RegularChannelConfig), (86 bytes).
    Removing hal_adc.o(i.ADC_SoftwareStartConvCmd), (28 bytes).
    Removing hal_adc.o(i.ADC_StructInit), (16 bytes).
    Removing hal_adc.o(i.ADC_TempSensorCmd), (12 bytes).
    Removing hal_adc.o(i.ADC_TempSensorVrefintCmd), (36 bytes).
    Removing hal_adc.o(i.ADC_VrefintCmd), (12 bytes).
    Removing hal_adc.o(i.exADC_TempSensorVrefintCmd), (88 bytes).
    Removing hal_bkp.o(.rev16_text), (4 bytes).
    Removing hal_bkp.o(.revsh_text), (4 bytes).
    Removing hal_bkp.o(i.BKP_ReadBackupRegister), (16 bytes).
    Removing hal_bkp.o(i.BKP_WriteBackupRegister), (12 bytes).
    Removing hal_bkp.o(i.exBKP_ImmRead), (44 bytes).
    Removing hal_bkp.o(i.exBKP_ImmWrite), (44 bytes).
    Removing hal_bkp.o(i.exBKP_Init), (32 bytes).
    Removing hal_comp.o(.rev16_text), (4 bytes).
    Removing hal_comp.o(.revsh_text), (4 bytes).
    Removing hal_comp.o(i.COMP_Cmd), (44 bytes).
    Removing hal_comp.o(i.COMP_DeInit), (16 bytes).
    Removing hal_comp.o(i.COMP_GetOutputLevel), (32 bytes).
    Removing hal_comp.o(i.COMP_Init), (44 bytes).
    Removing hal_comp.o(i.COMP_LockConfig), (24 bytes).
    Removing hal_comp.o(i.COMP_SetCrv), (36 bytes).
    Removing hal_comp.o(i.COMP_StructInit), (28 bytes).
    Removing hal_comp.o(i.COMP_SwitchCmd), (44 bytes).
    Removing hal_comp.o(i.exCOMP_CrvCmd), (36 bytes).
    Removing hal_comp.o(i.exCOMP_CrvSrc), (16 bytes).
    Removing hal_comp.o(i.exCOMP_SwitchCrv), (16 bytes).
    Removing hal_crc.o(.rev16_text), (4 bytes).
    Removing hal_crc.o(.revsh_text), (4 bytes).
    Removing hal_crc.o(i.CRC_CalcBlockCRC), (36 bytes).
    Removing hal_crc.o(i.CRC_CalcCRC), (20 bytes).
    Removing hal_crc.o(i.CRC_GetCRC), (12 bytes).
    Removing hal_crc.o(i.CRC_GetIDRegister), (12 bytes).
    Removing hal_crc.o(i.CRC_ResetDR), (12 bytes).
    Removing hal_crc.o(i.CRC_SetIDRegister), (12 bytes).
    Removing hal_dbg.o(.rev16_text), (4 bytes).
    Removing hal_dbg.o(.revsh_text), (4 bytes).
    Removing hal_dbg.o(i.DBGMCU_Configure), (32 bytes).
    Removing hal_div.o(.rev16_text), (4 bytes).
    Removing hal_div.o(.revsh_text), (4 bytes).
    Removing hal_div.o(i.Divider_Calc), (16 bytes).
    Removing hal_div.o(i.HWDivider_Calc), (36 bytes).
    Removing hal_div.o(i.HWDivider_Init), (24 bytes).
    Removing hal_dma.o(.rev16_text), (4 bytes).
    Removing hal_dma.o(.revsh_text), (4 bytes).
    Removing hal_dma.o(i.DMA_ClearITPendingBit), (12 bytes).
    Removing hal_dma.o(i.DMA_Cmd), (12 bytes).
    Removing hal_dma.o(i.DMA_DeInit), (56 bytes).
    Removing hal_dma.o(i.DMA_GetCurrDataCounter), (8 bytes).
    Removing hal_dma.o(i.DMA_GetITStatus), (24 bytes).
    Removing hal_dma.o(i.DMA_ITConfig), (20 bytes).
    Removing hal_dma.o(i.DMA_Init), (76 bytes).
    Removing hal_dma.o(i.DMA_StructInit), (28 bytes).
    Removing hal_dma.o(i.exDMA_ClearITPendingBit), (44 bytes).
    Removing hal_dma.o(i.exDMA_SetMemoryAddress), (4 bytes).
    Removing hal_dma.o(i.exDMA_SetPeripheralAddress), (4 bytes).
    Removing hal_dma.o(i.exDMA_SetTransmitLen), (4 bytes).
    Removing hal_exti.o(.rev16_text), (4 bytes).
    Removing hal_exti.o(.revsh_text), (4 bytes).
    Removing hal_exti.o(i.EXTI_ClearITPendingBit), (12 bytes).
    Removing hal_exti.o(i.EXTI_DeInit), (64 bytes).
    Removing hal_exti.o(i.EXTI_GenerateSWInterrupt), (16 bytes).
    Removing hal_exti.o(i.EXTI_GetFlagStatus), (24 bytes).
    Removing hal_exti.o(i.EXTI_Init), (192 bytes).
    Removing hal_exti.o(i.EXTI_LineConfig), (60 bytes).
    Removing hal_exti.o(i.EXTI_MemoryRemapConfig), (20 bytes).
    Removing hal_exti.o(i.EXTI_StructInit), (16 bytes).
    Removing hal_exti.o(i.exEXTI_GetAllFlagStatus), (12 bytes).
    Removing hal_exti.o(i.exEXTI_LineDisable), (40 bytes).
    Removing hal_flash.o(.rev16_text), (4 bytes).
    Removing hal_flash.o(.revsh_text), (4 bytes).
    Removing hal_flash.o(i.FLASH_ClearFlag), (12 bytes).
    Removing hal_flash.o(i.FLASH_EnableWriteProtection), (56 bytes).
    Removing hal_flash.o(i.FLASH_EraseAllPages), (40 bytes).
    Removing hal_flash.o(i.FLASH_EraseOptionBytes), (44 bytes).
    Removing hal_flash.o(i.FLASH_ErasePage), (48 bytes).
    Removing hal_flash.o(i.FLASH_EraseProtect), (44 bytes).
    Removing hal_flash.o(i.FLASH_GetFlagStatus), (36 bytes).
    Removing hal_flash.o(i.FLASH_GetPrefetchBufferStatus), (16 bytes).
    Removing hal_flash.o(i.FLASH_GetStatus), (56 bytes).
    Removing hal_flash.o(i.FLASH_GetUserOptionByte), (12 bytes).
    Removing hal_flash.o(i.FLASH_GetWriteProtectionOptionByte), (12 bytes).
    Removing hal_flash.o(i.FLASH_HalfCycleAccessCmd), (28 bytes).
    Removing hal_flash.o(i.FLASH_ITConfig), (32 bytes).
    Removing hal_flash.o(i.FLASH_Lock), (20 bytes).
    Removing hal_flash.o(i.FLASH_OPTB_Enable), (24 bytes).
    Removing hal_flash.o(i.FLASH_PrefetchBufferCmd), (28 bytes).
    Removing hal_flash.o(i.FLASH_ProgramHalfWord), (32 bytes).
    Removing hal_flash.o(i.FLASH_ProgramOptionByteData), (72 bytes).
    Removing hal_flash.o(i.FLASH_ProgramOptionHalfWord), (40 bytes).
    Removing hal_flash.o(i.FLASH_ProgramProtect), (16 bytes).
    Removing hal_flash.o(i.FLASH_ProgramWord), (34 bytes).
    Removing hal_flash.o(i.FLASH_SetLatency), (20 bytes).
    Removing hal_flash.o(i.FLASH_Unlock), (24 bytes).
    Removing hal_flash.o(i.FLASH_UserOptionByteConfig), (72 bytes).
    Removing hal_flash.o(i.FLASH_WaitForLastOperation), (60 bytes).
    Removing hal_flash.o(i.exFLASH_EraseEE), (20 bytes).
    Removing hal_flash.o(i.exFLASH_FindEmpty), (44 bytes).
    Removing hal_flash.o(i.exFLASH_Locate), (70 bytes).
    Removing hal_flash.o(i.exFLASH_ProgramEE), (48 bytes).
    Removing hal_flash.o(i.exFLASH_ReadEE), (36 bytes).
    Removing hal_flash.o(i.exFLASH_WriteEE), (132 bytes).
    Removing hal_gpio.o(.rev16_text), (4 bytes).
    Removing hal_gpio.o(.revsh_text), (4 bytes).
    Removing hal_gpio.o(i.GPIO_AFIODeInit), (52 bytes).
    Removing hal_gpio.o(i.GPIO_DeInit), (86 bytes).
    Removing hal_gpio.o(i.GPIO_Init), (154 bytes).
    Removing hal_gpio.o(i.GPIO_PinAFConfig), (40 bytes).
    Removing hal_gpio.o(i.GPIO_PinLock), (20 bytes).
    Removing hal_gpio.o(i.GPIO_PinLockConfig), (24 bytes).
    Removing hal_gpio.o(i.GPIO_ReadInputData), (8 bytes).
    Removing hal_gpio.o(i.GPIO_ReadInputDataBit), (18 bytes).
    Removing hal_gpio.o(i.GPIO_ReadOutputData), (8 bytes).
    Removing hal_gpio.o(i.GPIO_ReadOutputDataBit), (18 bytes).
    Removing hal_gpio.o(i.GPIO_ResetBits), (4 bytes).
    Removing hal_gpio.o(i.GPIO_SetBits), (4 bytes).
    Removing hal_gpio.o(i.GPIO_StructInit), (16 bytes).
    Removing hal_gpio.o(i.GPIO_Write), (4 bytes).
    Removing hal_gpio.o(i.GPIO_WriteBit), (12 bytes).
    Removing hal_gpio.o(i.exGPIO_PinAFConfig), (74 bytes).
    Removing hal_i2c.o(.rev16_text), (4 bytes).
    Removing hal_i2c.o(.revsh_text), (4 bytes).
    Removing hal_i2c.o(i.I2C_CheckEvent), (44 bytes).
    Removing hal_i2c.o(i.I2C_ClearFlag), (146 bytes).
    Removing hal_i2c.o(i.I2C_ClearITPendingBit), (146 bytes).
    Removing hal_i2c.o(i.I2C_Cmd), (32 bytes).
    Removing hal_i2c.o(i.I2C_DMACmd), (60 bytes).
    Removing hal_i2c.o(i.I2C_DMAConfigure), (10 bytes).
    Removing hal_i2c.o(i.I2C_DeInit), (32 bytes).
    Removing hal_i2c.o(i.I2C_DualAddressCmd), (32 bytes).
    Removing hal_i2c.o(i.I2C_GeneralCallCmd), (28 bytes).
    Removing hal_i2c.o(i.I2C_GenerateSTART), (24 bytes).
    Removing hal_i2c.o(i.I2C_GenerateSTOP), (56 bytes).
    Removing hal_i2c.o(i.I2C_GetFlagStatus), (72 bytes).
    Removing hal_i2c.o(i.I2C_GetITStatus), (18 bytes).
    Removing hal_i2c.o(i.I2C_GetLastEvent), (16 bytes).
    Removing hal_i2c.o(i.I2C_ITConfig), (36 bytes).
    Removing hal_i2c.o(i.I2C_Init), (208 bytes).
    Removing hal_i2c.o(i.I2C_OwnAddress2Config), (14 bytes).
    Removing hal_i2c.o(i.I2C_ReadCmd), (8 bytes).
    Removing hal_i2c.o(i.I2C_ReadRegister), (6 bytes).
    Removing hal_i2c.o(i.I2C_ReceiveData), (20 bytes).
    Removing hal_i2c.o(i.I2C_Send7bitAddress), (6 bytes).
    Removing hal_i2c.o(i.I2C_SendData), (4 bytes).
    Removing hal_i2c.o(i.I2C_SendSlaveAddress), (6 bytes).
    Removing hal_i2c.o(i.I2C_SlaveConfigure), (24 bytes).
    Removing hal_i2c.o(i.I2C_StructInit), (24 bytes).
    Removing hal_i2c.o(.data), (4 bytes).
    Removing hal_iwdg.o(.rev16_text), (4 bytes).
    Removing hal_iwdg.o(.revsh_text), (4 bytes).
    Removing hal_iwdg.o(i.IWDG_ClearIT), (20 bytes).
    Removing hal_iwdg.o(i.IWDG_ClearITPendingBit), (20 bytes).
    Removing hal_iwdg.o(i.IWDG_Enable), (16 bytes).
    Removing hal_iwdg.o(i.IWDG_EnableIT), (20 bytes).
    Removing hal_iwdg.o(i.IWDG_GetFlagStatus), (24 bytes).
    Removing hal_iwdg.o(i.IWDG_GetReload), (12 bytes).
    Removing hal_iwdg.o(i.IWDG_OverflowConfig), (28 bytes).
    Removing hal_iwdg.o(i.IWDG_ReloadCounter), (16 bytes).
    Removing hal_iwdg.o(i.IWDG_Reset), (20 bytes).
    Removing hal_iwdg.o(i.IWDG_SetPrescaler), (20 bytes).
    Removing hal_iwdg.o(i.IWDG_SetReload), (20 bytes).
    Removing hal_iwdg.o(i.IWDG_WriteAccessCmd), (12 bytes).
    Removing hal_iwdg.o(i.PVU_CheckStatus), (16 bytes).
    Removing hal_iwdg.o(i.RVU_CheckStatus), (16 bytes).
    Removing hal_misc.o(.rev16_text), (4 bytes).
    Removing hal_misc.o(.revsh_text), (4 bytes).
    Removing hal_misc.o(i.NVIC_Init), (104 bytes).
    Removing hal_misc.o(i.NVIC_SystemLPConfig), (32 bytes).
    Removing hal_misc.o(i.SysTick_CLKSourceConfig), (36 bytes).
    Removing hal_misc.o(i.exNVIC_Init), (104 bytes).
    Removing hal_opamp.o(.rev16_text), (4 bytes).
    Removing hal_opamp.o(.revsh_text), (4 bytes).
    Removing hal_opamp.o(i.OPAMP_Configure), (32 bytes).
    Removing hal_pwr.o(.rev16_text), (4 bytes).
    Removing hal_pwr.o(.revsh_text), (4 bytes).
    Removing hal_pwr.o(i.PWR_BackupAccessCmd), (40 bytes).
    Removing hal_pwr.o(i.PWR_ClearFlag), (20 bytes).
    Removing hal_pwr.o(i.PWR_DeInit), (12 bytes).
    Removing hal_pwr.o(i.PWR_EnterSTANDBYMode), (40 bytes).
    Removing hal_pwr.o(i.PWR_EnterSTOPMode), (44 bytes).
    Removing hal_pwr.o(i.PWR_GetFlagStatus), (16 bytes).
    Removing hal_pwr.o(i.PWR_PVDCmd), (36 bytes).
    Removing hal_pwr.o(i.PWR_PVDLevelConfig), (24 bytes).
    Removing hal_pwr.o(i.PWR_WakeUpPinCmd), (40 bytes).
    Removing hal_pwr.o(i.exPWR_EnterLowPowerMode), (52 bytes).
    Removing hal_rcc.o(.rev16_text), (4 bytes).
    Removing hal_rcc.o(.revsh_text), (4 bytes).
    Removing hal_rcc.o(i.RCC_ADCCLKConfig), (24 bytes).
    Removing hal_rcc.o(i.RCC_AHBPeriphClockCmd), (32 bytes).
    Removing hal_rcc.o(i.RCC_AHBPeriphResetCmd), (32 bytes).
    Removing hal_rcc.o(i.RCC_APB1PeriphClockCmd), (32 bytes).
    Removing hal_rcc.o(i.RCC_APB1PeriphResetCmd), (32 bytes).
    Removing hal_rcc.o(i.RCC_APB2PeriphClockCmd), (32 bytes).
    Removing hal_rcc.o(i.RCC_APB2PeriphResetCmd), (32 bytes).
    Removing hal_rcc.o(i.RCC_ClearFlag), (20 bytes).
    Removing hal_rcc.o(i.RCC_ClearITPendingBit), (20 bytes).
    Removing hal_rcc.o(i.RCC_ClockSecuritySystemCmd), (24 bytes).
    Removing hal_rcc.o(i.RCC_DeInit), (64 bytes).
    Removing hal_rcc.o(i.RCC_GetClocksFreq), (72 bytes).
    Removing hal_rcc.o(i.RCC_GetFlagStatus), (56 bytes).
    Removing hal_rcc.o(i.RCC_GetHCLKFreq), (32 bytes).
    Removing hal_rcc.o(i.RCC_GetITStatus), (16 bytes).
    Removing hal_rcc.o(i.RCC_GetPCLK1Freq), (36 bytes).
    Removing hal_rcc.o(i.RCC_GetPCLK2Freq), (36 bytes).
    Removing hal_rcc.o(i.RCC_GetSYSCLKSource), (16 bytes).
    Removing hal_rcc.o(i.RCC_GetSysClockFreq), (136 bytes).
    Removing hal_rcc.o(i.RCC_HCLKConfig), (20 bytes).
    Removing hal_rcc.o(i.RCC_HSEConfig), (88 bytes).
    Removing hal_rcc.o(i.RCC_HSICmd), (20 bytes).
    Removing hal_rcc.o(i.RCC_ITConfig), (36 bytes).
    Removing hal_rcc.o(i.RCC_LSICmd), (20 bytes).
    Removing hal_rcc.o(i.RCC_MCOConfig), (24 bytes).
    Removing hal_rcc.o(i.RCC_PCLK1Config), (24 bytes).
    Removing hal_rcc.o(i.RCC_PCLK2Config), (24 bytes).
    Removing hal_rcc.o(i.RCC_PLLCmd), (24 bytes).
    Removing hal_rcc.o(i.RCC_PLLConfig), (92 bytes).
    Removing hal_rcc.o(i.RCC_PLLDMDNConfig), (32 bytes).
    Removing hal_rcc.o(i.RCC_SYSCLKConfig), (20 bytes).
    Removing hal_rcc.o(i.RCC_WaitForFlagStartUp), (38 bytes).
    Removing hal_rcc.o(i.RCC_WaitForHSEStartUp), (46 bytes).
    Removing hal_rcc.o(i.__NVIC_SetPriority), (120 bytes).
    Removing hal_rcc.o(i.exRCC_APB1PeriphReset), (24 bytes).
    Removing hal_rcc.o(i.exRCC_APB2PeriphReset), (24 bytes).
    Removing hal_rcc.o(i.exRCC_BackupReset), (2 bytes).
    Removing hal_rcc.o(i.exRCC_SystickDisable), (20 bytes).
    Removing hal_rcc.o(i.exRCC_SystickEnable), (72 bytes).
    Removing hal_rcc.o(.data), (16 bytes).
    Removing hal_spi.o(.rev16_text), (4 bytes).
    Removing hal_spi.o(.revsh_text), (4 bytes).
    Removing hal_spi.o(i.SPI_BiDirectionalLineConfig), (64 bytes).
    Removing hal_spi.o(i.SPI_CSInternalSelected), (24 bytes).
    Removing hal_spi.o(i.SPI_ClearITPendingBit), (8 bytes).
    Removing hal_spi.o(i.SPI_Cmd), (24 bytes).
    Removing hal_spi.o(i.SPI_DMACmd), (28 bytes).
    Removing hal_spi.o(i.SPI_DataSizeConfig), (20 bytes).
    Removing hal_spi.o(i.SPI_DataSizeTypeConfig), (18 bytes).
    Removing hal_spi.o(i.SPI_DeInit), (72 bytes).
    Removing hal_spi.o(i.SPI_FifoTrigger), (20 bytes).
    Removing hal_spi.o(i.SPI_GetFlagStatus), (18 bytes).
    Removing hal_spi.o(i.SPI_GetITStatus), (18 bytes).
    Removing hal_spi.o(i.SPI_ITConfig), (38 bytes).
    Removing hal_spi.o(i.SPI_Init), (140 bytes).
    Removing hal_spi.o(i.SPI_NSSInternalSoftwareConfig), (28 bytes).
    Removing hal_spi.o(i.SPI_ReceiveData), (50 bytes).
    Removing hal_spi.o(i.SPI_RxBytes), (4 bytes).
    Removing hal_spi.o(i.SPI_SendData), (42 bytes).
    Removing hal_spi.o(i.SPI_SlaveAdjust), (24 bytes).
    Removing hal_spi.o(i.SPI_StructInit), (32 bytes).
    Removing hal_spi.o(i.exSPI_CSInternalSelected), (24 bytes).
    Removing hal_spi.o(i.exSPI_DMACmd), (28 bytes).
    Removing hal_spi.o(i.exSPI_DataEdgeAdjust), (58 bytes).
    Removing hal_spi.o(i.exSPI_ITCmd), (24 bytes).
    Removing hal_spi.o(i.exSPI_ITConfig), (20 bytes).
    Removing hal_sqrt.o(.rev16_text), (4 bytes).
    Removing hal_sqrt.o(.revsh_text), (4 bytes).
    Removing hal_sqrt.o(i.HWRoot_Get), (12 bytes).
    Removing hal_sqrt.o(i.HWRoot_Set), (12 bytes).
    Removing hal_tim.o(.rev16_text), (4 bytes).
    Removing hal_tim.o(.revsh_text), (4 bytes).
    Removing hal_tim.o(i.TI1_Configure), (32 bytes).
    Removing hal_tim.o(i.TI2_Configure), (38 bytes).
    Removing hal_tim.o(i.TI3_Configure), (38 bytes).
    Removing hal_tim.o(i.TI4_Configure), (42 bytes).
    Removing hal_tim.o(i.TIM_ARRPreloadConfig), (24 bytes).
    Removing hal_tim.o(i.TIM_BDTRConfig), (30 bytes).
    Removing hal_tim.o(i.TIM_BDTRStructInit), (18 bytes).
    Removing hal_tim.o(i.TIM_CCPreloadControl), (24 bytes).
    Removing hal_tim.o(i.TIM_CCxCmd), (20 bytes).
    Removing hal_tim.o(i.TIM_CCxNCmd), (24 bytes).
    Removing hal_tim.o(i.TIM_ClearFlag), (8 bytes).
    Removing hal_tim.o(i.TIM_ClearITPendingBit), (8 bytes).
    Removing hal_tim.o(i.TIM_ClearOC1Ref), (12 bytes).
    Removing hal_tim.o(i.TIM_ClearOC2Ref), (16 bytes).
    Removing hal_tim.o(i.TIM_ClearOC3Ref), (12 bytes).
    Removing hal_tim.o(i.TIM_ClearOC4Ref), (16 bytes).
    Removing hal_tim.o(i.TIM_Cmd), (24 bytes).
    Removing hal_tim.o(i.TIM_CounterModeConfig), (12 bytes).
    Removing hal_tim.o(i.TIM_CtrlPWMOutputs), (28 bytes).
    Removing hal_tim.o(i.TIM_DMACmd), (20 bytes).
    Removing hal_tim.o(i.TIM_DMAConfig), (8 bytes).
    Removing hal_tim.o(i.TIM_DeInit), (144 bytes).
    Removing hal_tim.o(i.TIM_ETRClockMode1Config), (34 bytes).
    Removing hal_tim.o(i.TIM_ETRClockMode2Config), (34 bytes).
    Removing hal_tim.o(i.TIM_ETRConfig), (50 bytes).
    Removing hal_tim.o(i.TIM_EncoderInterfaceConfig), (44 bytes).
    Removing hal_tim.o(i.TIM_ForcedOC1Config), (12 bytes).
    Removing hal_tim.o(i.TIM_ForcedOC2Config), (16 bytes).
    Removing hal_tim.o(i.TIM_ForcedOC3Config), (12 bytes).
    Removing hal_tim.o(i.TIM_ForcedOC4Config), (16 bytes).
    Removing hal_tim.o(i.TIM_GenerateEvent), (4 bytes).
    Removing hal_tim.o(i.TIM_GetCapture1), (6 bytes).
    Removing hal_tim.o(i.TIM_GetCapture2), (6 bytes).
    Removing hal_tim.o(i.TIM_GetCapture3), (6 bytes).
    Removing hal_tim.o(i.TIM_GetCapture4), (6 bytes).
    Removing hal_tim.o(i.TIM_GetCounter), (6 bytes).
    Removing hal_tim.o(i.TIM_GetFlagStatus), (18 bytes).
    Removing hal_tim.o(i.TIM_GetITStatus), (26 bytes).
    Removing hal_tim.o(i.TIM_GetPrescaler), (8 bytes).
    Removing hal_tim.o(i.TIM_ICInit), (120 bytes).
    Removing hal_tim.o(i.TIM_ICStructInit), (18 bytes).
    Removing hal_tim.o(i.TIM_ITConfig), (20 bytes).
    Removing hal_tim.o(i.TIM_ITRxExternalClockConfig), (24 bytes).
    Removing hal_tim.o(i.TIM_InternalClockConfig), (10 bytes).
    Removing hal_tim.o(i.TIM_OC1FastConfig), (12 bytes).
    Removing hal_tim.o(i.TIM_OC1Init), (108 bytes).
    Removing hal_tim.o(i.TIM_OC1NPolarityConfig), (12 bytes).
    Removing hal_tim.o(i.TIM_OC1PolarityConfig), (12 bytes).
    Removing hal_tim.o(i.TIM_OC1PreloadConfig), (12 bytes).
    Removing hal_tim.o(i.TIM_OC2FastConfig), (16 bytes).
    Removing hal_tim.o(i.TIM_OC2Init), (104 bytes).
    Removing hal_tim.o(i.TIM_OC2NPolarityConfig), (14 bytes).
    Removing hal_tim.o(i.TIM_OC2PolarityConfig), (14 bytes).
    Removing hal_tim.o(i.TIM_OC2PreloadConfig), (16 bytes).
    Removing hal_tim.o(i.TIM_OC3FastConfig), (12 bytes).
    Removing hal_tim.o(i.TIM_OC3Init), (104 bytes).
    Removing hal_tim.o(i.TIM_OC3NPolarityConfig), (16 bytes).
    Removing hal_tim.o(i.TIM_OC3PolarityConfig), (16 bytes).
    Removing hal_tim.o(i.TIM_OC3PreloadConfig), (12 bytes).
    Removing hal_tim.o(i.TIM_OC4FastConfig), (16 bytes).
    Removing hal_tim.o(i.TIM_OC4Init), (84 bytes).
    Removing hal_tim.o(i.TIM_OC4PolarityConfig), (16 bytes).
    Removing hal_tim.o(i.TIM_OC4PreloadConfig), (16 bytes).
    Removing hal_tim.o(i.TIM_OCStructInit), (20 bytes).
    Removing hal_tim.o(i.TIM_PWMIConfig), (128 bytes).
    Removing hal_tim.o(i.TIM_PrescalerConfig), (6 bytes).
    Removing hal_tim.o(i.TIM_SelectCCDMA), (24 bytes).
    Removing hal_tim.o(i.TIM_SelectCOM), (24 bytes).
    Removing hal_tim.o(i.TIM_SelectHallSensor), (24 bytes).
    Removing hal_tim.o(i.TIM_SelectInputTrigger), (12 bytes).
    Removing hal_tim.o(i.TIM_SelectMasterSlaveMode), (12 bytes).
    Removing hal_tim.o(i.TIM_SelectOCxM), (92 bytes).
    Removing hal_tim.o(i.TIM_SelectOnePulseMode), (12 bytes).
    Removing hal_tim.o(i.TIM_SelectOutputTrigger), (12 bytes).
    Removing hal_tim.o(i.TIM_SelectSlaveMode), (12 bytes).
    Removing hal_tim.o(i.TIM_SetAutoreload), (4 bytes).
    Removing hal_tim.o(i.TIM_SetClockDivision), (14 bytes).
    Removing hal_tim.o(i.TIM_SetCompare1), (18 bytes).
    Removing hal_tim.o(i.TIM_SetCompare2), (18 bytes).
    Removing hal_tim.o(i.TIM_SetCompare3), (18 bytes).
    Removing hal_tim.o(i.TIM_SetCompare4), (18 bytes).
    Removing hal_tim.o(i.TIM_SetCounter), (18 bytes).
    Removing hal_tim.o(i.TIM_SetIC1Prescaler), (12 bytes).
    Removing hal_tim.o(i.TIM_SetIC2Prescaler), (16 bytes).
    Removing hal_tim.o(i.TIM_SetIC3Prescaler), (12 bytes).
    Removing hal_tim.o(i.TIM_SetIC4Prescaler), (16 bytes).
    Removing hal_tim.o(i.TIM_TIxExternalClockConfig), (58 bytes).
    Removing hal_tim.o(i.TIM_TimeBaseInit), (92 bytes).
    Removing hal_tim.o(i.TIM_TimeBaseStructInit), (18 bytes).
    Removing hal_tim.o(i.TIM_UpdateDisableConfig), (24 bytes).
    Removing hal_tim.o(i.TIM_UpdateRequestConfig), (12 bytes).
    Removing hal_tim.o(i.exTIM_ClearOC5Ref), (12 bytes).
    Removing hal_tim.o(i.exTIM_DirectOutput), (28 bytes).
    Removing hal_tim.o(i.exTIM_GetCapture5), (6 bytes).
    Removing hal_tim.o(i.exTIM_OC5FastConfig), (12 bytes).
    Removing hal_tim.o(i.exTIM_OC5Init), (80 bytes).
    Removing hal_tim.o(i.exTIM_OC5PolarityConfig), (16 bytes).
    Removing hal_tim.o(i.exTIM_OC5PreloadConfig), (12 bytes).
    Removing hal_tim.o(i.exTIM_SetCompare5), (6 bytes).
    Removing hal_tim.o(i.exTIM_SetIC1Plority), (24 bytes).
    Removing hal_tim.o(i.exTIM_SetIC2Plority), (24 bytes).
    Removing hal_tim.o(i.exTIM_SetIC3Plority), (28 bytes).
    Removing hal_tim.o(i.exTIM_SetIC4Plority), (28 bytes).
    Removing hal_uart.o(.rev16_text), (4 bytes).
    Removing hal_uart.o(.revsh_text), (4 bytes).
    Removing hal_uart.o(i.UART_ClearITPendingBit), (4 bytes).
    Removing hal_uart.o(i.UART_Cmd), (12 bytes).
    Removing hal_uart.o(i.UART_DMACmd), (18 bytes).
    Removing hal_uart.o(i.UART_DeInit), (44 bytes).
    Removing hal_uart.o(i.UART_Enable9bit), (16 bytes).
    Removing hal_uart.o(i.UART_GetFlagStatus), (18 bytes).
    Removing hal_uart.o(i.UART_GetITStatus), (18 bytes).
    Removing hal_uart.o(i.UART_HalfDuplexCmd), (16 bytes).
    Removing hal_uart.o(i.UART_ITConfig), (20 bytes).
    Removing hal_uart.o(i.UART_Init), (120 bytes).
    Removing hal_uart.o(i.UART_ReceiveData), (8 bytes).
    Removing hal_uart.o(i.UART_ReceiverWakeUpCmd), (16 bytes).
    Removing hal_uart.o(i.UART_SendBreak), (10 bytes).
    Removing hal_uart.o(i.UART_SendData), (6 bytes).
    Removing hal_uart.o(i.UART_Set9bitAutomaticToggle), (16 bytes).
    Removing hal_uart.o(i.UART_Set9bitLevel), (16 bytes).
    Removing hal_uart.o(i.UART_Set9bitPolarity), (14 bytes).
    Removing hal_uart.o(i.UART_SetGuardTime), (16 bytes).
    Removing hal_uart.o(i.UART_SetRXAddress), (12 bytes).
    Removing hal_uart.o(i.UART_SetRXMASK), (12 bytes).
    Removing hal_uart.o(i.UART_SmartCardCmd), (12 bytes).
    Removing hal_uart.o(i.UART_SmartCardNACKCmd), (14 bytes).
    Removing hal_uart.o(i.UART_StructInit), (26 bytes).
    Removing hal_uart.o(i.UART_WakeUpConfig), (14 bytes).
    Removing hal_uid.o(.rev16_text), (4 bytes).
    Removing hal_uid.o(.revsh_text), (4 bytes).
    Removing hal_uid.o(i.GetChipUID), (32 bytes).
    Removing hal_uid.o(.bss), (12 bytes).
    Removing hal_ver.o(.rev16_text), (4 bytes).
    Removing hal_ver.o(.revsh_text), (4 bytes).
    Removing hal_ver.o(i.Get_ChipsetDEVID), (12 bytes).
    Removing hal_ver.o(i.Get_ChipsetREVID), (16 bytes).
    Removing hal_ver.o(i.Get_ChipsetUIDw0), (12 bytes).
    Removing hal_ver.o(i.Get_ChipsetUIDw1), (12 bytes).
    Removing hal_ver.o(i.Get_ChipsetUIDw2), (12 bytes).
    Removing hal_ver.o(i.Get_MM32LibReleaseDate), (8 bytes).
    Removing hal_ver.o(i.Get_MM32LibVersion), (8 bytes).
    Removing hal_wwdg.o(.rev16_text), (4 bytes).
    Removing hal_wwdg.o(.revsh_text), (4 bytes).
    Removing hal_wwdg.o(i.WWDG_ClearFlag), (20 bytes).
    Removing hal_wwdg.o(i.WWDG_DeInit), (12 bytes).
    Removing hal_wwdg.o(i.WWDG_Enable), (16 bytes).
    Removing hal_wwdg.o(i.WWDG_EnableIT), (20 bytes).
    Removing hal_wwdg.o(i.WWDG_GetCounter), (16 bytes).
    Removing hal_wwdg.o(i.WWDG_GetFlagStatus), (20 bytes).
    Removing hal_wwdg.o(i.WWDG_SetCounter), (16 bytes).
    Removing hal_wwdg.o(i.WWDG_SetPrescaler), (24 bytes).
    Removing hal_wwdg.o(i.WWDG_SetWindowValue), (24 bytes).
    Removing fdiv.o(.text), (124 bytes).
    Removing ffixui.o(.text), (40 bytes).
    Removing seekfree_absolute_encoder.o(i.__ARM_common_ll_muluu), (48 bytes).

708 unused section(s) (total 45696 bytes) removed from the image.

==============================================================================

Image Symbol Table

    Local Symbols

    Symbol Name                              Value     Ov Type        Size  Object(Section)

    ../clib/microlib/division.c              0x00000000   Number         0  uidiv.o ABSOLUTE
    ../clib/microlib/division.c              0x00000000   Number         0  idiv.o ABSOLUTE
    ../clib/microlib/division.c              0x00000000   Number         0  uldiv.o ABSOLUTE
    ../clib/microlib/init/entry.s            0x00000000   Number         0  entry5.o ABSOLUTE
    ../clib/microlib/init/entry.s            0x00000000   Number         0  entry7a.o ABSOLUTE
    ../clib/microlib/init/entry.s            0x00000000   Number         0  entry7b.o ABSOLUTE
    ../clib/microlib/init/entry.s            0x00000000   Number         0  entry8a.o ABSOLUTE
    ../clib/microlib/init/entry.s            0x00000000   Number         0  entry.o ABSOLUTE
    ../clib/microlib/init/entry.s            0x00000000   Number         0  entry8b.o ABSOLUTE
    ../clib/microlib/init/entry.s            0x00000000   Number         0  entry9a.o ABSOLUTE
    ../clib/microlib/init/entry.s            0x00000000   Number         0  entry9b.o ABSOLUTE
    ../clib/microlib/init/entry.s            0x00000000   Number         0  entry2.o ABSOLUTE
    ../clib/microlib/init/entry.s            0x00000000   Number         0  entry10b.o ABSOLUTE
    ../clib/microlib/init/entry.s            0x00000000   Number         0  entry11b.o ABSOLUTE
    ../clib/microlib/init/entry.s            0x00000000   Number         0  entry10a.o ABSOLUTE
    ../clib/microlib/init/entry.s            0x00000000   Number         0  entry11a.o ABSOLUTE
    ../clib/microlib/longlong.c              0x00000000   Number         0  llshl.o ABSOLUTE
    ../clib/microlib/longlong.c              0x00000000   Number         0  llushr.o ABSOLUTE
    ../clib/microlib/longlong.c              0x00000000   Number         0  llsshr.o ABSOLUTE
    ../clib/microlib/string/memcpy.c         0x00000000   Number         0  memcpya.o ABSOLUTE
    ../clib/microlib/string/memcpy.c         0x00000000   Number         0  memcpyb.o ABSOLUTE
    ../clib/microlib/stubs.s                 0x00000000   Number         0  iusefp.o ABSOLUTE
    ../fplib/microlib/f2d.c                  0x00000000   Number         0  f2d.o ABSOLUTE
    ../fplib/microlib/fpadd.c                0x00000000   Number         0  dadd.o ABSOLUTE
    ../fplib/microlib/fpdiv.c                0x00000000   Number         0  fdiv.o ABSOLUTE
    ../fplib/microlib/fpepilogue.c           0x00000000   Number         0  depilogue.o ABSOLUTE
    ../fplib/microlib/fpepilogue.c           0x00000000   Number         0  fepilogue.o ABSOLUTE
    ../fplib/microlib/fpfix.c                0x00000000   Number         0  dfixi.o ABSOLUTE
    ../fplib/microlib/fpfix.c                0x00000000   Number         0  ffixui.o ABSOLUTE
    ../fplib/microlib/fpflt.c                0x00000000   Number         0  ffltui.o ABSOLUTE
    ../fplib/microlib/fpflt.c                0x00000000   Number         0  dflti.o ABSOLUTE
    ../fplib/microlib/fpmul.c                0x00000000   Number         0  fmul.o ABSOLUTE
    ../fplib/microlib/fpmul.c                0x00000000   Number         0  dmul.o ABSOLUTE
    ..\..\Libraries\Device\MM32SPIN2xx_p\HAL_Lib\Src\hal_adc.c 0x00000000   Number         0  hal_adc.o ABSOLUTE
    ..\..\Libraries\Device\MM32SPIN2xx_p\HAL_Lib\Src\hal_bkp.c 0x00000000   Number         0  hal_bkp.o ABSOLUTE
    ..\..\Libraries\Device\MM32SPIN2xx_p\HAL_Lib\Src\hal_comp.c 0x00000000   Number         0  hal_comp.o ABSOLUTE
    ..\..\Libraries\Device\MM32SPIN2xx_p\HAL_Lib\Src\hal_crc.c 0x00000000   Number         0  hal_crc.o ABSOLUTE
    ..\..\Libraries\Device\MM32SPIN2xx_p\HAL_Lib\Src\hal_dbg.c 0x00000000   Number         0  hal_dbg.o ABSOLUTE
    ..\..\Libraries\Device\MM32SPIN2xx_p\HAL_Lib\Src\hal_div.c 0x00000000   Number         0  hal_div.o ABSOLUTE
    ..\..\Libraries\Device\MM32SPIN2xx_p\HAL_Lib\Src\hal_dma.c 0x00000000   Number         0  hal_dma.o ABSOLUTE
    ..\..\Libraries\Device\MM32SPIN2xx_p\HAL_Lib\Src\hal_exti.c 0x00000000   Number         0  hal_exti.o ABSOLUTE
    ..\..\Libraries\Device\MM32SPIN2xx_p\HAL_Lib\Src\hal_flash.c 0x00000000   Number         0  hal_flash.o ABSOLUTE
    ..\..\Libraries\Device\MM32SPIN2xx_p\HAL_Lib\Src\hal_gpio.c 0x00000000   Number         0  hal_gpio.o ABSOLUTE
    ..\..\Libraries\Device\MM32SPIN2xx_p\HAL_Lib\Src\hal_i2c.c 0x00000000   Number         0  hal_i2c.o ABSOLUTE
    ..\..\Libraries\Device\MM32SPIN2xx_p\HAL_Lib\Src\hal_iwdg.c 0x00000000   Number         0  hal_iwdg.o ABSOLUTE
    ..\..\Libraries\Device\MM32SPIN2xx_p\HAL_Lib\Src\hal_misc.c 0x00000000   Number         0  hal_misc.o ABSOLUTE
    ..\..\Libraries\Device\MM32SPIN2xx_p\HAL_Lib\Src\hal_opamp.c 0x00000000   Number         0  hal_opamp.o ABSOLUTE
    ..\..\Libraries\Device\MM32SPIN2xx_p\HAL_Lib\Src\hal_pwr.c 0x00000000   Number         0  hal_pwr.o ABSOLUTE
    ..\..\Libraries\Device\MM32SPIN2xx_p\HAL_Lib\Src\hal_rcc.c 0x00000000   Number         0  hal_rcc.o ABSOLUTE
    ..\..\Libraries\Device\MM32SPIN2xx_p\HAL_Lib\Src\hal_spi.c 0x00000000   Number         0  hal_spi.o ABSOLUTE
    ..\..\Libraries\Device\MM32SPIN2xx_p\HAL_Lib\Src\hal_sqrt.c 0x00000000   Number         0  hal_sqrt.o ABSOLUTE
    ..\..\Libraries\Device\MM32SPIN2xx_p\HAL_Lib\Src\hal_tim.c 0x00000000   Number         0  hal_tim.o ABSOLUTE
    ..\..\Libraries\Device\MM32SPIN2xx_p\HAL_Lib\Src\hal_uart.c 0x00000000   Number         0  hal_uart.o ABSOLUTE
    ..\..\Libraries\Device\MM32SPIN2xx_p\HAL_Lib\Src\hal_uid.c 0x00000000   Number         0  hal_uid.o ABSOLUTE
    ..\..\Libraries\Device\MM32SPIN2xx_p\HAL_Lib\Src\hal_ver.c 0x00000000   Number         0  hal_ver.o ABSOLUTE
    ..\..\Libraries\Device\MM32SPIN2xx_p\HAL_Lib\Src\hal_wwdg.c 0x00000000   Number         0  hal_wwdg.o ABSOLUTE
    ..\..\Libraries\Device\MM32SPIN2xx_p\Source\KEIL_StartAsm\startup_mm32spin2xx_p_keil.s 0x00000000   Number         0  startup_mm32spin2xx_p_keil.o ABSOLUTE
    ..\..\Libraries\Device\MM32SPIN2xx_p\Source\system_mm32spin2xx_p.c 0x00000000   Number         0  system_mm32spin2xx_p.o ABSOLUTE
    ..\..\Libraries\seekfree_libraries\board\board.c 0x00000000   Number         0  board.o ABSOLUTE
    ..\..\Libraries\seekfree_libraries\common\SEEKFREE_PRINTF.c 0x00000000   Number         0  seekfree_printf.o ABSOLUTE
    ..\..\Libraries\seekfree_libraries\common\common.c 0x00000000   Number         0  common.o ABSOLUTE
    ..\..\Libraries\seekfree_libraries\zf_adc.c 0x00000000   Number         0  zf_adc.o ABSOLUTE
    ..\..\Libraries\seekfree_libraries\zf_camera.c 0x00000000   Number         0  zf_camera.o ABSOLUTE
    ..\..\Libraries\seekfree_libraries\zf_exti.c 0x00000000   Number         0  zf_exti.o ABSOLUTE
    ..\..\Libraries\seekfree_libraries\zf_flash.c 0x00000000   Number         0  zf_flash.o ABSOLUTE
    ..\..\Libraries\seekfree_libraries\zf_gpio.c 0x00000000   Number         0  zf_gpio.o ABSOLUTE
    ..\..\Libraries\seekfree_libraries\zf_pit.c 0x00000000   Number         0  zf_pit.o ABSOLUTE
    ..\..\Libraries\seekfree_libraries\zf_pwm.c 0x00000000   Number         0  zf_pwm.o ABSOLUTE
    ..\..\Libraries\seekfree_libraries\zf_spi.c 0x00000000   Number         0  zf_spi.o ABSOLUTE
    ..\..\Libraries\seekfree_libraries\zf_systick.c 0x00000000   Number         0  zf_systick.o ABSOLUTE
    ..\..\Libraries\seekfree_libraries\zf_tim.c 0x00000000   Number         0  zf_tim.o ABSOLUTE
    ..\..\Libraries\seekfree_libraries\zf_uart.c 0x00000000   Number         0  zf_uart.o ABSOLUTE
    ..\..\Libraries\seekfree_peripheral\SEEKFREE_18TFT.c 0x00000000   Number         0  seekfree_18tft.o ABSOLUTE
    ..\..\Libraries\seekfree_peripheral\SEEKFREE_7725.c 0x00000000   Number         0  seekfree_7725.o ABSOLUTE
    ..\..\Libraries\seekfree_peripheral\SEEKFREE_ABSOLUTE_ENCODER.c 0x00000000   Number         0  seekfree_absolute_encoder.o ABSOLUTE
    ..\..\Libraries\seekfree_peripheral\SEEKFREE_FONT.c 0x00000000   Number         0  seekfree_font.o ABSOLUTE
    ..\..\Libraries\seekfree_peripheral\SEEKFREE_ICM20602.c 0x00000000   Number         0  seekfree_icm20602.o ABSOLUTE
    ..\..\Libraries\seekfree_peripheral\SEEKFREE_IIC.c 0x00000000   Number         0  seekfree_iic.o ABSOLUTE
    ..\..\Libraries\seekfree_peripheral\SEEKFREE_IPS114_SPI.c 0x00000000   Number         0  seekfree_ips114_spi.o ABSOLUTE
    ..\..\Libraries\seekfree_peripheral\SEEKFREE_L3G4200D.c 0x00000000   Number         0  seekfree_l3g4200d.o ABSOLUTE
    ..\..\Libraries\seekfree_peripheral\SEEKFREE_MMA8451.c 0x00000000   Number         0  seekfree_mma8451.o ABSOLUTE
    ..\..\Libraries\seekfree_peripheral\SEEKFREE_MPU6050.c 0x00000000   Number         0  seekfree_mpu6050.o ABSOLUTE
    ..\..\Libraries\seekfree_peripheral\SEEKFREE_MT9V03X.c 0x00000000   Number         0  seekfree_mt9v03x.o ABSOLUTE
    ..\..\Libraries\seekfree_peripheral\SEEKFREE_OLED.c 0x00000000   Number         0  seekfree_oled.o ABSOLUTE
    ..\..\Libraries\seekfree_peripheral\SEEKFREE_TSL1401.c 0x00000000   Number         0  seekfree_tsl1401.o ABSOLUTE
    ..\..\Libraries\seekfree_peripheral\SEEKFREE_UART_7725.c 0x00000000   Number         0  seekfree_uart_7725.o ABSOLUTE
    ..\..\Libraries\seekfree_peripheral\SEEKFREE_VIRSCO.c 0x00000000   Number         0  seekfree_virsco.o ABSOLUTE
    ..\..\Libraries\seekfree_peripheral\SEEKFREE_WIRELESS.c 0x00000000   Number         0  seekfree_wireless.o ABSOLUTE
    ..\CODE\si24r1.c                         0x00000000   Number         0  si24r1.o ABSOLUTE
    ..\CODE\system.c                         0x00000000   Number         0  system.o ABSOLUTE
    ..\USER\src\isr.c                        0x00000000   Number         0  isr.o ABSOLUTE
    ..\USER\src\main.c                       0x00000000   Number         0  main.o ABSOLUTE
    ..\\..\\Libraries\\Device\\MM32SPIN2xx_p\\HAL_Lib\\Src\\hal_adc.c 0x00000000   Number         0  hal_adc.o ABSOLUTE
    ..\\..\\Libraries\\Device\\MM32SPIN2xx_p\\HAL_Lib\\Src\\hal_bkp.c 0x00000000   Number         0  hal_bkp.o ABSOLUTE
    ..\\..\\Libraries\\Device\\MM32SPIN2xx_p\\HAL_Lib\\Src\\hal_comp.c 0x00000000   Number         0  hal_comp.o ABSOLUTE
    ..\\..\\Libraries\\Device\\MM32SPIN2xx_p\\HAL_Lib\\Src\\hal_crc.c 0x00000000   Number         0  hal_crc.o ABSOLUTE
    ..\\..\\Libraries\\Device\\MM32SPIN2xx_p\\HAL_Lib\\Src\\hal_dbg.c 0x00000000   Number         0  hal_dbg.o ABSOLUTE
    ..\\..\\Libraries\\Device\\MM32SPIN2xx_p\\HAL_Lib\\Src\\hal_div.c 0x00000000   Number         0  hal_div.o ABSOLUTE
    ..\\..\\Libraries\\Device\\MM32SPIN2xx_p\\HAL_Lib\\Src\\hal_dma.c 0x00000000   Number         0  hal_dma.o ABSOLUTE
    ..\\..\\Libraries\\Device\\MM32SPIN2xx_p\\HAL_Lib\\Src\\hal_exti.c 0x00000000   Number         0  hal_exti.o ABSOLUTE
    ..\\..\\Libraries\\Device\\MM32SPIN2xx_p\\HAL_Lib\\Src\\hal_flash.c 0x00000000   Number         0  hal_flash.o ABSOLUTE
    ..\\..\\Libraries\\Device\\MM32SPIN2xx_p\\HAL_Lib\\Src\\hal_gpio.c 0x00000000   Number         0  hal_gpio.o ABSOLUTE
    ..\\..\\Libraries\\Device\\MM32SPIN2xx_p\\HAL_Lib\\Src\\hal_i2c.c 0x00000000   Number         0  hal_i2c.o ABSOLUTE
    ..\\..\\Libraries\\Device\\MM32SPIN2xx_p\\HAL_Lib\\Src\\hal_iwdg.c 0x00000000   Number         0  hal_iwdg.o ABSOLUTE
    ..\\..\\Libraries\\Device\\MM32SPIN2xx_p\\HAL_Lib\\Src\\hal_misc.c 0x00000000   Number         0  hal_misc.o ABSOLUTE
    ..\\..\\Libraries\\Device\\MM32SPIN2xx_p\\HAL_Lib\\Src\\hal_opamp.c 0x00000000   Number         0  hal_opamp.o ABSOLUTE
    ..\\..\\Libraries\\Device\\MM32SPIN2xx_p\\HAL_Lib\\Src\\hal_pwr.c 0x00000000   Number         0  hal_pwr.o ABSOLUTE
    ..\\..\\Libraries\\Device\\MM32SPIN2xx_p\\HAL_Lib\\Src\\hal_rcc.c 0x00000000   Number         0  hal_rcc.o ABSOLUTE
    ..\\..\\Libraries\\Device\\MM32SPIN2xx_p\\HAL_Lib\\Src\\hal_spi.c 0x00000000   Number         0  hal_spi.o ABSOLUTE
    ..\\..\\Libraries\\Device\\MM32SPIN2xx_p\\HAL_Lib\\Src\\hal_sqrt.c 0x00000000   Number         0  hal_sqrt.o ABSOLUTE
    ..\\..\\Libraries\\Device\\MM32SPIN2xx_p\\HAL_Lib\\Src\\hal_tim.c 0x00000000   Number         0  hal_tim.o ABSOLUTE
    ..\\..\\Libraries\\Device\\MM32SPIN2xx_p\\HAL_Lib\\Src\\hal_uart.c 0x00000000   Number         0  hal_uart.o ABSOLUTE
    ..\\..\\Libraries\\Device\\MM32SPIN2xx_p\\HAL_Lib\\Src\\hal_uid.c 0x00000000   Number         0  hal_uid.o ABSOLUTE
    ..\\..\\Libraries\\Device\\MM32SPIN2xx_p\\HAL_Lib\\Src\\hal_ver.c 0x00000000   Number         0  hal_ver.o ABSOLUTE
    ..\\..\\Libraries\\Device\\MM32SPIN2xx_p\\HAL_Lib\\Src\\hal_wwdg.c 0x00000000   Number         0  hal_wwdg.o ABSOLUTE
    ..\\..\\Libraries\\Device\\MM32SPIN2xx_p\\Source\\system_mm32spin2xx_p.c 0x00000000   Number         0  system_mm32spin2xx_p.o ABSOLUTE
    ..\\..\\Libraries\\seekfree_libraries\\board\\board.c 0x00000000   Number         0  board.o ABSOLUTE
    ..\\..\\Libraries\\seekfree_libraries\\common\\SEEKFREE_PRINTF.c 0x00000000   Number         0  seekfree_printf.o ABSOLUTE
    ..\\..\\Libraries\\seekfree_libraries\\common\\common.c 0x00000000   Number         0  common.o ABSOLUTE
    ..\\..\\Libraries\\seekfree_libraries\\zf_adc.c 0x00000000   Number         0  zf_adc.o ABSOLUTE
    ..\\..\\Libraries\\seekfree_libraries\\zf_camera.c 0x00000000   Number         0  zf_camera.o ABSOLUTE
    ..\\..\\Libraries\\seekfree_libraries\\zf_exti.c 0x00000000   Number         0  zf_exti.o ABSOLUTE
    ..\\..\\Libraries\\seekfree_libraries\\zf_flash.c 0x00000000   Number         0  zf_flash.o ABSOLUTE
    ..\\..\\Libraries\\seekfree_libraries\\zf_gpio.c 0x00000000   Number         0  zf_gpio.o ABSOLUTE
    ..\\..\\Libraries\\seekfree_libraries\\zf_pit.c 0x00000000   Number         0  zf_pit.o ABSOLUTE
    ..\\..\\Libraries\\seekfree_libraries\\zf_pwm.c 0x00000000   Number         0  zf_pwm.o ABSOLUTE
    ..\\..\\Libraries\\seekfree_libraries\\zf_spi.c 0x00000000   Number         0  zf_spi.o ABSOLUTE
    ..\\..\\Libraries\\seekfree_libraries\\zf_systick.c 0x00000000   Number         0  zf_systick.o ABSOLUTE
    ..\\..\\Libraries\\seekfree_libraries\\zf_tim.c 0x00000000   Number         0  zf_tim.o ABSOLUTE
    ..\\..\\Libraries\\seekfree_libraries\\zf_uart.c 0x00000000   Number         0  zf_uart.o ABSOLUTE
    ..\\..\\Libraries\\seekfree_peripheral\\SEEKFREE_18TFT.c 0x00000000   Number         0  seekfree_18tft.o ABSOLUTE
    ..\\..\\Libraries\\seekfree_peripheral\\SEEKFREE_7725.c 0x00000000   Number         0  seekfree_7725.o ABSOLUTE
    ..\\..\\Libraries\\seekfree_peripheral\\SEEKFREE_ABSOLUTE_ENCODER.c 0x00000000   Number         0  seekfree_absolute_encoder.o ABSOLUTE
    ..\\..\\Libraries\\seekfree_peripheral\\SEEKFREE_FONT.c 0x00000000   Number         0  seekfree_font.o ABSOLUTE
    ..\\..\\Libraries\\seekfree_peripheral\\SEEKFREE_ICM20602.c 0x00000000   Number         0  seekfree_icm20602.o ABSOLUTE
    ..\\..\\Libraries\\seekfree_peripheral\\SEEKFREE_IIC.c 0x00000000   Number         0  seekfree_iic.o ABSOLUTE
    ..\\..\\Libraries\\seekfree_peripheral\\SEEKFREE_IPS114_SPI.c 0x00000000   Number         0  seekfree_ips114_spi.o ABSOLUTE
    ..\\..\\Libraries\\seekfree_peripheral\\SEEKFREE_L3G4200D.c 0x00000000   Number         0  seekfree_l3g4200d.o ABSOLUTE
    ..\\..\\Libraries\\seekfree_peripheral\\SEEKFREE_MMA8451.c 0x00000000   Number         0  seekfree_mma8451.o ABSOLUTE
    ..\\..\\Libraries\\seekfree_peripheral\\SEEKFREE_MPU6050.c 0x00000000   Number         0  seekfree_mpu6050.o ABSOLUTE
    ..\\..\\Libraries\\seekfree_peripheral\\SEEKFREE_MT9V03X.c 0x00000000   Number         0  seekfree_mt9v03x.o ABSOLUTE
    ..\\..\\Libraries\\seekfree_peripheral\\SEEKFREE_OLED.c 0x00000000   Number         0  seekfree_oled.o ABSOLUTE
    ..\\..\\Libraries\\seekfree_peripheral\\SEEKFREE_TSL1401.c 0x00000000   Number         0  seekfree_tsl1401.o ABSOLUTE
    ..\\..\\Libraries\\seekfree_peripheral\\SEEKFREE_UART_7725.c 0x00000000   Number         0  seekfree_uart_7725.o ABSOLUTE
    ..\\..\\Libraries\\seekfree_peripheral\\SEEKFREE_VIRSCO.c 0x00000000   Number         0  seekfree_virsco.o ABSOLUTE
    ..\\..\\Libraries\\seekfree_peripheral\\SEEKFREE_WIRELESS.c 0x00000000   Number         0  seekfree_wireless.o ABSOLUTE
    ..\\CODE\\si24r1.c                       0x00000000   Number         0  si24r1.o ABSOLUTE
    ..\\CODE\\system.c                       0x00000000   Number         0  system.o ABSOLUTE
    ..\\USER\\src\\isr.c                     0x00000000   Number         0  isr.o ABSOLUTE
    ..\\USER\\src\\main.c                    0x00000000   Number         0  main.o ABSOLUTE
    cdcmple.s                                0x00000000   Number         0  cdcmple.o ABSOLUTE
    cdrcmple.s                               0x00000000   Number         0  cdrcmple.o ABSOLUTE
    dc.s                                     0x00000000   Number         0  dc.o ABSOLUTE
    handlers.s                               0x00000000   Number         0  handlers.o ABSOLUTE
    init.s                                   0x00000000   Number         0  init.o ABSOLUTE
    RESET                                    0x08000000   Section      192  startup_mm32spin2xx_p_keil.o(RESET)
    .ARM.Collect$$$$00000000                 0x080000c0   Section        0  entry.o(.ARM.Collect$$$$00000000)
    .ARM.Collect$$$$00000001                 0x080000c0   Section        4  entry2.o(.ARM.Collect$$$$00000001)
    .ARM.Collect$$$$00000004                 0x080000c4   Section        4  entry5.o(.ARM.Collect$$$$00000004)
    .ARM.Collect$$$$00000008                 0x080000c8   Section        0  entry7b.o(.ARM.Collect$$$$00000008)
    .ARM.Collect$$$$0000000A                 0x080000c8   Section        0  entry8b.o(.ARM.Collect$$$$0000000A)
    .ARM.Collect$$$$0000000B                 0x080000c8   Section        8  entry9a.o(.ARM.Collect$$$$0000000B)
    .ARM.Collect$$$$0000000D                 0x080000d0   Section        0  entry10a.o(.ARM.Collect$$$$0000000D)
    .ARM.Collect$$$$0000000F                 0x080000d0   Section        0  entry11a.o(.ARM.Collect$$$$0000000F)
    .ARM.Collect$$$$00002712                 0x080000d0   Section        4  entry2.o(.ARM.Collect$$$$00002712)
    __lit__00000000                          0x080000d0   Data           4  entry2.o(.ARM.Collect$$$$00002712)
    .text                                    0x080000d4   Section      132  startup_mm32spin2xx_p_keil.o(.text)
    .text                                    0x08000158   Section        0  uidiv.o(.text)
    .text                                    0x08000184   Section        0  idiv.o(.text)
    .text                                    0x080001ac   Section        0  memcpya.o(.text)
    .text                                    0x080001d0   Section        0  fmul.o(.text)
    .text                                    0x0800024c   Section        0  dadd.o(.text)
    .text                                    0x080003b0   Section        0  dmul.o(.text)
    .text                                    0x08000480   Section        0  ffltui.o(.text)
    .text                                    0x08000490   Section        0  dflti.o(.text)
    .text                                    0x080004b8   Section        0  dfixi.o(.text)
    .text                                    0x08000500   Section        0  f2d.o(.text)
    .text                                    0x08000528   Section       40  cdcmple.o(.text)
    .text                                    0x08000550   Section       40  cdrcmple.o(.text)
    .text                                    0x08000578   Section        0  llshl.o(.text)
    .text                                    0x08000598   Section        0  llushr.o(.text)
    .text                                    0x080005ba   Section        0  llsshr.o(.text)
    .text                                    0x080005e0   Section        0  iusefp.o(.text)
    .text                                    0x080005e0   Section        0  fepilogue.o(.text)
    .text                                    0x08000662   Section        0  depilogue.o(.text)
    .text                                    0x08000720   Section       36  init.o(.text)
    i.AutoCalPllFactor                       0x08000744   Section        0  system_mm32spin2xx_p.o(i.AutoCalPllFactor)
    i.DMA1_Channel1_IRQHandler               0x080007ae   Section        0  isr.o(i.DMA1_Channel1_IRQHandler)
    i.DMA1_Channel2_3_IRQHandler             0x080007c2   Section        0  isr.o(i.DMA1_Channel2_3_IRQHandler)
    i.DMA1_Channel4_5_IRQHandler             0x080007e8   Section        0  isr.o(i.DMA1_Channel4_5_IRQHandler)
    i.DMA_ClearFlag                          0x0800083c   Section        0  hal_dma.o(i.DMA_ClearFlag)
    i.DMA_GetFlagStatus                      0x08000848   Section        0  hal_dma.o(i.DMA_GetFlagStatus)
    i.EXTI0_1_IRQHandler                     0x08000860   Section        0  isr.o(i.EXTI0_1_IRQHandler)
    i.EXTI2_3_IRQHandler                     0x08000884   Section        0  isr.o(i.EXTI2_3_IRQHandler)
    i.EXTI4_15_IRQHandler                    0x080008a8   Section        0  isr.o(i.EXTI4_15_IRQHandler)
    i.EXTI_ClearFlag                         0x080009b8   Section        0  hal_exti.o(i.EXTI_ClearFlag)
    i.EXTI_GetITStatus                       0x080009c4   Section        0  hal_exti.o(i.EXTI_GetITStatus)
    i.HardFault_Handler                      0x080009e8   Section        0  common.o(i.HardFault_Handler)
    i.NMI_Handler                            0x080009ec   Section        0  common.o(i.NMI_Handler)
    i.NRF_Check                              0x080009f0   Section        0  si24r1.o(i.NRF_Check)
    i.NRF_Dev_Init                           0x08000a0c   Section        0  si24r1.o(i.NRF_Dev_Init)
    i.NRF_SPI_R_Reg_Byte                     0x08000ad4   Section        0  si24r1.o(i.NRF_SPI_R_Reg_Byte)
    i.NRF_SPI_WR_Byte                        0x08000afa   Section        0  si24r1.o(i.NRF_SPI_WR_Byte)
    i.NRF_SPI_W_Cmd_Byte                     0x08000b0e   Section        0  si24r1.o(i.NRF_SPI_W_Cmd_Byte)
    i.NRF_SPI_W_Reg_Burst                    0x08000b2e   Section        0  si24r1.o(i.NRF_SPI_W_Reg_Burst)
    i.NRF_SPI_W_Reg_Byte                     0x08000b64   Section        0  si24r1.o(i.NRF_SPI_W_Reg_Byte)
    i.NRF_Send_Packet                        0x08000b8c   Section        0  si24r1.o(i.NRF_Send_Packet)
    i.PendSV_Handler                         0x08000c18   Section        0  common.o(i.PendSV_Handler)
    i.SVC_Handler                            0x08000c1c   Section        0  common.o(i.SVC_Handler)
    i.SetSysClock                            0x08000c20   Section        0  system_mm32spin2xx_p.o(i.SetSysClock)
    SetSysClock                              0x08000c21   Thumb Code     8  system_mm32spin2xx_p.o(i.SetSysClock)
    i.SetSysClockToXX                        0x08000c28   Section        0  system_mm32spin2xx_p.o(i.SetSysClockToXX)
    SetSysClockToXX                          0x08000c29   Thumb Code   330  system_mm32spin2xx_p.o(i.SetSysClockToXX)
    i.SystemInit                             0x08000d8c   Section        0  system_mm32spin2xx_p.o(i.SystemInit)
    i.TIM14_IRQHandler                       0x08000df8   Section        0  isr.o(i.TIM14_IRQHandler)
    i.TIM16_IRQHandler                       0x08000e0c   Section        0  isr.o(i.TIM16_IRQHandler)
    i.TIM17_IRQHandler                       0x08000e20   Section        0  isr.o(i.TIM17_IRQHandler)
    i.TIM1_BRK_UP_TRG_COM_IRQHandler         0x08000e34   Section        0  isr.o(i.TIM1_BRK_UP_TRG_COM_IRQHandler)
    i.TIM2_IRQHandler                        0x08000e48   Section        0  isr.o(i.TIM2_IRQHandler)
    i.TIM3_IRQHandler                        0x08000e5c   Section        0  isr.o(i.TIM3_IRQHandler)
    i.TIM8_BRK_UP_TRG_COM_IRQHandler         0x08000e70   Section        0  isr.o(i.TIM8_BRK_UP_TRG_COM_IRQHandler)
    i.UART1_IRQHandler                       0x08000e84   Section        0  isr.o(i.UART1_IRQHandler)
    i.UART2_IRQHandler                       0x08000eb8   Section        0  isr.o(i.UART2_IRQHandler)
    i.__ARM_clz                              0x08000f14   Section        0  depilogue.o(i.__ARM_clz)
    i.__scatterload_copy                     0x08000f42   Section       14  handlers.o(i.__scatterload_copy)
    i.__scatterload_null                     0x08000f50   Section        2  handlers.o(i.__scatterload_null)
    i.__scatterload_zeroinit                 0x08000f52   Section       14  handlers.o(i.__scatterload_zeroinit)
    i.adc_convert                            0x08000f60   Section        0  zf_adc.o(i.adc_convert)
    i.adc_init                               0x08000fcc   Section        0  zf_adc.o(i.adc_init)
    i.adc_pin_init                           0x08001088   Section        0  zf_adc.o(i.adc_pin_init)
    adc_pin_init                             0x08001089   Thumb Code    26  zf_adc.o(i.adc_pin_init)
    i.afio_init                              0x080010a4   Section        0  zf_gpio.o(i.afio_init)
    i.board_init                             0x0800117c   Section        0  board.o(i.board_init)
    i.gpio_init                              0x08001198   Section        0  zf_gpio.o(i.gpio_init)
    i.gpio_set                               0x08001260   Section        0  zf_gpio.o(i.gpio_set)
    i.main                                   0x080012bc   Section        0  main.o(i.main)
    i.mt9v03x_dma                            0x080013dc   Section        0  seekfree_mt9v03x.o(i.mt9v03x_dma)
    i.mt9v03x_uart_callback                  0x080013fc   Section        0  seekfree_mt9v03x.o(i.mt9v03x_uart_callback)
    i.mt9v03x_vsync                          0x08001450   Section        0  seekfree_mt9v03x.o(i.mt9v03x_vsync)
    i.number_conversion_ascii                0x0800146c   Section        0  seekfree_printf.o(i.number_conversion_ascii)
    i.oled_fill                              0x08001500   Section        0  seekfree_oled.o(i.oled_fill)
    i.oled_hexascii                          0x0800153a   Section        0  seekfree_oled.o(i.oled_hexascii)
    oled_hexascii                            0x0800153b   Thumb Code    52  seekfree_oled.o(i.oled_hexascii)
    i.oled_init                              0x08001570   Section        0  seekfree_oled.o(i.oled_init)
    i.oled_int16                             0x080016a8   Section        0  seekfree_oled.o(i.oled_int16)
    i.oled_p6x8str                           0x080016f0   Section        0  seekfree_oled.o(i.oled_p6x8str)
    i.oled_printf_float                      0x08001754   Section        0  seekfree_oled.o(i.oled_printf_float)
    i.oled_set_pos                           0x08001814   Section        0  seekfree_oled.o(i.oled_set_pos)
    i.oled_wrcmd                             0x0800183c   Section        0  seekfree_oled.o(i.oled_wrcmd)
    oled_wrcmd                               0x0800183d   Thumb Code   168  seekfree_oled.o(i.oled_wrcmd)
    i.oled_wrdat                             0x080018e8   Section        0  seekfree_oled.o(i.oled_wrdat)
    oled_wrdat                               0x080018e9   Thumb Code   168  seekfree_oled.o(i.oled_wrdat)
    i.ov7725_cof_uart_interrupt              0x08001994   Section        0  seekfree_uart_7725.o(i.ov7725_cof_uart_interrupt)
    i.ov7725_dma                             0x080019e8   Section        0  seekfree_7725.o(i.ov7725_dma)
    i.ov7725_uart_dma                        0x08001a08   Section        0  seekfree_uart_7725.o(i.ov7725_uart_dma)
    i.ov7725_uart_vsync                      0x08001a28   Section        0  seekfree_uart_7725.o(i.ov7725_uart_vsync)
    i.ov7725_vsync                           0x08001a44   Section        0  seekfree_7725.o(i.ov7725_vsync)
    i.printf_reverse_order                   0x08001a60   Section        0  seekfree_printf.o(i.printf_reverse_order)
    i.spi_init                               0x08001a84   Section        0  zf_spi.o(i.spi_init)
    i.spi_mosi                               0x08001c18   Section        0  zf_spi.o(i.spi_mosi)
    i.spi_pin_init                           0x08001c6c   Section        0  zf_spi.o(i.spi_pin_init)
    spi_pin_init                             0x08001c6d   Thumb Code    96  zf_spi.o(i.spi_pin_init)
    i.system_init                            0x08001cd0   Section        0  system.o(i.system_init)
    i.systick_delay                          0x08001d20   Section        0  zf_systick.o(i.systick_delay)
    i.systick_delay_ms                       0x08001d48   Section        0  zf_systick.o(i.systick_delay_ms)
    i.uart_init                              0x08001d70   Section        0  zf_uart.o(i.uart_init)
    i.uart_pin_init                          0x08001e34   Section        0  zf_uart.o(i.uart_pin_init)
    uart_pin_init                            0x08001e35   Thumb Code    44  zf_uart.o(i.uart_pin_init)
    i.zf_sprintf                             0x08001e60   Section        0  seekfree_printf.o(i.zf_sprintf)
    .constdata                               0x08002124   Section     7048  seekfree_font.o(.constdata)
    .data                                    0x20000000   Section        5  si24r1.o(.data)
    .data                                    0x20000008   Section       12  system.o(.data)
    .data                                    0x20000014   Section        8  common.o(.data)
    .data                                    0x2000001c   Section       20  system_mm32spin2xx_p.o(.data)
    .data                                    0x20000030   Section       10  zf_adc.o(.data)
    .data                                    0x2000003c   Section       16  zf_gpio.o(.data)
    .data                                    0x2000004c   Section        8  zf_spi.o(.data)
    .data                                    0x20000054   Section       10  zf_uart.o(.data)
    .data                                    0x2000005e   Section        4  seekfree_7725.o(.data)
    ov7725_simiic_delay_time                 0x20000060   Data           2  seekfree_7725.o(.data)
    .data                                    0x20000062   Section       74  seekfree_mt9v03x.o(.data)
    receive                                  0x20000063   Data           3  seekfree_mt9v03x.o(.data)
    receive_num                              0x20000066   Data           1  seekfree_mt9v03x.o(.data)
    uart_receive_flag                        0x20000067   Data           1  seekfree_mt9v03x.o(.data)
    .data                                    0x200000ac   Section       51  seekfree_uart_7725.o(.data)
    ov7725_uart_receive                      0x200000da   Data           3  seekfree_uart_7725.o(.data)
    ov7725_uart_receive_num                  0x200000dd   Data           1  seekfree_uart_7725.o(.data)
    ov7725_uart_receive_flag                 0x200000de   Data           1  seekfree_uart_7725.o(.data)
    .bss                                     0x200000e0   Section       62  si24r1.o(.bss)
    STACK                                    0x20000120   Section     1024  startup_mm32spin2xx_p_keil.o(STACK)

    Global Symbols

    Symbol Name                              Value     Ov Type        Size  Object(Section)

    BuildAttributes$$THM_ISAv3M$S$PE$A:L22$X:L11$S22$IEEE1$IW$USESV6$~STKCKD$USESV7$~SHL$OTIME$ROPI$EBA8$MICROLIB$REQ8$PRES8$EABIv2 0x00000000   Number         0  anon$$obj.o ABSOLUTE
    __ARM_use_no_argv                        0x00000000   Number         0  main.o ABSOLUTE
    __cpp_initialize__aeabi_                  - Undefined Weak Reference
    __cxa_finalize                            - Undefined Weak Reference
    __decompress                              - Undefined Weak Reference
    _clock_init                               - Undefined Weak Reference
    _microlib_exit                            - Undefined Weak Reference
    __Vectors_Size                           0x000000c0   Number         0  startup_mm32spin2xx_p_keil.o ABSOLUTE
    __Vectors                                0x08000000   Data           4  startup_mm32spin2xx_p_keil.o(RESET)
    __Vectors_End                            0x080000c0   Data           0  startup_mm32spin2xx_p_keil.o(RESET)
    __main                                   0x080000c1   Thumb Code     0  entry.o(.ARM.Collect$$$$00000000)
    _main_stk                                0x080000c1   Thumb Code     0  entry2.o(.ARM.Collect$$$$00000001)
    _main_scatterload                        0x080000c5   Thumb Code     0  entry5.o(.ARM.Collect$$$$00000004)
    __main_after_scatterload                 0x080000c9   Thumb Code     0  entry5.o(.ARM.Collect$$$$00000004)
    _main_clock                              0x080000c9   Thumb Code     0  entry7b.o(.ARM.Collect$$$$00000008)
    _main_cpp_init                           0x080000c9   Thumb Code     0  entry8b.o(.ARM.Collect$$$$0000000A)
    _main_init                               0x080000c9   Thumb Code     0  entry9a.o(.ARM.Collect$$$$0000000B)
    __rt_final_cpp                           0x080000d1   Thumb Code     0  entry10a.o(.ARM.Collect$$$$0000000D)
    __rt_final_exit                          0x080000d1   Thumb Code     0  entry11a.o(.ARM.Collect$$$$0000000F)
    Reset_Handler                            0x080000d5   Thumb Code    62  startup_mm32spin2xx_p_keil.o(.text)
    SysTick_Handler                          0x0800011b   Thumb Code     2  startup_mm32spin2xx_p_keil.o(.text)
    ADC1_IRQHandler                          0x0800011d   Thumb Code     0  startup_mm32spin2xx_p_keil.o(.text)
    ADC2_IRQHandler                          0x0800011d   Thumb Code     0  startup_mm32spin2xx_p_keil.o(.text)
    COMP1_2_3_4_5_IRQHandler                 0x0800011d   Thumb Code     0  startup_mm32spin2xx_p_keil.o(.text)
    FLASH_IRQHandler                         0x0800011d   Thumb Code     0  startup_mm32spin2xx_p_keil.o(.text)
    HWDIV_IRQHandler                         0x0800011d   Thumb Code     0  startup_mm32spin2xx_p_keil.o(.text)
    I2C1_IRQHandler                          0x0800011d   Thumb Code     0  startup_mm32spin2xx_p_keil.o(.text)
    PVD_IRQHandler                           0x0800011d   Thumb Code     0  startup_mm32spin2xx_p_keil.o(.text)
    PWM_IRQHandler                           0x0800011d   Thumb Code     0  startup_mm32spin2xx_p_keil.o(.text)
    RCC_IRQHandler                           0x0800011d   Thumb Code     0  startup_mm32spin2xx_p_keil.o(.text)
    SPI1_IRQHandler                          0x0800011d   Thumb Code     0  startup_mm32spin2xx_p_keil.o(.text)
    SPI2_IRQHandler                          0x0800011d   Thumb Code     0  startup_mm32spin2xx_p_keil.o(.text)
    TIM1_CC_IRQHandler                       0x0800011d   Thumb Code     0  startup_mm32spin2xx_p_keil.o(.text)
    TIM8_CC_IRQHandler                       0x0800011d   Thumb Code     0  startup_mm32spin2xx_p_keil.o(.text)
    WWDG_IRQHandler                          0x0800011d   Thumb Code     0  startup_mm32spin2xx_p_keil.o(.text)
    __aeabi_uidiv                            0x08000159   Thumb Code     0  uidiv.o(.text)
    __aeabi_uidivmod                         0x08000159   Thumb Code    44  uidiv.o(.text)
    __aeabi_idiv                             0x08000185   Thumb Code     0  idiv.o(.text)
    __aeabi_idivmod                          0x08000185   Thumb Code    40  idiv.o(.text)
    __aeabi_memcpy                           0x080001ad   Thumb Code    36  memcpya.o(.text)
    __aeabi_memcpy4                          0x080001ad   Thumb Code     0  memcpya.o(.text)
    __aeabi_memcpy8                          0x080001ad   Thumb Code     0  memcpya.o(.text)
    __aeabi_fmul                             0x080001d1   Thumb Code   122  fmul.o(.text)
    __aeabi_dadd                             0x0800024d   Thumb Code   328  dadd.o(.text)
    __aeabi_dsub                             0x08000395   Thumb Code    12  dadd.o(.text)
    __aeabi_drsub                            0x080003a1   Thumb Code    12  dadd.o(.text)
    __aeabi_dmul                             0x080003b1   Thumb Code   202  dmul.o(.text)
    __aeabi_ui2f                             0x08000481   Thumb Code    14  ffltui.o(.text)
    __aeabi_i2d                              0x08000491   Thumb Code    34  dflti.o(.text)
    __aeabi_d2iz                             0x080004b9   Thumb Code    62  dfixi.o(.text)
    __aeabi_f2d                              0x08000501   Thumb Code    40  f2d.o(.text)
    __aeabi_cdcmpeq                          0x08000529   Thumb Code     0  cdcmple.o(.text)
    __aeabi_cdcmple                          0x08000529   Thumb Code    38  cdcmple.o(.text)
    __aeabi_cdrcmple                         0x08000551   Thumb Code    38  cdrcmple.o(.text)
    __aeabi_llsl                             0x08000579   Thumb Code    32  llshl.o(.text)
    _ll_shift_l                              0x08000579   Thumb Code     0  llshl.o(.text)
    __aeabi_llsr                             0x08000599   Thumb Code    34  llushr.o(.text)
    _ll_ushift_r                             0x08000599   Thumb Code     0  llushr.o(.text)
    __aeabi_lasr                             0x080005bb   Thumb Code    38  llsshr.o(.text)
    _ll_sshift_r                             0x080005bb   Thumb Code     0  llsshr.o(.text)
    __I$use$fp                               0x080005e1   Thumb Code     0  iusefp.o(.text)
    _float_round                             0x080005e1   Thumb Code    16  fepilogue.o(.text)
    _float_epilogue                          0x080005f1   Thumb Code   114  fepilogue.o(.text)
    _double_round                            0x08000663   Thumb Code    26  depilogue.o(.text)
    _double_epilogue                         0x0800067d   Thumb Code   164  depilogue.o(.text)
    __scatterload                            0x08000721   Thumb Code    28  init.o(.text)
    __scatterload_rt2                        0x08000721   Thumb Code     0  init.o(.text)
    AutoCalPllFactor                         0x08000745   Thumb Code   106  system_mm32spin2xx_p.o(i.AutoCalPllFactor)
    DMA1_Channel1_IRQHandler                 0x080007af   Thumb Code    20  isr.o(i.DMA1_Channel1_IRQHandler)
    DMA1_Channel2_3_IRQHandler               0x080007c3   Thumb Code    38  isr.o(i.DMA1_Channel2_3_IRQHandler)
    DMA1_Channel4_5_IRQHandler               0x080007e9   Thumb Code    80  isr.o(i.DMA1_Channel4_5_IRQHandler)
    DMA_ClearFlag                            0x0800083d   Thumb Code     6  hal_dma.o(i.DMA_ClearFlag)
    DMA_GetFlagStatus                        0x08000849   Thumb Code    20  hal_dma.o(i.DMA_GetFlagStatus)
    EXTI0_1_IRQHandler                       0x08000861   Thumb Code    36  isr.o(i.EXTI0_1_IRQHandler)
    EXTI2_3_IRQHandler                       0x08000885   Thumb Code    36  isr.o(i.EXTI2_3_IRQHandler)
    EXTI4_15_IRQHandler                      0x080008a9   Thumb Code   268  isr.o(i.EXTI4_15_IRQHandler)
    EXTI_ClearFlag                           0x080009b9   Thumb Code     6  hal_exti.o(i.EXTI_ClearFlag)
    EXTI_GetITStatus                         0x080009c5   Thumb Code    30  hal_exti.o(i.EXTI_GetITStatus)
    HardFault_Handler                        0x080009e9   Thumb Code     4  common.o(i.HardFault_Handler)
    NMI_Handler                              0x080009ed   Thumb Code     4  common.o(i.NMI_Handler)
    NRF_Check                                0x080009f1   Thumb Code    26  si24r1.o(i.NRF_Check)
    NRF_Dev_Init                             0x08000a0d   Thumb Code   184  si24r1.o(i.NRF_Dev_Init)
    NRF_SPI_R_Reg_Byte                       0x08000ad5   Thumb Code    38  si24r1.o(i.NRF_SPI_R_Reg_Byte)
    NRF_SPI_WR_Byte                          0x08000afb   Thumb Code    20  si24r1.o(i.NRF_SPI_WR_Byte)
    NRF_SPI_W_Cmd_Byte                       0x08000b0f   Thumb Code    32  si24r1.o(i.NRF_SPI_W_Cmd_Byte)
    NRF_SPI_W_Reg_Burst                      0x08000b2f   Thumb Code    54  si24r1.o(i.NRF_SPI_W_Reg_Burst)
    NRF_SPI_W_Reg_Byte                       0x08000b65   Thumb Code    40  si24r1.o(i.NRF_SPI_W_Reg_Byte)
    NRF_Send_Packet                          0x08000b8d   Thumb Code   134  si24r1.o(i.NRF_Send_Packet)
    PendSV_Handler                           0x08000c19   Thumb Code     4  common.o(i.PendSV_Handler)
    SVC_Handler                              0x08000c1d   Thumb Code     4  common.o(i.SVC_Handler)
    SystemInit                               0x08000d8d   Thumb Code    90  system_mm32spin2xx_p.o(i.SystemInit)
    TIM14_IRQHandler                         0x08000df9   Thumb Code    14  isr.o(i.TIM14_IRQHandler)
    TIM16_IRQHandler                         0x08000e0d   Thumb Code    14  isr.o(i.TIM16_IRQHandler)
    TIM17_IRQHandler                         0x08000e21   Thumb Code    14  isr.o(i.TIM17_IRQHandler)
    TIM1_BRK_UP_TRG_COM_IRQHandler           0x08000e35   Thumb Code    14  isr.o(i.TIM1_BRK_UP_TRG_COM_IRQHandler)
    TIM2_IRQHandler                          0x08000e49   Thumb Code    18  isr.o(i.TIM2_IRQHandler)
    TIM3_IRQHandler                          0x08000e5d   Thumb Code    14  isr.o(i.TIM3_IRQHandler)
    TIM8_BRK_UP_TRG_COM_IRQHandler           0x08000e71   Thumb Code    14  isr.o(i.TIM8_BRK_UP_TRG_COM_IRQHandler)
    UART1_IRQHandler                         0x08000e85   Thumb Code    48  isr.o(i.UART1_IRQHandler)
    UART2_IRQHandler                         0x08000eb9   Thumb Code    82  isr.o(i.UART2_IRQHandler)
    __ARM_clz                                0x08000f15   Thumb Code    46  depilogue.o(i.__ARM_clz)
    __scatterload_copy                       0x08000f43   Thumb Code    14  handlers.o(i.__scatterload_copy)
    __scatterload_null                       0x08000f51   Thumb Code     2  handlers.o(i.__scatterload_null)
    __scatterload_zeroinit                   0x08000f53   Thumb Code    14  handlers.o(i.__scatterload_zeroinit)
    adc_convert                              0x08000f61   Thumb Code   100  zf_adc.o(i.adc_convert)
    adc_init                                 0x08000fcd   Thumb Code   176  zf_adc.o(i.adc_init)
    afio_init                                0x080010a5   Thumb Code   206  zf_gpio.o(i.afio_init)
    board_init                               0x0800117d   Thumb Code    26  board.o(i.board_init)
    gpio_init                                0x08001199   Thumb Code   190  zf_gpio.o(i.gpio_init)
    gpio_set                                 0x08001261   Thumb Code    86  zf_gpio.o(i.gpio_set)
    main                                     0x080012bd   Thumb Code   244  main.o(i.main)
    mt9v03x_dma                              0x080013dd   Thumb Code    20  seekfree_mt9v03x.o(i.mt9v03x_dma)
    mt9v03x_uart_callback                    0x080013fd   Thumb Code    66  seekfree_mt9v03x.o(i.mt9v03x_uart_callback)
    mt9v03x_vsync                            0x08001451   Thumb Code    20  seekfree_mt9v03x.o(i.mt9v03x_vsync)
    number_conversion_ascii                  0x0800146d   Thumb Code   148  seekfree_printf.o(i.number_conversion_ascii)
    oled_fill                                0x08001501   Thumb Code    58  seekfree_oled.o(i.oled_fill)
    oled_init                                0x08001571   Thumb Code   306  seekfree_oled.o(i.oled_init)
    oled_int16                               0x080016a9   Thumb Code    64  seekfree_oled.o(i.oled_int16)
    oled_p6x8str                             0x080016f1   Thumb Code    94  seekfree_oled.o(i.oled_p6x8str)
    oled_printf_float                        0x08001755   Thumb Code   188  seekfree_oled.o(i.oled_printf_float)
    oled_set_pos                             0x08001815   Thumb Code    40  seekfree_oled.o(i.oled_set_pos)
    ov7725_cof_uart_interrupt                0x08001995   Thumb Code    66  seekfree_uart_7725.o(i.ov7725_cof_uart_interrupt)
    ov7725_dma                               0x080019e9   Thumb Code    20  seekfree_7725.o(i.ov7725_dma)
    ov7725_uart_dma                          0x08001a09   Thumb Code    20  seekfree_uart_7725.o(i.ov7725_uart_dma)
    ov7725_uart_vsync                        0x08001a29   Thumb Code    22  seekfree_uart_7725.o(i.ov7725_uart_vsync)
    ov7725_vsync                             0x08001a45   Thumb Code    22  seekfree_7725.o(i.ov7725_vsync)
    printf_reverse_order                     0x08001a61   Thumb Code    34  seekfree_printf.o(i.printf_reverse_order)
    spi_init                                 0x08001a85   Thumb Code   390  zf_spi.o(i.spi_init)
    spi_mosi                                 0x08001c19   Thumb Code    78  zf_spi.o(i.spi_mosi)
    system_init                              0x08001cd1   Thumb Code    62  system.o(i.system_init)
    systick_delay                            0x08001d21   Thumb Code    36  zf_systick.o(i.systick_delay)
    systick_delay_ms                         0x08001d49   Thumb Code    34  zf_systick.o(i.systick_delay_ms)
    uart_init                                0x08001d71   Thumb Code   180  zf_uart.o(i.uart_init)
    zf_sprintf                               0x08001e61   Thumb Code   704  seekfree_printf.o(i.zf_sprintf)
    tft_ascii                                0x08002124   Data        1520  seekfree_font.o(.constdata)
    gImage_qq                                0x08002714   Data        3200  seekfree_font.o(.constdata)
    chinese_test                             0x08003394   Data         128  seekfree_font.o(.constdata)
    oled_6x8                                 0x08003414   Data         552  seekfree_font.o(.constdata)
    oled_8x16                                0x0800363c   Data        1520  seekfree_font.o(.constdata)
    oled_16x16_chinese                       0x08003c2c   Data         128  seekfree_font.o(.constdata)
    Region$$Table$$Base                      0x08003cac   Number         0  anon$$obj.o(Region$$Table)
    Region$$Table$$Limit                     0x08003ccc   Number         0  anon$$obj.o(Region$$Table)
    NRF_RF_Addr                              0x20000000   Data           5  si24r1.o(.data)
    Rocker_LX                                0x20000008   Data           2  system.o(.data)
    Rocker_LY                                0x2000000a   Data           2  system.o(.data)
    Rocker_RX                                0x2000000c   Data           2  system.o(.data)
    Rocker_RY                                0x2000000e   Data           2  system.o(.data)
    Battery_Power                            0x20000010   Data           4  system.o(.data)
    camera_type                              0x20000014   Data           1  common.o(.data)
    camera_buffer_addr                       0x20000018   Data           4  common.o(.data)
    SystemCoreClock                          0x2000001c   Data           4  system_mm32spin2xx_p.o(.data)
    AHBPrescTable                            0x20000020   Data          16  system_mm32spin2xx_p.o(.data)
    adc_index                                0x20000030   Data           8  zf_adc.o(.data)
    adc_resolution                           0x20000038   Data           2  zf_adc.o(.data)
    gpio_group                               0x2000003c   Data          16  zf_gpio.o(.data)
    spi_index                                0x2000004c   Data           8  zf_spi.o(.data)
    uart_index                               0x20000054   Data           8  zf_uart.o(.data)
    uart_irq                                 0x2000005c   Data           2  zf_uart.o(.data)
    ov7725_finish_flag                       0x2000005e   Data           1  seekfree_7725.o(.data)
    mt9v03x_finish_flag                      0x20000062   Data           1  seekfree_mt9v03x.o(.data)
    MT9V03X_CFG                              0x20000068   Data          36  seekfree_mt9v03x.o(.data)
    GET_CFG                                  0x2000008c   Data          32  seekfree_mt9v03x.o(.data)
    ov7725_uart_finish_flag                  0x200000ac   Data           1  seekfree_uart_7725.o(.data)
    OV7725_CFG                               0x200000ae   Data          24  seekfree_uart_7725.o(.data)
    OV7725_GET_CFG                           0x200000c6   Data          20  seekfree_uart_7725.o(.data)
    NRF_RX_Buff                              0x200000e0   Data          31  si24r1.o(.bss)
    NRF_TX_Buff                              0x200000ff   Data          31  si24r1.o(.bss)
    __initial_sp                             0x20000520   Data           0  startup_mm32spin2xx_p_keil.o(STACK)



==============================================================================

Memory Map of the image

  Image Entry point : 0x080000c1

  Load Region LR_IROM1 (Base: 0x08000000, Size: 0x00003dac, Max: 0x00020000, ABSOLUTE)

    Execution Region ER_IROM1 (Base: 0x08000000, Size: 0x00003ccc, Max: 0x00020000, ABSOLUTE)

    Base Addr    Size         Type   Attr      Idx    E Section Name        Object

    0x08000000   0x000000c0   Data   RO          785    RESET               startup_mm32spin2xx_p_keil.o
    0x080000c0   0x00000000   Code   RO         5201  * .ARM.Collect$$$$00000000  mc_p.l(entry.o)
    0x080000c0   0x00000004   Code   RO         5236    .ARM.Collect$$$$00000001  mc_p.l(entry2.o)
    0x080000c4   0x00000004   Code   RO         5239    .ARM.Collect$$$$00000004  mc_p.l(entry5.o)
    0x080000c8   0x00000000   Code   RO         5241    .ARM.Collect$$$$00000008  mc_p.l(entry7b.o)
    0x080000c8   0x00000000   Code   RO         5243    .ARM.Collect$$$$0000000A  mc_p.l(entry8b.o)
    0x080000c8   0x00000008   Code   RO         5244    .ARM.Collect$$$$0000000B  mc_p.l(entry9a.o)
    0x080000d0   0x00000000   Code   RO         5246    .ARM.Collect$$$$0000000D  mc_p.l(entry10a.o)
    0x080000d0   0x00000000   Code   RO         5248    .ARM.Collect$$$$0000000F  mc_p.l(entry11a.o)
    0x080000d0   0x00000004   Code   RO         5237    .ARM.Collect$$$$00002712  mc_p.l(entry2.o)
    0x080000d4   0x00000084   Code   RO          786    .text               startup_mm32spin2xx_p_keil.o
    0x08000158   0x0000002c   Code   RO         5204    .text               mc_p.l(uidiv.o)
    0x08000184   0x00000028   Code   RO         5206    .text               mc_p.l(idiv.o)
    0x080001ac   0x00000024   Code   RO         5210    .text               mc_p.l(memcpya.o)
    0x080001d0   0x0000007a   Code   RO         5214    .text               mf_p.l(fmul.o)
    0x0800024a   0x00000002   PAD
    0x0800024c   0x00000164   Code   RO         5218    .text               mf_p.l(dadd.o)
    0x080003b0   0x000000d0   Code   RO         5220    .text               mf_p.l(dmul.o)
    0x08000480   0x0000000e   Code   RO         5222    .text               mf_p.l(ffltui.o)
    0x0800048e   0x00000002   PAD
    0x08000490   0x00000028   Code   RO         5224    .text               mf_p.l(dflti.o)
    0x080004b8   0x00000048   Code   RO         5228    .text               mf_p.l(dfixi.o)
    0x08000500   0x00000028   Code   RO         5230    .text               mf_p.l(f2d.o)
    0x08000528   0x00000028   Code   RO         5232    .text               mf_p.l(cdcmple.o)
    0x08000550   0x00000028   Code   RO         5234    .text               mf_p.l(cdrcmple.o)
    0x08000578   0x00000020   Code   RO         5250    .text               mc_p.l(llshl.o)
    0x08000598   0x00000022   Code   RO         5252    .text               mc_p.l(llushr.o)
    0x080005ba   0x00000026   Code   RO         5254    .text               mc_p.l(llsshr.o)
    0x080005e0   0x00000000   Code   RO         5256    .text               mc_p.l(iusefp.o)
    0x080005e0   0x00000082   Code   RO         5257    .text               mf_p.l(fepilogue.o)
    0x08000662   0x000000be   Code   RO         5259    .text               mf_p.l(depilogue.o)
    0x08000720   0x00000024   Code   RO         5263    .text               mc_p.l(init.o)
    0x08000744   0x0000006a   Code   RO          746    i.AutoCalPllFactor  system_mm32spin2xx_p.o
    0x080007ae   0x00000014   Code   RO            3    i.DMA1_Channel1_IRQHandler  isr.o
    0x080007c2   0x00000026   Code   RO            4    i.DMA1_Channel2_3_IRQHandler  isr.o
    0x080007e8   0x00000054   Code   RO            5    i.DMA1_Channel4_5_IRQHandler  isr.o
    0x0800083c   0x0000000c   Code   RO         2897    i.DMA_ClearFlag     hal_dma.o
    0x08000848   0x00000018   Code   RO         2902    i.DMA_GetFlagStatus  hal_dma.o
    0x08000860   0x00000024   Code   RO            6    i.EXTI0_1_IRQHandler  isr.o
    0x08000884   0x00000024   Code   RO            7    i.EXTI2_3_IRQHandler  isr.o
    0x080008a8   0x00000110   Code   RO            8    i.EXTI4_15_IRQHandler  isr.o
    0x080009b8   0x0000000c   Code   RO         2998    i.EXTI_ClearFlag    hal_exti.o
    0x080009c4   0x00000024   Code   RO         3003    i.EXTI_GetITStatus  hal_exti.o
    0x080009e8   0x00000004   Code   RO          578    i.HardFault_Handler  common.o
    0x080009ec   0x00000004   Code   RO          580    i.NMI_Handler       common.o
    0x080009f0   0x0000001a   Code   RO          389    i.NRF_Check         si24r1.o
    0x08000a0a   0x00000002   PAD
    0x08000a0c   0x000000c8   Code   RO          390    i.NRF_Dev_Init      si24r1.o
    0x08000ad4   0x00000026   Code   RO          393    i.NRF_SPI_R_Reg_Byte  si24r1.o
    0x08000afa   0x00000014   Code   RO          394    i.NRF_SPI_WR_Byte   si24r1.o
    0x08000b0e   0x00000020   Code   RO          395    i.NRF_SPI_W_Cmd_Byte  si24r1.o
    0x08000b2e   0x00000036   Code   RO          396    i.NRF_SPI_W_Reg_Burst  si24r1.o
    0x08000b64   0x00000028   Code   RO          397    i.NRF_SPI_W_Reg_Byte  si24r1.o
    0x08000b8c   0x0000008c   Code   RO          398    i.NRF_Send_Packet   si24r1.o
    0x08000c18   0x00000004   Code   RO          581    i.PendSV_Handler    common.o
    0x08000c1c   0x00000004   Code   RO          582    i.SVC_Handler       common.o
    0x08000c20   0x00000008   Code   RO          747    i.SetSysClock       system_mm32spin2xx_p.o
    0x08000c28   0x00000164   Code   RO          748    i.SetSysClockToXX   system_mm32spin2xx_p.o
    0x08000d8c   0x0000006c   Code   RO          749    i.SystemInit        system_mm32spin2xx_p.o
    0x08000df8   0x00000014   Code   RO            9    i.TIM14_IRQHandler  isr.o
    0x08000e0c   0x00000014   Code   RO           10    i.TIM16_IRQHandler  isr.o
    0x08000e20   0x00000014   Code   RO           11    i.TIM17_IRQHandler  isr.o
    0x08000e34   0x00000014   Code   RO           12    i.TIM1_BRK_UP_TRG_COM_IRQHandler  isr.o
    0x08000e48   0x00000012   Code   RO           13    i.TIM2_IRQHandler   isr.o
    0x08000e5a   0x00000002   PAD
    0x08000e5c   0x00000014   Code   RO           14    i.TIM3_IRQHandler   isr.o
    0x08000e70   0x00000014   Code   RO           15    i.TIM8_BRK_UP_TRG_COM_IRQHandler  isr.o
    0x08000e84   0x00000034   Code   RO           16    i.UART1_IRQHandler  isr.o
    0x08000eb8   0x0000005c   Code   RO           17    i.UART2_IRQHandler  isr.o
    0x08000f14   0x0000002e   Code   RO         5261    i.__ARM_clz         mf_p.l(depilogue.o)
    0x08000f42   0x0000000e   Code   RO         5267    i.__scatterload_copy  mc_p.l(handlers.o)
    0x08000f50   0x00000002   Code   RO         5268    i.__scatterload_null  mc_p.l(handlers.o)
    0x08000f52   0x0000000e   Code   RO         5269    i.__scatterload_zeroinit  mc_p.l(handlers.o)
    0x08000f60   0x0000006c   Code   RO          792    i.adc_convert       zf_adc.o
    0x08000fcc   0x000000bc   Code   RO          793    i.adc_init          zf_adc.o
    0x08001088   0x0000001a   Code   RO          795    i.adc_pin_init      zf_adc.o
    0x080010a2   0x00000002   PAD
    0x080010a4   0x000000d8   Code   RO          950    i.afio_init         zf_gpio.o
    0x0800117c   0x0000001a   Code   RO          553    i.board_init        board.o
    0x08001196   0x00000002   PAD
    0x08001198   0x000000c8   Code   RO          953    i.gpio_init         zf_gpio.o
    0x08001260   0x0000005c   Code   RO          954    i.gpio_set          zf_gpio.o
    0x080012bc   0x00000120   Code   RO          369    i.main              main.o
    0x080013dc   0x00000020   Code   RO         2073    i.mt9v03x_dma       seekfree_mt9v03x.o
    0x080013fc   0x00000054   Code   RO         2078    i.mt9v03x_uart_callback  seekfree_mt9v03x.o
    0x08001450   0x0000001c   Code   RO         2079    i.mt9v03x_vsync     seekfree_mt9v03x.o
    0x0800146c   0x00000094   Code   RO          663    i.number_conversion_ascii  seekfree_printf.o
    0x08001500   0x0000003a   Code   RO         2172    i.oled_fill         seekfree_oled.o
    0x0800153a   0x00000034   Code   RO         2173    i.oled_hexascii     seekfree_oled.o
    0x0800156e   0x00000002   PAD
    0x08001570   0x00000138   Code   RO         2174    i.oled_init         seekfree_oled.o
    0x080016a8   0x00000048   Code   RO         2175    i.oled_int16        seekfree_oled.o
    0x080016f0   0x00000064   Code   RO         2176    i.oled_p6x8str      seekfree_oled.o
    0x08001754   0x000000c0   Code   RO         2179    i.oled_printf_float  seekfree_oled.o
    0x08001814   0x00000028   Code   RO         2182    i.oled_set_pos      seekfree_oled.o
    0x0800183c   0x000000ac   Code   RO         2184    i.oled_wrcmd        seekfree_oled.o
    0x080018e8   0x000000ac   Code   RO         2185    i.oled_wrdat        seekfree_oled.o
    0x08001994   0x00000054   Code   RO         2317    i.ov7725_cof_uart_interrupt  seekfree_uart_7725.o
    0x080019e8   0x00000020   Code   RO         1477    i.ov7725_dma        seekfree_7725.o
    0x08001a08   0x00000020   Code   RO         2321    i.ov7725_uart_dma   seekfree_uart_7725.o
    0x08001a28   0x0000001c   Code   RO         2327    i.ov7725_uart_vsync  seekfree_uart_7725.o
    0x08001a44   0x0000001c   Code   RO         1490    i.ov7725_vsync      seekfree_7725.o
    0x08001a60   0x00000022   Code   RO          664    i.printf_reverse_order  seekfree_printf.o
    0x08001a82   0x00000002   PAD
    0x08001a84   0x00000194   Code   RO         1093    i.spi_init          zf_spi.o
    0x08001c18   0x00000054   Code   RO         1094    i.spi_mosi          zf_spi.o
    0x08001c6c   0x00000064   Code   RO         1095    i.spi_pin_init      zf_spi.o
    0x08001cd0   0x00000050   Code   RO          522    i.system_init       system.o
    0x08001d20   0x00000028   Code   RO         1131    i.systick_delay     zf_systick.o
    0x08001d48   0x00000028   Code   RO         1132    i.systick_delay_ms  zf_systick.o
    0x08001d70   0x000000c4   Code   RO         1250    i.uart_init         zf_uart.o
    0x08001e34   0x0000002c   Code   RO         1251    i.uart_pin_init     zf_uart.o
    0x08001e60   0x000002c4   Code   RO          665    i.zf_sprintf        seekfree_printf.o
    0x08002124   0x00001b88   Data   RO         1632    .constdata          seekfree_font.o
    0x08003cac   0x00000020   Data   RO         5265    Region$$Table       anon$$obj.o


    Execution Region RW_IRAM1 (Base: 0x20000000, Size: 0x00000520, Max: 0x00003000, ABSOLUTE)

    Base Addr    Size         Type   Attr      Idx    E Section Name        Object

    0x20000000   0x00000005   Data   RW          400    .data               si24r1.o
    0x20000005   0x00000003   PAD
    0x20000008   0x0000000c   Data   RW          523    .data               system.o
    0x20000014   0x00000008   Data   RW          587    .data               common.o
    0x2000001c   0x00000014   Data   RW          750    .data               system_mm32spin2xx_p.o
    0x20000030   0x0000000a   Data   RW          796    .data               zf_adc.o
    0x2000003a   0x00000002   PAD
    0x2000003c   0x00000010   Data   RW          956    .data               zf_gpio.o
    0x2000004c   0x00000008   Data   RW         1096    .data               zf_spi.o
    0x20000054   0x0000000a   Data   RW         1258    .data               zf_uart.o
    0x2000005e   0x00000004   Data   RW         1492    .data               seekfree_7725.o
    0x20000062   0x0000004a   Data   RW         2085    .data               seekfree_mt9v03x.o
    0x200000ac   0x00000033   Data   RW         2330    .data               seekfree_uart_7725.o
    0x200000df   0x00000001   PAD
    0x200000e0   0x0000003e   Zero   RW          399    .bss                si24r1.o
    0x2000011e   0x00000002   PAD
    0x20000120   0x00000400   Zero   RW          783    STACK               startup_mm32spin2xx_p_keil.o


==============================================================================

Image component sizes


      Code (inc. data)   RO Data    RW Data    ZI Data      Debug   Object Name

        26          0          0          0          0        581   board.o
        16          0          0          8          0       4420   common.o
        36         10          0          0          0       1172   hal_dma.o
        48         12          0          0          0       1184   hal_exti.o
       768         58          0          0          0      60423   isr.o
       288         44          0          0          0        571   main.o
        60         18          0          4          0       1946   seekfree_7725.o
         0          0       7048          0          0        993   seekfree_font.o
       144         38          0         74          0       2666   seekfree_mt9v03x.o
      1170         32          0          0          0       7207   seekfree_oled.o
       890          4          0          0          0      13471   seekfree_printf.o
       144         36          0         51          0       2784   seekfree_uart_7725.o
       550         22          0          5         62       6935   si24r1.o
       132         58        192          0       1024        772   startup_mm32spin2xx_p_keil.o
        80         18          0         12          0        878   system.o
       578         44          0         20          0       3796   system_mm32spin2xx_p.o
       322         20          0         10          0       3560   zf_adc.o
       508         26          0         16          0       3980   zf_gpio.o
       588         24          0          8          0       4606   zf_spi.o
        80         10          0          0          0       1119   zf_systick.o
       240         16          0         10          0       2986   zf_uart.o

    ----------------------------------------------------------------------
      6680        490       7272        224       1088     126050   Object Totals
         0          0         32          0          0          0   (incl. Generated)
        12          0          0          6          2          0   (incl. Padding)

    ----------------------------------------------------------------------

      Code (inc. data)   RO Data    RW Data    ZI Data      Debug   Library Member Name

         0          0          0          0          0          0   entry.o
         0          0          0          0          0          0   entry10a.o
         0          0          0          0          0          0   entry11a.o
         8          4          0          0          0          0   entry2.o
         4          0          0          0          0          0   entry5.o
         0          0          0          0          0          0   entry7b.o
         0          0          0          0          0          0   entry8b.o
         8          4          0          0          0          0   entry9a.o
        30          0          0          0          0          0   handlers.o
        40          0          0          0          0         72   idiv.o
        36          8          0          0          0         68   init.o
         0          0          0          0          0          0   iusefp.o
        32          0          0          0          0         68   llshl.o
        38          0          0          0          0         68   llsshr.o
        34          0          0          0          0         68   llushr.o
        36          0          0          0          0         60   memcpya.o
        44          0          0          0          0         72   uidiv.o
        40          2          0          0          0         68   cdcmple.o
        40          2          0          0          0         68   cdrcmple.o
       356          4          0          0          0        140   dadd.o
       236          0          0          0          0        216   depilogue.o
        72         10          0          0          0         72   dfixi.o
        40          6          0          0          0         68   dflti.o
       208          6          0          0          0         88   dmul.o
        40          0          0          0          0         60   f2d.o
       130          0          0          0          0        144   fepilogue.o
        14          0          0          0          0         68   ffltui.o
       122          0          0          0          0         72   fmul.o

    ----------------------------------------------------------------------
      1612         46          0          0          0       1540   Library Totals
         4          0          0          0          0          0   (incl. Padding)

    ----------------------------------------------------------------------

      Code (inc. data)   RO Data    RW Data    ZI Data      Debug   Library Name

       310         16          0          0          0        476   mc_p.l
      1298         30          0          0          0       1064   mf_p.l

    ----------------------------------------------------------------------
      1612         46          0          0          0       1540   Library Totals

    ----------------------------------------------------------------------

==============================================================================


      Code (inc. data)   RO Data    RW Data    ZI Data      Debug   

      8292        536       7272        224       1088     123986   Grand Totals
      8292        536       7272        224       1088     123986   ELF Image Totals
      8292        536       7272        224          0          0   ROM Totals

==============================================================================

    Total RO  Size (Code + RO Data)                15564 (  15.20kB)
    Total RW  Size (RW Data + ZI Data)              1312 (   1.28kB)
    Total ROM Size (Code + RO Data + RW Data)      15788 (  15.42kB)

==============================================================================

